nohup: ignoring input
[2026-10-07T21:19:52] [INFO] Loading google/gemma-4-E2B-it (thinking=False)...
Warning: You are sending unauthenticated requests to the HF Hub. Please set a HF_TOKEN to enable higher rate limits and faster downloads.
Loading weights:   0%|          | 0/1951 [00:00<?, ?it/s]Loading weights:  10%|█         | 204/1951 [00:00<00:00, 2022.17it/s]Loading weights:  21%|██        | 407/1951 [00:00<00:00, 1972.12it/s]Loading weights:  35%|███▌      | 689/1951 [00:00<00:00, 2343.78it/s]Loading weights:  47%|████▋     | 924/1951 [00:01<00:01, 561.46it/s] Loading weights:  55%|█████▌    | 1077/1951 [00:01<00:01, 547.76it/s]Loading weights:  61%|██████    | 1193/1951 [00:01<00:01, 514.32it/s]Loading weights:  66%|██████▌   | 1284/1951 [00:02<00:01, 473.07it/s]Loading weights:  73%|███████▎  | 1424/1951 [00:02<00:00, 591.29it/s]Loading weights:  82%|████████▏ | 1592/1951 [00:02<00:00, 759.75it/s]Loading weights:  89%|████████▉ | 1735/1951 [00:02<00:00, 880.36it/s]Loading weights:  98%|█████████▊| 1903/1951 [00:02<00:00, 1044.92it/s]Loading weights: 100%|██████████| 1951/1951 [00:02<00:00, 785.53it/s] 
[load_model] requested attn_implementation='sdpa', model reports 'sdpa'
[2026-10-07T21:20:10] [INFO] Model loaded.
[2026-10-07T21:20:10] [INFO] Skipping 0 already-done file(s)
[2026-10-07T21:20:10] [INFO] [1/385] rec_audio_call_392603926_audio_1785858184285.mp3
[2026-10-07T21:20:44] [INFO] [2/385] rec_audio_call_392607690_audio_1785858500937.mp3
[2026-10-07T21:21:54] [INFO] [3/385] rec_audio_call_392643395_audio_1785861202288.mp3
[2026-10-07T21:27:09] [INFO] [4/385] rec_audio_call_425736604_audio_1788905083156.mp3
[2026-10-07T21:27:30] [INFO] [5/385] rec_audio_call_425748748_audio_1788908276475.mp3
[2026-10-07T21:28:42] [INFO] [6/385] rec_audio_call_425749256_audio_1788908432017.mp3
[2026-10-07T21:29:13] [INFO] [7/385] rec_default_426610557_audio_1788986010552.mp3
[2026-10-07T21:29:38] [INFO] [8/385] rec_audio_call_425655492_audio_1788895962923.mp3
[2026-10-07T21:31:47] [INFO] [9/385] rec_audio_call_425656293_audio_1788896013602.mp3
[2026-10-07T21:32:42] [INFO] [10/385] rec_audio_call_425679391_audio_1788897730000.mp3
[2026-10-07T21:33:46] [INFO] [11/385] rec_audio_call_425691838_audio_1788898819143.mp3
[2026-10-07T21:35:01] [INFO] [12/385] rec_default_426593829_audio_1788984553610.mp3
[2026-10-07T21:38:57] [INFO] [13/385] rec_audio_call_419965552_audio_1788369990564.mp3
[2026-10-07T21:39:40] [INFO] [14/385] rec_audio_call_421071310_audio_1788465787061.mp3
[2026-10-07T21:46:39] [INFO] [15/385] rec_audio_call_421768524_audio_1788539479106.mp3
[2026-10-07T21:46:48] [INFO] [16/385] rec_audio_call_421835569_audio_1788543699379.mp3
[2026-10-07T21:47:27] [INFO] [17/385] rec_audio_call_421997101_audio_1788553909604.mp3
[2026-10-07T21:51:01] [INFO] [18/385] rec_audio_call_423610988_audio_1788712982461.mp3
[2026-10-07T21:51:59] [INFO] [19/385] rec_audio_call_425656431_audio_1788896027178.mp3
[2026-10-07T21:53:15] [INFO] [20/385] rec_default_420147298_audio_1788380486702.mp3
[2026-10-07T22:00:22] [INFO] [21/385] rec_default_420599099_audio_1788430532077.mp3
[2026-10-07T22:04:08] [INFO] [22/385] rec_default_421888258_audio_1788546625741.mp3
[2026-10-07T22:04:16] [INFO] [23/385] rec_default_423958539_audio_1788751477018.mp3
[2026-10-07T22:06:19] [INFO] [24/385] rec_audio_call_421981200_audio_1788552638354.mp3
[2026-10-07T22:07:10] [WARN] model returned unexpected JSON top-level type str, treating as no flags
[2026-10-07T22:07:10] [INFO] [25/385] rec_audio_call_422812035_audio_1788633064712.mp3
[2026-10-07T22:08:10] [INFO] [26/385] rec_audio_call_423872491_audio_1788731676125.mp3
[2026-10-07T22:09:01] [INFO] [27/385] rec_audio_call_424735559_audio_1788811052808.mp3
[2026-10-07T22:09:51] [WARN] chunk classification JSON parse failed: Expecting ',' delimiter: line 1 column 367 (char 366)
[2026-10-07T22:09:51] [INFO] [28/385] rec_audio_call_425051281_audio_1788851621695.mp3
[2026-10-07T22:17:00] [INFO] [29/385] rec_default_422797054_audio_1788632206019.mp3
[2026-10-07T22:19:08] [INFO] [30/385] rec_audio_call_421865395_audio_1788545383247.mp3
[2026-10-07T22:20:14] [INFO] [31/385] rec_audio_call_425933838_audio_1788934868635.mp3
[2026-10-07T22:23:10] [INFO] [32/385] rec_audio_call_426596251_audio_1788984756063.mp3
[2026-10-07T22:24:04] [INFO] [33/385] rec_audio_call_426599617_audio_1788985040466.mp3
[2026-10-07T22:26:12] [INFO] [34/385] rec_default_423978016_audio_1788753648923.mp3
[2026-10-07T22:27:10] [INFO] [35/385] rec_default_425396309_audio_1788879180076.mp3
[2026-10-07T22:28:25] [INFO] [36/385] rec_default_425778316_audio_1788916552817.mp3
[2026-10-07T22:29:40] [INFO] [37/385] rec_audio_call_424867062_audio_1788834834877.mp3
[2026-10-07T22:31:21] [INFO] [38/385] rec_audio_call_425730841_audio_1788903925979.mp3
[2026-10-07T22:32:08] [INFO] [39/385] rec_audio_call_425744236_audio_1788906883727.mp3
[2026-10-07T22:36:18] [INFO] [40/385] rec_audio_call_426409268_audio_1788973959169.mp3
[2026-10-07T22:37:19] [INFO] [41/385] rec_default_424880310_audio_1788836667926.mp3
[2026-10-07T22:42:43] [INFO] [42/385] rec_default_425134890_audio_1788857770816.mp3
[2026-10-07T22:48:12] [INFO] [43/385] rec_default_425141339_audio_1788858189163.mp3
[2026-10-07T22:52:34] [INFO] [44/385] rec_audio_call_424610503_audio_1788803501320.mp3
[2026-10-07T22:53:53] [INFO] [45/385] rec_audio_call_424798751_audio_1788818609448.mp3
[2026-10-07T22:54:54] [INFO] [46/385] rec_audio_call_425147890_audio_1788858642964.mp3
[2026-10-07T22:56:55] [INFO] [47/385] rec_audio_call_425713085_audio_1788901236624.mp3
[2026-10-07T22:57:34] [INFO] [48/385] rec_audio_call_419508797_audio_1788334367395.mp3
[2026-10-07T22:57:36] [INFO] [49/385] rec_audio_call_421677953_audio_1788530753328.mp3
[2026-10-07T22:58:14] [INFO] [50/385] rec_audio_call_423351802_audio_1788689747483.mp3
[2026-10-07T22:58:33] [INFO] [51/385] rec_audio_call_423591955_audio_1788711572217.mp3
[2026-10-07T22:59:26] [INFO] [52/385] rec_audio_call_423629370_audio_1788714233340.mp3
[2026-10-07T23:08:05] [WARN] chunk classification JSON parse failed: Expecting ',' delimiter: line 17 column 59 (char 751)
[2026-10-07T23:14:19] [INFO] [53/385] rec_audio_call_426565546_audio_1788982388939.mp3
[2026-10-07T23:14:20] [INFO] [54/385] rec_default_419887388_audio_1788364981482.mp3
[2026-10-07T23:18:18] [INFO] [55/385] rec_default_421661435_audio_1788529081993.mp3
[2026-10-07T23:18:29] [INFO] [56/385] rec_default_421956667_audio_1788550846403.mp3
[2026-10-07T23:19:50] [INFO] [57/385] rec_default_423887482_audio_1788735128862.mp3
[2026-10-07T23:22:14] [WARN] chunk classification JSON parse failed: Expecting value: line 1 column 1 (char 0)
[2026-10-07T23:22:14] [INFO] [58/385] rec_default_424793843_audio_1788817690775.mp3
[2026-10-07T23:24:09] [INFO] [59/385] rec_default_425627452_audio_1788894258639.mp3
[2026-10-07T23:24:29] [INFO] [60/385] rec_audio_call_426099993_audio_1788947488901.mp3
[2026-10-07T23:28:55] [INFO] [61/385] rec_audio_call_426101059_audio_1788947560284.mp3
[2026-10-07T23:33:58] [INFO] [62/385] rec_audio_call_426107984_audio_1788948053829.mp3
[2026-10-07T23:34:01] [INFO] [63/385] rec_audio_call_426107995_audio_1788948050780.mp3
[2026-10-07T23:34:08] [INFO] [64/385] rec_audio_call_426108129_audio_1788948057694.mp3
[2026-10-07T23:34:42] [INFO] [65/385] rec_audio_call_426119888_audio_1788948897495.mp3
[2026-10-07T23:34:44] [INFO] [66/385] rec_audio_call_426127774_audio_1788949477698.mp3
[2026-10-07T23:37:47] [INFO] [67/385] rec_audio_call_426194933_audio_1788954682604.mp3
[2026-10-07T23:42:32] [INFO] [68/385] rec_audio_call_426195125_audio_1788954700286.mp3
[2026-10-07T23:45:33] [INFO] [69/385] rec_audio_call_426201717_audio_1788955277234.mp3
[2026-10-07T23:45:56] [INFO] [70/385] rec_audio_call_426201848_audio_1788955284435.mp3
[2026-10-07T23:47:13] [INFO] [71/385] rec_audio_call_426202468_audio_1788955343920.mp3
[2026-10-07T23:47:44] [INFO] [72/385] rec_audio_call_426202822_audio_1788955375114.mp3
[2026-10-07T23:49:54] [INFO] [73/385] rec_audio_call_426202958_audio_1788955393853.mp3
[2026-10-07T23:51:01] [INFO] [74/385] rec_audio_call_426203219_audio_1788955405537.mp3
[2026-10-07T23:51:04] [INFO] [75/385] rec_audio_call_426203802_audio_1788955464104.mp3
[2026-10-07T23:54:59] [INFO] [76/385] rec_audio_call_426204124_audio_1788955491095.mp3
[2026-10-07T23:57:18] [INFO] [77/385] rec_audio_call_426204404_audio_1788955515816.mp3
[2026-10-07T23:57:53] [INFO] [78/385] rec_audio_call_426204463_audio_1788955521517.mp3
[2026-10-08T00:01:10] [INFO] [79/385] rec_audio_call_426847860_audio_1789020585952.mp3
[2026-10-08T00:01:50] [INFO] [80/385] rec_audio_call_426848290_audio_1789020619592.mp3
[2026-10-08T00:01:54] [INFO] [81/385] rec_audio_call_426848321_audio_1789020622237.mp3
[2026-10-08T00:03:48] [INFO] [82/385] rec_audio_call_426848355_audio_1789020625114.mp3
[2026-10-08T00:04:25] [INFO] [83/385] rec_audio_call_426848440_audio_1789020630279.mp3
[2026-10-08T00:05:13] [INFO] [84/385] rec_audio_call_426848640_audio_1789020645122.mp3
[2026-10-08T00:05:31] [INFO] [85/385] rec_audio_call_426848943_audio_1789020668404.mp3
[2026-10-08T00:05:57] [INFO] [86/385] rec_audio_call_426849624_audio_1789020718433.mp3
[2026-10-08T00:06:18] [INFO] [87/385] rec_audio_call_426849843_audio_1789020732404.mp3
[2026-10-08T00:15:19] [INFO] [88/385] rec_audio_call_426850383_audio_1789020772255.mp3
[2026-10-08T00:15:21] [INFO] [89/385] rec_audio_call_426851323_audio_1789020846081.mp3
[2026-10-08T00:15:52] [INFO] [90/385] rec_audio_call_426851772_audio_1789020879921.mp3
[2026-10-08T00:17:58] [INFO] [91/385] rec_audio_call_426851856_audio_1789020892000.mp3
[2026-10-08T00:22:04] [INFO] [92/385] rec_audio_call_426854007_audio_1789021052086.mp3
[2026-10-08T00:22:21] [INFO] [93/385] rec_audio_call_426854157_audio_1789021067058.mp3
[2026-10-08T00:22:55] [INFO] [94/385] rec_audio_call_426883755_audio_1789023272654.mp3
[2026-10-08T00:22:56] [INFO] [95/385] rec_audio_call_427029817_audio_1789033741551.mp3
[2026-10-08T00:22:59] [INFO] [96/385] rec_audio_call_427302258_audio_1789057958698.mp3
[2026-10-08T00:23:02] [INFO] [97/385] rec_audio_call_427307060_audio_1789058304926.mp3
[2026-10-08T00:23:05] [INFO] [98/385] rec_audio_call_427311569_audio_1789058616356.mp3
[2026-10-08T00:23:07] [INFO] [99/385] rec_audio_call_427314953_audio_1789058839016.mp3
[2026-10-08T00:23:27] [INFO] [100/385] rec_default_426100823_audio_1788947551748.mp3
[2026-10-08T00:23:57] [INFO] [101/385] rec_default_426107316_audio_1788948009635.mp3
[2026-10-08T00:24:00] [INFO] [102/385] rec_default_426107744_audio_1788948040810.mp3
[2026-10-08T00:27:58] [INFO] [103/385] rec_default_426108828_audio_1788948111282.mp3
[2026-10-08T00:28:04] [INFO] [104/385] rec_default_426126463_audio_1788949378147.mp3
[2026-10-08T00:28:05] [INFO] [105/385] rec_default_426126833_audio_1788949400904.mp3
[2026-10-08T00:28:45] [INFO] [106/385] rec_default_426127716_audio_1788949472727.mp3
[2026-10-08T00:30:33] [INFO] [107/385] rec_default_426194323_audio_1788954640272.mp3
[2026-10-08T00:30:36] [INFO] [108/385] rec_default_426195344_audio_1788954727902.mp3
[2026-10-08T00:31:08] [INFO] [109/385] rec_default_426202313_audio_1788955333217.mp3
[2026-10-08T00:31:46] [INFO] [110/385] rec_default_426204264_audio_1788955509025.mp3
[2026-10-08T00:32:26] [INFO] [111/385] rec_default_426204318_audio_1788955517179.mp3
[2026-10-08T00:32:48] [INFO] [112/385] rec_default_426848660_audio_1789020643588.mp3
[2026-10-08T00:34:41] [INFO] [113/385] rec_default_426851955_audio_1789020893146.mp3
[2026-10-08T00:34:44] [INFO] [114/385] rec_default_426853539_audio_1789021025445.mp3
[2026-10-08T00:34:47] [INFO] [115/385] rec_default_427012373_audio_1789032615035.mp3
[2026-10-08T00:34:56] [INFO] [116/385] rec_default_427038720_audio_1789034321734.mp3
[2026-10-08T00:34:57] [INFO] [117/385] rec_default_427305556_audio_1789058198302.mp3
[2026-10-08T00:35:14] [INFO] [118/385] rec_audio_call_426576577_audio_1788983168675.mp3
[2026-10-08T00:55:39] [INFO] [119/385] rec_audio_call_426580380_audio_1788983454564.mp3
[2026-10-08T00:56:59] [INFO] [120/385] rec_audio_call_426601291_audio_1788985175536.mp3
[2026-10-08T00:57:42] [INFO] [121/385] rec_default_426573210_audio_1788982914417.mp3
[2026-10-08T01:01:07] [INFO] [122/385] rec_default_426597928_audio_1788984899162.mp3
[2026-10-08T01:11:24] [INFO] [123/385] rec_default_426662883_audio_1788994670065.mp3
[2026-10-08T01:14:17] [INFO] [124/385] rec_audio_call_426604675_audio_1788985474412.mp3
[2026-10-08T01:16:17] [INFO] [125/385] rec_audio_call_426613454_audio_1788986291945.mp3
[2026-10-08T01:17:42] [INFO] [126/385] rec_default_426634262_audio_1788988662985.mp3
[2026-10-08T01:17:45] [INFO] [127/385] rec_default_426647598_audio_1788990955665.mp3
[2026-10-08T01:22:30] [INFO] [128/385] rec_audio_call_421223616_audio_1788491953131.mp3
[2026-10-08T01:24:04] [INFO] [129/385] rec_audio_call_421566156_audio_1788520297969.mp3
[2026-10-08T01:24:27] [INFO] [130/385] rec_audio_call_423645324_audio_1788715186440.mp3
[2026-10-08T01:25:37] [INFO] [131/385] rec_audio_call_424378148_audio_1788784557326.mp3
[2026-10-08T01:26:39] [INFO] [132/385] rec_audio_call_424416192_audio_1788788125311.mp3
[2026-10-08T01:28:46] [INFO] [133/385] rec_audio_call_425918552_audio_1788933686610.mp3
[2026-10-08T01:31:29] [INFO] [134/385] rec_default_425656790_audio_1788896051031.mp3
[2026-10-08T01:33:29] [INFO] [135/385] rec_audio_call_420847903_audio_1788453013104.mp3
[2026-10-08T01:47:54] [INFO] [136/385] rec_audio_call_424557037_audio_1788800497337.mp3
[2026-10-08T01:50:13] [INFO] [137/385] rec_audio_call_424970880_audio_1788845652480.mp3
[2026-10-08T01:50:32] [INFO] [138/385] rec_audio_call_425207957_audio_1788862678382.mp3
[2026-10-08T01:52:57] [INFO] [139/385] rec_audio_call_426372327_audio_1788971567973.mp3
[2026-10-08T01:55:07] [INFO] [140/385] rec_default_423104500_audio_1788669374178.mp3
[2026-10-08T01:56:08] [INFO] [141/385] rec_default_423163427_audio_1788674918154.mp3
[2026-10-08T01:56:46] [INFO] [142/385] rec_default_426023290_audio_1788941856621.mp3
[2026-10-08T01:56:54] [INFO] [143/385] rec_audio_call_426570103_audio_1788982695863.mp3
[2026-10-08T02:08:02] [INFO] [144/385] rec_audio_call_426580224_audio_1788983439239.mp3
[2026-10-08T02:09:28] [INFO] [145/385] rec_audio_call_426626261_audio_1788987652206.mp3
[2026-10-08T02:11:00] [INFO] [146/385] rec_audio_call_426634717_audio_1788988729707.mp3
[2026-10-08T02:13:48] [INFO] [147/385] rec_default_426593601_audio_1788984536403.mp3
[2026-10-08T02:16:44] [WARN] chunk classification JSON parse failed: Expecting ',' delimiter: line 1 column 331 (char 330)
[2026-10-08T02:16:44] [INFO] [148/385] rec_default_426620137_audio_1788986984372.mp3
[2026-10-08T02:18:46] [INFO] [149/385] rec_default_426633368_audio_1788988531170.mp3
[2026-10-08T02:19:38] [INFO] [150/385] rec_audio_call_426416419_audio_1788974369340.mp3
[2026-10-08T02:21:05] [INFO] [151/385] rec_audio_call_426613454_audio_1788986291945.mp3
[2026-10-08T02:22:28] [INFO] [152/385] rec_audio_call_420358272_audio_1788412834216.mp3
[2026-10-08T02:25:20] [INFO] [153/385] rec_audio_call_420511856_audio_1788424457087.mp3
[2026-10-08T02:27:11] [INFO] [154/385] rec_audio_call_420632008_audio_1788432977108.mp3
[2026-10-08T02:35:21] [INFO] [155/385] rec_audio_call_425129217_audio_1788857364836.mp3
[2026-10-08T02:43:45] [INFO] [156/385] rec_audio_call_426104039_audio_1788947773748.mp3
[2026-10-08T02:46:50] [INFO] [157/385] rec_default_421372353_audio_1788505796052.mp3
[2026-10-08T02:56:47] [INFO] [158/385] rec_default_421961206_audio_1788551169146.mp3
[2026-10-08T02:58:07] [INFO] [159/385] rec_default_424950341_audio_1788843964859.mp3
[2026-10-08T03:01:08] [INFO] [160/385] rec_default_425392837_audio_1788878842788.mp3
[2026-10-08T03:01:58] [INFO] [161/385] rec_default_426076857_audio_1788945867967.mp3
[2026-10-08T03:10:22] [INFO] [162/385] rec_audio_call_427301394_audio_1789057897529.mp3
[2026-10-08T03:10:25] [INFO] [163/385] rec_audio_call_427304995_audio_1789058153813.mp3
[2026-10-08T03:10:30] [INFO] [164/385] rec_audio_call_427305229_audio_1789058170052.mp3
[2026-10-08T03:11:39] [INFO] [165/385] rec_audio_call_427305426_audio_1789058184851.mp3
[2026-10-08T03:11:41] [INFO] [166/385] rec_audio_call_427305578_audio_1789058200155.mp3
[2026-10-08T03:11:42] [INFO] [167/385] rec_audio_call_427305579_audio_1789058197575.mp3
[2026-10-08T03:11:43] [INFO] [168/385] rec_audio_call_427309343_audio_1789058465241.mp3
[2026-10-08T03:11:46] [INFO] [169/385] rec_audio_call_427310164_audio_1789058518972.mp3
[2026-10-08T03:11:47] [INFO] [170/385] rec_audio_call_427312372_audio_1789058676733.mp3
[2026-10-08T03:14:57] [INFO] [171/385] rec_audio_call_427313310_audio_1789058737356.mp3
[2026-10-08T03:24:21] [INFO] [172/385] rec_audio_call_427313337_audio_1789058738019.mp3
[2026-10-08T03:24:24] [INFO] [173/385] rec_audio_call_427315026_audio_1789058843014.mp3
[2026-10-08T03:25:24] [INFO] [174/385] rec_audio_call_427316125_audio_1789058922687.mp3
[2026-10-08T03:25:53] [INFO] [175/385] rec_audio_call_427316431_audio_1789058946312.mp3
[2026-10-08T03:26:19] [INFO] [176/385] rec_default_427302623_audio_1789057989394.mp3
[2026-10-08T03:26:23] [INFO] [177/385] rec_default_427303915_audio_1789058082453.mp3
[2026-10-08T03:26:53] [INFO] [178/385] rec_default_427307746_audio_1789058356862.mp3
[2026-10-08T03:27:38] [INFO] [179/385] rec_default_427308167_audio_1789058388570.mp3
[2026-10-08T03:34:18] [INFO] [180/385] rec_default_427310161_audio_1789058524351.mp3
[2026-10-08T03:34:53] [INFO] [181/385] rec_default_427312501_audio_1789058683465.mp3
[2026-10-08T03:34:55] [INFO] [182/385] rec_default_427313073_audio_1789058722144.mp3
[2026-10-08T03:36:45] [INFO] [183/385] rec_default_427314573_audio_1789058813038.mp3
[2026-10-08T03:39:07] [INFO] [184/385] rec_audio_call_426641897_audio_1788989870691.mp3
[2026-10-08T03:41:09] [INFO] [185/385] rec_audio_call_426641906_audio_1788989875034.mp3
[2026-10-08T03:44:36] [INFO] [186/385] rec_audio_call_426647851_audio_1788991002681.mp3
[2026-10-08T04:00:12] [INFO] [187/385] rec_audio_call_426655391_audio_1788992749491.mp3
[2026-10-08T04:01:37] [INFO] [188/385] rec_audio_call_426669176_audio_1788996452632.mp3
[2026-10-08T04:01:58] [INFO] [189/385] rec_default_426642159_audio_1788989918579.mp3
[2026-10-08T04:05:51] [INFO] [190/385] rec_audio_call_426646095_audio_1788990649220.mp3
[2026-10-08T04:08:35] [INFO] [191/385] rec_audio_call_426665213_audio_1788995377531.mp3
[2026-10-08T04:10:40] [INFO] [192/385] rec_default_426639345_audio_1788989459421.mp3
[2026-10-08T04:12:40] [INFO] [193/385] rec_default_426645015_audio_1788990433927.mp3
[2026-10-08T04:15:44] [INFO] [194/385] rec_audio_call_426149164_audio_1788951056501.mp3
[2026-10-08T04:17:15] [INFO] [195/385] rec_audio_call_426151853_audio_1788951260489.mp3
[2026-10-08T04:29:46] [INFO] [196/385] rec_audio_call_426180101_audio_1788953436912.mp3
[2026-10-08T04:30:22] [INFO] [197/385] rec_audio_call_426279116_audio_1788962727515.mp3
[2026-10-08T04:30:47] [INFO] [198/385] rec_audio_call_426299827_audio_1788964873398.mp3
[2026-10-08T04:33:46] [INFO] [199/385] rec_audio_call_426313681_audio_1788966303052.mp3
[2026-10-08T04:36:34] [INFO] [200/385] rec_audio_call_426339758_audio_1788968901990.mp3
[2026-10-08T04:41:07] [INFO] [201/385] rec_default_426226216_audio_1788957468242.mp3
[2026-10-08T04:41:41] [INFO] [202/385] rec_default_426252346_audio_1788960080824.mp3
[2026-10-08T04:48:59] [INFO] [203/385] rec_default_426303789_audio_1788965281521.mp3
[2026-10-08T04:56:07] [INFO] [204/385] rec_audio_call_423101838_audio_1788669053059.mp3
[2026-10-08T04:57:18] [INFO] [205/385] rec_audio_call_426127729_audio_1788949472560.mp3
[2026-10-08T04:57:21] [INFO] [206/385] rec_audio_call_426621209_audio_1788987102942.mp3
[2026-10-08T04:58:37] [INFO] [207/385] rec_audio_call_425861520_audio_1788928521393.mp3
[2026-10-08T04:59:22] [INFO] [208/385] rec_audio_call_425877181_audio_1788930106387.mp3
[2026-10-08T04:59:39] [INFO] [209/385] rec_audio_call_426020111_audio_1788941616667.mp3
[2026-10-08T05:00:46] [INFO] [210/385] rec_audio_call_426030765_audio_1788942418731.mp3
[2026-10-08T05:02:32] [INFO] [211/385] rec_audio_call_426035272_audio_1788942782972.mp3
[2026-10-08T05:03:34] [INFO] [212/385] rec_audio_call_426185479_audio_1788953866828.mp3
[2026-10-08T05:07:06] [INFO] [213/385] rec_audio_call_426259277_audio_1788960796344.mp3
[2026-10-08T05:08:36] [INFO] [214/385] rec_audio_call_426355800_audio_1788970288176.mp3
[2026-10-08T05:11:25] [INFO] [215/385] rec_audio_call_426594019_audio_1788984570393.mp3
[2026-10-08T05:17:00] [INFO] [216/385] rec_audio_call_426664156_audio_1788995059123.mp3
[2026-10-08T05:24:09] [INFO] [217/385] rec_default_426582734_audio_1788983647126.mp3
[2026-10-08T05:31:46] [WARN] rec_default_426582734_audio_1788983647126.mp3 chunk@280.0s took 186s (normal is ~10-90s) — likely system memory pressure (check for other concurrent model processes), not a bug in this chunk.
[2026-10-08T05:31:46] [WARN] chunk classification JSON parse failed: Expecting value: line 1 column 1 (char 0)
[2026-10-08T05:36:52] [INFO] [218/385] rec_default_426649193_audio_1788991280922.mp3
[2026-10-08T05:37:46] [INFO] [219/385] rec_default_426652242_audio_1788991956749.mp3
[2026-10-08T05:40:32] [INFO] [220/385] rec_default_426363836_audio_1788970922202.mp3
[2026-10-08T05:41:45] [INFO] [221/385] rec_default_426408577_audio_1788973914993.mp3
[2026-10-08T05:55:01] [INFO] [222/385] rec_default_426439325_audio_1788975665682.mp3
[2026-10-08T05:55:56] [INFO] [223/385] rec_default_426534420_audio_1788980458455.mp3
[2026-10-08T05:56:52] [INFO] [224/385] rec_audio_call_424886004_audio_1788837418505.mp3
[2026-10-08T06:01:36] [INFO] [225/385] rec_audio_call_425905210_audio_1788932612192.mp3
[2026-10-08T06:12:42] [INFO] [226/385] rec_audio_call_425905294_audio_1788932619839.mp3
[2026-10-08T06:13:01] [INFO] [227/385] rec_audio_call_425936126_audio_1788935044155.mp3
[2026-10-08T06:22:18] [INFO] [228/385] rec_audio_call_426014372_audio_1788941177871.mp3
[2026-10-08T06:27:46] [INFO] [229/385] rec_default_403690174_audio_1786828494349.mp3
[2026-10-08T06:27:49] [INFO] [230/385] rec_default_425908372_audio_1788932864052.mp3
[2026-10-08T06:38:04] [WARN] model returned unexpected JSON top-level type str, treating as no flags
[2026-10-08T06:38:04] [INFO] [231/385] rec_default_425912424_audio_1788933213081.mp3
[2026-10-08T06:41:10] [INFO] [232/385] rec_default_426252346_audio_1788960080824.mp3
[2026-10-08T06:48:37] [INFO] [233/385] rec_default_426578327_audio_1788983295448.mp3
[2026-10-08T06:49:35] [INFO] [234/385] rec_audio_call_426195960_audio_1788954780321.mp3
[2026-10-08T06:49:38] [INFO] [235/385] rec_audio_call_427305933_audio_1789058224440.mp3
[2026-10-08T07:01:00] [INFO] [236/385] rec_audio_call_427305950_audio_1789058224627.mp3
[2026-10-08T07:01:54] [INFO] [237/385] rec_audio_call_427306161_audio_1789058236274.mp3
[2026-10-08T07:03:58] [INFO] [238/385] rec_audio_call_427306380_audio_1789058253191.mp3
[2026-10-08T07:04:00] [INFO] [239/385] rec_audio_call_427306773_audio_1789058284652.mp3
[2026-10-08T07:04:04] [INFO] [240/385] rec_audio_call_427306864_audio_1789058288911.mp3
[2026-10-08T07:06:04] [INFO] [241/385] rec_audio_call_427307036_audio_1789058302393.mp3
[2026-10-08T07:06:06] [INFO] [242/385] rec_audio_call_427307087_audio_1789058314132.mp3
[2026-10-08T07:16:00] [INFO] [243/385] rec_audio_call_427307162_audio_1789058316356.mp3
[2026-10-08T07:19:52] [INFO] [244/385] rec_default_426848544_audio_1789020636084.mp3
[2026-10-08T07:23:59] [INFO] [245/385] rec_default_426857244_audio_1789021306090.mp3
[2026-10-08T07:24:19] [INFO] [246/385] rec_default_427305871_audio_1789058217561.mp3
[2026-10-08T07:26:25] [INFO] [247/385] rec_default_427305885_audio_1789058218067.mp3
[2026-10-08T07:28:16] [INFO] [248/385] rec_default_427305984_audio_1789058228017.mp3
[2026-10-08T07:29:07] [INFO] [249/385] rec_default_427306227_audio_1789058240999.mp3
[2026-10-08T07:29:49] [INFO] [250/385] rec_default_427306761_audio_1789058282525.mp3
[2026-10-08T07:30:33] [INFO] [251/385] rec_default_427306879_audio_1789058296671.mp3
[2026-10-08T07:30:39] [INFO] [252/385] rec_default_427306937_audio_1789058296620.mp3
[2026-10-08T07:31:45] [INFO] [253/385] rec_default_427307000_audio_1789058300924.mp3
[2026-10-08T07:31:46] [INFO] [254/385] rec_default_427307149_audio_1789058314884.mp3
[2026-10-08T07:34:20] [INFO] [255/385] rec_default_427307153_audio_1789058314255.mp3
[2026-10-08T07:37:18] [INFO] [256/385] rec_default_427307170_audio_1789058316339.mp3
[2026-10-08T07:37:28] [INFO] [257/385] rec_default_427307263_audio_1789058328048.mp3
[2026-10-08T07:37:31] [INFO] [258/385] rec_audio_call_426576117_audio_1788983135753.mp3
[2026-10-08T07:37:32] [INFO] [259/385] rec_default_426583408_audio_1788983706194.mp3
[2026-10-08T07:53:36] [INFO] [260/385] rec_default_426603278_audio_1788985350942.mp3
[2026-10-08T07:59:08] [INFO] [261/385] rec_default_426609609_audio_1788985926405.mp3
[2026-10-08T08:00:31] [INFO] [262/385] rec_default_426649926_audio_1788991429022.mp3
[2026-10-08T08:00:53] [INFO] [263/385] rec_audio_call_426659403_audio_1788993755666.mp3
[2026-10-08T08:02:05] [INFO] [264/385] rec_default_426594432_audio_1788984607250.mp3
[2026-10-08T08:02:14] [INFO] [265/385] rec_default_426631751_audio_1788988322014.mp3
[2026-10-08T08:06:03] [INFO] [266/385] rec_audio_call_424435289_audio_1788789932957.mp3
[2026-10-08T08:37:29] [INFO] [267/385] rec_audio_call_425117061_audio_1788856492050.mp3
[2026-10-08T08:41:18] [INFO] [268/385] rec_default_424610958_audio_1788803526314.mp3
[2026-10-08T08:46:20] [INFO] [269/385] rec_default_426636576_audio_1788989005279.mp3
[2026-10-08T08:56:04] [INFO] [270/385] rec_default_424154820_audio_1788768178955.mp3
[2026-10-08T08:56:38] [INFO] [271/385] rec_audio_call_424355050_audio_1788782425826.mp3
[2026-10-08T08:59:07] [INFO] [272/385] rec_audio_call_425887818_audio_1788931097237.mp3
[2026-10-08T09:00:28] [INFO] [273/385] rec_audio_call_425981754_audio_1788938608293.mp3
[2026-10-08T09:02:21] [INFO] [274/385] rec_audio_call_426306233_audio_1788965543370.mp3
[2026-10-08T09:02:50] [INFO] [275/385] rec_default_422311857_audio_1788593947270.mp3
[2026-10-08T09:04:24] [INFO] [276/385] rec_default_423336284_audio_1788688591351.mp3
[2026-10-08T09:06:28] [INFO] [277/385] rec_default_424687669_audio_1788807599801.mp3
[2026-10-08T09:10:06] [INFO] [278/385] rec_default_425476935_audio_1788886067609.mp3
[2026-10-08T09:10:43] [INFO] [279/385] rec_default_426377718_audio_1788971973414.mp3
[2026-10-08T09:12:10] [INFO] [280/385] rec_audio_call_426540516_audio_1788980804355.mp3
[2026-10-08T09:13:16] [INFO] [281/385] rec_audio_call_426628134_audio_1788987862205.mp3
[2026-10-08T09:26:56] [INFO] [282/385] rec_default_426432272_audio_1788975283995.mp3
[2026-10-08T09:30:05] [INFO] [283/385] rec_default_426636424_audio_1788988982930.mp3
[2026-10-08T09:36:01] [INFO] [284/385] rec_default_426648998_audio_1788991242054.mp3
[2026-10-08T09:36:55] [INFO] [285/385] rec_audio_call_425981754_audio_1788938608293.mp3
[2026-10-08T09:38:48] [INFO] [286/385] rec_default_425942168_audio_1788935504071.mp3
[2026-10-08T09:41:36] [INFO] [287/385] rec_default_426538743_audio_1788980705149.mp3
[2026-10-08T10:16:20] [INFO] [288/385] rec_default_426548691_audio_1788981313336.mp3
[2026-10-08T10:17:01] [INFO] [289/385] rec_audio_call_403536354_audio_1786818099540.mp3
[2026-10-08T10:17:04] [INFO] [290/385] rec_audio_call_403544174_audio_1786818489013.mp3
[2026-10-08T10:18:45] [INFO] [291/385] rec_audio_call_403785250_audio_1786846993871.mp3
[2026-10-08T10:19:07] [INFO] [292/385] rec_audio_call_421629115_audio_1788525839912.mp3
[2026-10-08T10:34:10] [INFO] [293/385] rec_audio_call_424397178_audio_1788786285103.mp3
[2026-10-08T10:34:18] [INFO] [294/385] rec_audio_call_425591249_audio_1788892319841.mp3
[2026-10-08T10:37:25] [INFO] [295/385] rec_default_403927389_audio_1786861712369.mp3
[2026-10-08T10:48:43] [INFO] [296/385] rec_default_420511327_audio_1788424417781.mp3
[2026-10-08T10:56:05] [INFO] [297/385] rec_default_423324272_audio_1788687697269.mp3
[2026-10-08T10:59:35] [INFO] [298/385] rec_audio_call_426100503_audio_1788947524083.mp3
[2026-10-08T10:59:38] [INFO] [299/385] rec_audio_call_426855757_audio_1789021187400.mp3
[2026-10-08T10:59:52] [INFO] [300/385] rec_audio_call_426855856_audio_1789021196066.mp3
[2026-10-08T11:01:44] [INFO] [301/385] rec_audio_call_426856109_audio_1789021226515.mp3
[2026-10-08T11:01:47] [INFO] [302/385] rec_audio_call_426857289_audio_1789021309748.mp3
[2026-10-08T11:02:18] [INFO] [303/385] rec_audio_call_426857427_audio_1789021321811.mp3
