nohup: ignoring input
[2026-09-24T08:11:24] [INFO] Loading google/gemma-4-E2B-it (thinking=True)...
Warning: You are sending unauthenticated requests to the HF Hub. Please set a HF_TOKEN to enable higher rate limits and faster downloads.
Loading weights:   0%|          | 0/1951 [00:00<?, ?it/s]Loading weights:  16%|█▌        | 305/1951 [00:00<00:00, 3038.85it/s]Loading weights:  31%|███       | 609/1951 [00:00<00:00, 2814.16it/s]Loading weights:  46%|████▌     | 892/1951 [00:01<00:01, 568.06it/s] Loading weights:  54%|█████▍    | 1059/1951 [00:01<00:01, 604.61it/s]Loading weights:  61%|██████    | 1189/1951 [00:01<00:01, 585.39it/s]Loading weights:  66%|██████▌   | 1291/1951 [00:01<00:01, 566.55it/s]Loading weights:  80%|████████  | 1564/1951 [00:01<00:00, 869.83it/s]Loading weights:  95%|█████████▌| 1856/1951 [00:02<00:00, 1211.55it/s]Loading weights: 100%|██████████| 1951/1951 [00:02<00:00, 913.72it/s] 
[2026-09-24T08:11:39] [INFO] Model loaded.
[2026-09-24T08:11:39] [INFO] Skipping 0 already-done file(s)
[2026-09-24T08:11:39] [INFO] [1/50] rec_audio_call_421768524_audio_1788539479106.mp3
[2026-09-24T08:12:23] [INFO] [2/50] rec_default_420147298_audio_1788380486702.mp3
[2026-09-24T08:21:34] [INFO] [3/50] rec_audio_call_425933838_audio_1788934868635.mp3
[2026-09-24T08:28:46] [INFO] [4/50] rec_default_425778316_audio_1788916552817.mp3
[2026-09-24T08:30:30] [INFO] [5/50] rec_audio_call_423351802_audio_1788689747483.mp3
[2026-09-24T08:32:31] [INFO] [6/50] rec_audio_call_423591955_audio_1788711572217.mp3
[2026-09-24T08:34:59] [INFO] [7/50] rec_audio_call_426101059_audio_1788947560284.mp3
[2026-09-24T08:46:07] [INFO] [8/50] rec_audio_call_426108129_audio_1788948057694.mp3
[2026-09-24T08:48:07] [INFO] [9/50] rec_audio_call_426194933_audio_1788954682604.mp3
[2026-09-24T08:54:51] [INFO] [10/50] rec_audio_call_426851772_audio_1789020879921.mp3
[2026-09-24T08:59:39] [INFO] [11/50] rec_default_426634262_audio_1788988662985.mp3
[2026-09-24T09:01:06] [INFO] [12/50] rec_audio_call_424416192_audio_1788788125311.mp3
[2026-09-24T09:06:38] [INFO] [13/50] rec_default_426593601_audio_1788984536403.mp3
[2026-09-24T09:11:11] [INFO] [14/50] rec_default_426620137_audio_1788986984372.mp3
[2026-09-24T09:16:29] [INFO] [15/50] rec_default_426633368_audio_1788988531170.mp3
[2026-09-24T09:20:03] [INFO] [16/50] rec_audio_call_426416419_audio_1788974369340.mp3
[2026-09-24T09:23:23] [INFO] [17/50] rec_audio_call_420511856_audio_1788424457087.mp3
[2026-09-24T09:28:32] [INFO] [18/50] rec_audio_call_427305578_audio_1789058200155.mp3
[2026-09-24T09:29:06] [INFO] [19/50] rec_default_427308167_audio_1789058388570.mp3
[2026-09-24T09:40:07] [INFO] [20/50] rec_default_427314573_audio_1789058813038.mp3
[2026-09-24T09:43:29] [INFO] [21/50] rec_default_426645015_audio_1788990433927.mp3
[2026-09-24T09:50:54] [INFO] [22/50] rec_audio_call_425877181_audio_1788930106387.mp3
[2026-09-24T09:53:00] [INFO] [23/50] rec_audio_call_426035272_audio_1788942782972.mp3
[2026-09-24T09:55:20] [INFO] [24/50] rec_default_426534420_audio_1788980458455.mp3
[2026-09-24T09:56:17] [WARN] model returned unexpected JSON top-level type str, treating as no flags
[2026-09-24T09:56:17] [INFO] [25/50] rec_default_425912424_audio_1788933213081.mp3
[2026-09-24T10:01:51] [INFO] [26/50] rec_audio_call_427306773_audio_1789058284652.mp3
[2026-09-24T10:03:21] [INFO] [27/50] rec_audio_call_427306864_audio_1789058288911.mp3
[2026-09-24T10:06:17] [INFO] [28/50] rec_default_427305885_audio_1789058218067.mp3
