[2026-10-08T16:41:00] [INFO] Loading google/gemma-4-E4B-it (thinking=False)...
Loading weights:   0%|          | 0/2076 [00:00<?, ?it/s]Loading weights:   3%|▎         | 65/2076 [00:00<00:03, 581.14it/s]Loading weights:   6%|▌         | 124/2076 [00:00<00:10, 182.16it/s]Loading weights:  19%|█▉        | 397/2076 [00:00<00:02, 679.24it/s]Loading weights:  26%|██▌       | 530/2076 [00:01<00:03, 499.58it/s]Loading weights:  30%|███       | 624/2076 [00:01<00:02, 554.76it/s]Loading weights: 100%|██████████| 2076/2076 [00:01<00:00, 1663.43it/s]
python3(35684) MallocStackLogging: can't turn off malloc stack logging because it was not enabled.
python3(35685) MallocStackLogging: can't turn off malloc stack logging because it was not enabled.
python3(35756) MallocStackLogging: can't turn off malloc stack logging because it was not enabled.
python3(35757) MallocStackLogging: can't turn off malloc stack logging because it was not enabled.
python3(35892) MallocStackLogging: can't turn off malloc stack logging because it was not enabled.
python3(35893) MallocStackLogging: can't turn off malloc stack logging because it was not enabled.
python3(36023) MallocStackLogging: can't turn off malloc stack logging because it was not enabled.
python3(36024) MallocStackLogging: can't turn off malloc stack logging because it was not enabled.
python3(37284) MallocStackLogging: can't turn off malloc stack logging because it was not enabled.
python3(37285) MallocStackLogging: can't turn off malloc stack logging because it was not enabled.
python3(37465) MallocStackLogging: can't turn off malloc stack logging because it was not enabled.
python3(37466) MallocStackLogging: can't turn off malloc stack logging because it was not enabled.
python3(38592) MallocStackLogging: can't turn off malloc stack logging because it was not enabled.
python3(38593) MallocStackLogging: can't turn off malloc stack logging because it was not enabled.
python3(38914) MallocStackLogging: can't turn off malloc stack logging because it was not enabled.
python3(38915) MallocStackLogging: can't turn off malloc stack logging because it was not enabled.
python3(39059) MallocStackLogging: can't turn off malloc stack logging because it was not enabled.
python3(39060) MallocStackLogging: can't turn off malloc stack logging because it was not enabled.
python3(39345) MallocStackLogging: can't turn off malloc stack logging because it was not enabled.
python3(39346) MallocStackLogging: can't turn off malloc stack logging because it was not enabled.
python3(39741) MallocStackLogging: can't turn off malloc stack logging because it was not enabled.
python3(39743) MallocStackLogging: can't turn off malloc stack logging because it was not enabled.
python3(40170) MallocStackLogging: can't turn off malloc stack logging because it was not enabled.
python3(40171) MallocStackLogging: can't turn off malloc stack logging because it was not enabled.
python3(40326) MallocStackLogging: can't turn off malloc stack logging because it was not enabled.
python3(40327) MallocStackLogging: can't turn off malloc stack logging because it was not enabled.
python3(40602) MallocStackLogging: can't turn off malloc stack logging because it was not enabled.
python3(40603) MallocStackLogging: can't turn off malloc stack logging because it was not enabled.
python3(41083) MallocStackLogging: can't turn off malloc stack logging because it was not enabled.
python3(41085) MallocStackLogging: can't turn off malloc stack logging because it was not enabled.
python3(41196) MallocStackLogging: can't turn off malloc stack logging because it was not enabled.
python3(41197) MallocStackLogging: can't turn off malloc stack logging because it was not enabled.
python3(42054) MallocStackLogging: can't turn off malloc stack logging because it was not enabled.
python3(42055) MallocStackLogging: can't turn off malloc stack logging because it was not enabled.
python3(42413) MallocStackLogging: can't turn off malloc stack logging because it was not enabled.
python3(42414) MallocStackLogging: can't turn off malloc stack logging because it was not enabled.
python3(43288) MallocStackLogging: can't turn off malloc stack logging because it was not enabled.
python3(43290) MallocStackLogging: can't turn off malloc stack logging because it was not enabled.
python3(43443) MallocStackLogging: can't turn off malloc stack logging because it was not enabled.
python3(43444) MallocStackLogging: can't turn off malloc stack logging because it was not enabled.
python3(43592) MallocStackLogging: can't turn off malloc stack logging because it was not enabled.
python3(43593) MallocStackLogging: can't turn off malloc stack logging because it was not enabled.
python3(43797) MallocStackLogging: can't turn off malloc stack logging because it was not enabled.
python3(43798) MallocStackLogging: can't turn off malloc stack logging because it was not enabled.
python3(44069) MallocStackLogging: can't turn off malloc stack logging because it was not enabled.
python3(44070) MallocStackLogging: can't turn off malloc stack logging because it was not enabled.
python3(44139) MallocStackLogging: can't turn off malloc stack logging because it was not enabled.
python3(44140) MallocStackLogging: can't turn off malloc stack logging because it was not enabled.
python3(44365) MallocStackLogging: can't turn off malloc stack logging because it was not enabled.
python3(44366) MallocStackLogging: can't turn off malloc stack logging because it was not enabled.
python3(44678) MallocStackLogging: can't turn off malloc stack logging because it was not enabled.
python3(44679) MallocStackLogging: can't turn off malloc stack logging because it was not enabled.
python3(45171) MallocStackLogging: can't turn off malloc stack logging because it was not enabled.
python3(45172) MallocStackLogging: can't turn off malloc stack logging because it was not enabled.
python3(45412) MallocStackLogging: can't turn off malloc stack logging because it was not enabled.
python3(45413) MallocStackLogging: can't turn off malloc stack logging because it was not enabled.
python3(45859) MallocStackLogging: can't turn off malloc stack logging because it was not enabled.
python3(45860) MallocStackLogging: can't turn off malloc stack logging because it was not enabled.
python3(46021) MallocStackLogging: can't turn off malloc stack logging because it was not enabled.
python3(46022) MallocStackLogging: can't turn off malloc stack logging because it was not enabled.
python3(46067) MallocStackLogging: can't turn off malloc stack logging because it was not enabled.
python3(46068) MallocStackLogging: can't turn off malloc stack logging because it was not enabled.
python3(46157) MallocStackLogging: can't turn off malloc stack logging because it was not enabled.
python3(46158) MallocStackLogging: can't turn off malloc stack logging because it was not enabled.
python3(46530) MallocStackLogging: can't turn off malloc stack logging because it was not enabled.
python3(46531) MallocStackLogging: can't turn off malloc stack logging because it was not enabled.
python3(46783) MallocStackLogging: can't turn off malloc stack logging because it was not enabled.
python3(46784) MallocStackLogging: can't turn off malloc stack logging because it was not enabled.
python3(47346) MallocStackLogging: can't turn off malloc stack logging because it was not enabled.
python3(47347) MallocStackLogging: can't turn off malloc stack logging because it was not enabled.
python3(47871) MallocStackLogging: can't turn off malloc stack logging because it was not enabled.
python3(47872) MallocStackLogging: can't turn off malloc stack logging because it was not enabled.
python3(48237) MallocStackLogging: can't turn off malloc stack logging because it was not enabled.
python3(48238) MallocStackLogging: can't turn off malloc stack logging because it was not enabled.
python3(48546) MallocStackLogging: can't turn off malloc stack logging because it was not enabled.
python3(48547) MallocStackLogging: can't turn off malloc stack logging because it was not enabled.
python3(48849) MallocStackLogging: can't turn off malloc stack logging because it was not enabled.
python3(48850) MallocStackLogging: can't turn off malloc stack logging because it was not enabled.
python3(49277) MallocStackLogging: can't turn off malloc stack logging because it was not enabled.
python3(49278) MallocStackLogging: can't turn off malloc stack logging because it was not enabled.
python3(49491) MallocStackLogging: can't turn off malloc stack logging because it was not enabled.
python3(49493) MallocStackLogging: can't turn off malloc stack logging because it was not enabled.
python3(49626) MallocStackLogging: can't turn off malloc stack logging because it was not enabled.
python3(49627) MallocStackLogging: can't turn off malloc stack logging because it was not enabled.
python3(51304) MallocStackLogging: can't turn off malloc stack logging because it was not enabled.
python3(51305) MallocStackLogging: can't turn off malloc stack logging because it was not enabled.
python3(51754) MallocStackLogging: can't turn off malloc stack logging because it was not enabled.
python3(51755) MallocStackLogging: can't turn off malloc stack logging because it was not enabled.
python3(52060) MallocStackLogging: can't turn off malloc stack logging because it was not enabled.
python3(52061) MallocStackLogging: can't turn off malloc stack logging because it was not enabled.
python3(52319) MallocStackLogging: can't turn off malloc stack logging because it was not enabled.
python3(52320) MallocStackLogging: can't turn off malloc stack logging because it was not enabled.
python3(52393) MallocStackLogging: can't turn off malloc stack logging because it was not enabled.
python3(52394) MallocStackLogging: can't turn off malloc stack logging because it was not enabled.
[2026-10-08T16:41:19] [INFO] Model loaded.
[2026-10-08T16:41:19] [INFO] [1/50] rec_audio_call_421768524_audio_1788539479106.mp3
[2026-10-08T16:41:57] [INFO] [2/50] rec_default_420147298_audio_1788380486702.mp3
[2026-10-08T16:45:53] [INFO] [3/50] rec_audio_call_425933838_audio_1788934868635.mp3
[2026-10-08T16:52:09] [WARN] rec_audio_call_425933838_audio_1788934868635.mp3 chunk@168.0s took 161s (normal is ~10-90s) — likely system memory pressure (check for other concurrent model processes), not a bug in this chunk.
[2026-10-08T16:52:37] [INFO] [4/50] rec_default_425778316_audio_1788916552817.mp3
[2026-10-08T16:53:16] [INFO] [5/50] rec_audio_call_423351802_audio_1788689747483.mp3
[2026-10-08T16:54:25] [INFO] [6/50] rec_audio_call_423591955_audio_1788711572217.mp3
[2026-10-08T16:55:20] [INFO] [7/50] rec_audio_call_426101059_audio_1788947560284.mp3
[2026-10-08T17:04:07] [INFO] [8/50] rec_audio_call_426108129_audio_1788948057694.mp3
[2026-10-08T17:05:22] [INFO] [9/50] rec_audio_call_426194933_audio_1788954682604.mp3
[2026-10-08T17:13:35] [INFO] [10/50] rec_audio_call_426851772_audio_1789020879921.mp3
[2026-10-08T17:15:48] [INFO] [11/50] rec_default_426634262_audio_1788988662985.mp3
[2026-10-08T17:16:46] [INFO] [12/50] rec_audio_call_424416192_audio_1788788125311.mp3
[2026-10-08T17:19:25] [INFO] [13/50] rec_default_426593601_audio_1788984536403.mp3
[2026-10-08T17:21:35] [INFO] [14/50] rec_default_426620137_audio_1788986984372.mp3
[2026-10-08T17:24:35] [INFO] [15/50] rec_default_426633368_audio_1788988531170.mp3
[2026-10-08T17:25:45] [INFO] [16/50] rec_audio_call_426416419_audio_1788974369340.mp3
[2026-10-08T17:27:57] [INFO] [17/50] rec_audio_call_420511856_audio_1788424457087.mp3
[2026-10-08T17:31:09] [INFO] [18/50] rec_audio_call_427305578_audio_1789058200155.mp3
[2026-10-08T17:31:54] [INFO] [19/50] rec_default_427308167_audio_1789058388570.mp3
[2026-10-08T17:38:06] [INFO] [20/50] rec_default_427314573_audio_1789058813038.mp3
[2026-10-08T17:40:39] [INFO] [21/50] rec_default_426645015_audio_1788990433927.mp3
[2026-10-08T17:46:40] [INFO] [22/50] rec_audio_call_425877181_audio_1788930106387.mp3
[2026-10-08T17:47:47] [INFO] [23/50] rec_audio_call_426035272_audio_1788942782972.mp3
[2026-10-08T17:49:08] [INFO] [24/50] rec_default_426534420_audio_1788980458455.mp3
[2026-10-08T17:50:24] [INFO] [25/50] rec_default_425912424_audio_1788933213081.mp3
[2026-10-08T17:52:04] [INFO] [26/50] rec_audio_call_427306773_audio_1789058284652.mp3
[2026-10-08T17:52:47] [INFO] [27/50] rec_audio_call_427306864_audio_1789058288911.mp3
[2026-10-08T17:54:23] [INFO] [28/50] rec_default_427305885_audio_1789058218067.mp3
[2026-10-08T17:56:23] [INFO] [29/50] rec_default_427307149_audio_1789058314884.mp3
[2026-10-08T18:00:04] [INFO] [30/50] rec_default_427307153_audio_1789058314255.mp3
[2026-10-08T18:02:06] [INFO] [31/50] rec_default_426603278_audio_1788985350942.mp3
[2026-10-08T18:05:19] [INFO] [32/50] rec_audio_call_426659403_audio_1788993755666.mp3
[2026-10-08T18:06:35] [INFO] [33/50] rec_default_426594432_audio_1788984607250.mp3
[2026-10-08T18:07:09] [INFO] [34/50] rec_default_425476935_audio_1788886067609.mp3
[2026-10-08T18:07:43] [INFO] [35/50] rec_default_425942168_audio_1788935504071.mp3
[2026-10-08T18:10:09] [INFO] [36/50] rec_audio_call_425591249_audio_1788892319841.mp3
[2026-10-08T18:12:13] [INFO] [37/50] rec_audio_call_426864490_audio_1789021845136.mp3
[2026-10-08T18:16:07] [INFO] [38/50] rec_audio_call_426871106_audio_1789022339887.mp3
[2026-10-08T18:19:52] [INFO] [39/50] rec_default_426855984_audio_1789021209994.mp3
[2026-10-08T18:22:41] [INFO] [40/50] rec_default_426865848_audio_1789021942575.mp3
[2026-10-08T18:24:52] [INFO] [41/50] rec_default_426667318_audio_1788995960432.mp3
[2026-10-08T18:26:47] [INFO] [42/50] rec_audio_call_425205242_audio_1788862499869.mp3
[2026-10-08T18:29:22] [INFO] [43/50] rec_audio_call_426339629_audio_1788968889098.mp3
[2026-10-08T18:31:10] [INFO] [44/50] rec_default_426608730_audio_1788985842618.mp3
[2026-10-08T18:32:09] [INFO] [45/50] rec_default_426606195_audio_1788985611722.mp3
[2026-10-08T18:35:44] [WARN] rec_default_426606195_audio_1788985611722.mp3 chunk@84.0s took 123s (normal is ~10-90s) — likely system memory pressure (check for other concurrent model processes), not a bug in this chunk.
[2026-10-08T18:42:26] [WARN] rec_default_426606195_audio_1788985611722.mp3 chunk@280.0s took 304s (normal is ~10-90s) — likely system memory pressure (check for other concurrent model processes), not a bug in this chunk.
[2026-10-08T18:42:26] [WARN] chunk classification JSON parse failed: Unterminated string starting at: line 1 column 30 (char 29)
[2026-10-08T18:43:38] [INFO] [46/50] rec_audio_call_426189476_audio_1788954198708.mp3
[2026-10-08T18:46:52] [INFO] [47/50] rec_default_426600174_audio_1788985087863.mp3
[2026-10-08T18:49:10] [INFO] [48/50] rec_audio_call_427027250_audio_1789033566943.mp3
[2026-10-08T18:50:28] [INFO] [49/50] rec_default_427000374_audio_1789031836869.mp3
[2026-10-08T18:50:58] [INFO] [50/50] rec_default_427035680_audio_1789034118532.mp3
[2026-10-08T18:52:06] [INFO] Done in 7847.8s — success=50 error=0 — missing fields (count of flags lacking each): c=0, speech_act=0, quote_type=223, violation=0, spk=0, ctx=0
