/Users/hemapunyamoorty/Desktop/os_moderation/.venv/lib/python3.9/site-packages/google/auth/__init__.py:54: FutureWarning: You are using a Python version 3.9 past its end of life. Google will update google-auth with critical bug fixes on a best-effort basis, but not with any other fixes or features. Please upgrade your Python version, and then update google-auth.
  warnings.warn(eol_message.format("3.9"), FutureWarning)
/Users/hemapunyamoorty/Desktop/os_moderation/.venv/lib/python3.9/site-packages/urllib3/__init__.py:35: NotOpenSSLWarning: urllib3 v2 only supports OpenSSL 1.1.1+, currently the 'ssl' module is compiled with 'LibreSSL 2.8.3'. See: https://github.com/urllib3/urllib3/issues/3020
  warnings.warn(
/Users/hemapunyamoorty/Desktop/os_moderation/.venv/lib/python3.9/site-packages/google/oauth2/__init__.py:40: FutureWarning: You are using a Python version 3.9 past its end of life. Google will update google-auth with critical bug fixes on a best-effort basis, but not with any other fixes or features. Please upgrade your Python version, and then update google-auth.
  warnings.warn(eol_message.format("3.9"), FutureWarning)
Warning: there are non-text parts in the response: ['thought_signature'], returning concatenated parsed result from text parts. Check the full candidates.content.parts accessor to get the full model response.
Warning: there are non-text parts in the response: ['thought_signature'], returning concatenated text result from text parts. Check the full candidates.content.parts accessor to get the full model response.
Warning: there are non-text parts in the response: ['thought_signature'], returning concatenated text result from text parts. Check the full candidates.content.parts accessor to get the full model response.
Warning: there are non-text parts in the response: ['thought_signature'], returning concatenated parsed result from text parts. Check the full candidates.content.parts accessor to get the full model response.
Warning: there are non-text parts in the response: ['thought_signature'], returning concatenated text result from text parts. Check the full candidates.content.parts accessor to get the full model response.
Warning: there are non-text parts in the response: ['thought_signature'], returning concatenated text result from text parts. Check the full candidates.content.parts accessor to get the full model response.
Warning: there are non-text parts in the response: ['thought_signature'], returning concatenated parsed result from text parts. Check the full candidates.content.parts accessor to get the full model response.
Warning: there are non-text parts in the response: ['thought_signature'], returning concatenated text result from text parts. Check the full candidates.content.parts accessor to get the full model response.
Warning: there are non-text parts in the response: ['thought_signature'], returning concatenated text result from text parts. Check the full candidates.content.parts accessor to get the full model response.
Warning: there are non-text parts in the response: ['thought_signature'], returning concatenated parsed result from text parts. Check the full candidates.content.parts accessor to get the full model response.
Warning: there are non-text parts in the response: ['thought_signature'], returning concatenated text result from text parts. Check the full candidates.content.parts accessor to get the full model response.
Warning: there are non-text parts in the response: ['thought_signature'], returning concatenated text result from text parts. Check the full candidates.content.parts accessor to get the full model response.
Warning: there are non-text parts in the response: ['thought_signature'], returning concatenated parsed result from text parts. Check the full candidates.content.parts accessor to get the full model response.
Warning: there are non-text parts in the response: ['thought_signature'], returning concatenated text result from text parts. Check the full candidates.content.parts accessor to get the full model response.
Warning: there are non-text parts in the response: ['thought_signature'], returning concatenated text result from text parts. Check the full candidates.content.parts accessor to get the full model response.
Warning: there are non-text parts in the response: ['thought_signature'], returning concatenated parsed result from text parts. Check the full candidates.content.parts accessor to get the full model response.
Warning: there are non-text parts in the response: ['thought_signature'], returning concatenated text result from text parts. Check the full candidates.content.parts accessor to get the full model response.
Warning: there are non-text parts in the response: ['thought_signature'], returning concatenated text result from text parts. Check the full candidates.content.parts accessor to get the full model response.
Warning: there are non-text parts in the response: ['thought_signature'], returning concatenated parsed result from text parts. Check the full candidates.content.parts accessor to get the full model response.
Warning: there are non-text parts in the response: ['thought_signature'], returning concatenated text result from text parts. Check the full candidates.content.parts accessor to get the full model response.
Warning: there are non-text parts in the response: ['thought_signature'], returning concatenated text result from text parts. Check the full candidates.content.parts accessor to get the full model response.
Warning: there are non-text parts in the response: ['thought_signature'], returning concatenated parsed result from text parts. Check the full candidates.content.parts accessor to get the full model response.
Warning: there are non-text parts in the response: ['thought_signature'], returning concatenated text result from text parts. Check the full candidates.content.parts accessor to get the full model response.
Warning: there are non-text parts in the response: ['thought_signature'], returning concatenated text result from text parts. Check the full candidates.content.parts accessor to get the full model response.
Warning: there are non-text parts in the response: ['thought_signature'], returning concatenated parsed result from text parts. Check the full candidates.content.parts accessor to get the full model response.
Warning: there are non-text parts in the response: ['thought_signature'], returning concatenated text result from text parts. Check the full candidates.content.parts accessor to get the full model response.
Warning: there are non-text parts in the response: ['thought_signature'], returning concatenated text result from text parts. Check the full candidates.content.parts accessor to get the full model response.
Warning: there are non-text parts in the response: ['thought_signature'], returning concatenated parsed result from text parts. Check the full candidates.content.parts accessor to get the full model response.
Warning: there are non-text parts in the response: ['thought_signature'], returning concatenated text result from text parts. Check the full candidates.content.parts accessor to get the full model response.
Warning: there are non-text parts in the response: ['thought_signature'], returning concatenated text result from text parts. Check the full candidates.content.parts accessor to get the full model response.
Warning: there are non-text parts in the response: ['thought_signature'], returning concatenated parsed result from text parts. Check the full candidates.content.parts accessor to get the full model response.
Warning: there are non-text parts in the response: ['thought_signature'], returning concatenated text result from text parts. Check the full candidates.content.parts accessor to get the full model response.
Warning: there are non-text parts in the response: ['thought_signature'], returning concatenated text result from text parts. Check the full candidates.content.parts accessor to get the full model response.
Warning: there are non-text parts in the response: ['thought_signature'], returning concatenated parsed result from text parts. Check the full candidates.content.parts accessor to get the full model response.
Warning: there are non-text parts in the response: ['thought_signature'], returning concatenated text result from text parts. Check the full candidates.content.parts accessor to get the full model response.
Warning: there are non-text parts in the response: ['thought_signature'], returning concatenated text result from text parts. Check the full candidates.content.parts accessor to get the full model response.
Warning: there are non-text parts in the response: ['thought_signature'], returning concatenated parsed result from text parts. Check the full candidates.content.parts accessor to get the full model response.
Warning: there are non-text parts in the response: ['thought_signature'], returning concatenated text result from text parts. Check the full candidates.content.parts accessor to get the full model response.
Warning: there are non-text parts in the response: ['thought_signature'], returning concatenated text result from text parts. Check the full candidates.content.parts accessor to get the full model response.
Warning: there are non-text parts in the response: ['thought_signature'], returning concatenated parsed result from text parts. Check the full candidates.content.parts accessor to get the full model response.
Warning: there are non-text parts in the response: ['thought_signature'], returning concatenated text result from text parts. Check the full candidates.content.parts accessor to get the full model response.
Warning: there are non-text parts in the response: ['thought_signature'], returning concatenated text result from text parts. Check the full candidates.content.parts accessor to get the full model response.
Warning: there are non-text parts in the response: ['thought_signature'], returning concatenated parsed result from text parts. Check the full candidates.content.parts accessor to get the full model response.
Warning: there are non-text parts in the response: ['thought_signature'], returning concatenated text result from text parts. Check the full candidates.content.parts accessor to get the full model response.
Warning: there are non-text parts in the response: ['thought_signature'], returning concatenated text result from text parts. Check the full candidates.content.parts accessor to get the full model response.
Warning: there are non-text parts in the response: ['thought_signature'], returning concatenated parsed result from text parts. Check the full candidates.content.parts accessor to get the full model response.
Warning: there are non-text parts in the response: ['thought_signature'], returning concatenated text result from text parts. Check the full candidates.content.parts accessor to get the full model response.
Warning: there are non-text parts in the response: ['thought_signature'], returning concatenated text result from text parts. Check the full candidates.content.parts accessor to get the full model response.
Warning: there are non-text parts in the response: ['thought_signature'], returning concatenated parsed result from text parts. Check the full candidates.content.parts accessor to get the full model response.
Warning: there are non-text parts in the response: ['thought_signature'], returning concatenated text result from text parts. Check the full candidates.content.parts accessor to get the full model response.
Warning: there are non-text parts in the response: ['thought_signature'], returning concatenated text result from text parts. Check the full candidates.content.parts accessor to get the full model response.
Warning: there are non-text parts in the response: ['thought_signature'], returning concatenated parsed result from text parts. Check the full candidates.content.parts accessor to get the full model response.
Warning: there are non-text parts in the response: ['thought_signature'], returning concatenated text result from text parts. Check the full candidates.content.parts accessor to get the full model response.
Warning: there are non-text parts in the response: ['thought_signature'], returning concatenated text result from text parts. Check the full candidates.content.parts accessor to get the full model response.
Warning: there are non-text parts in the response: ['thought_signature'], returning concatenated parsed result from text parts. Check the full candidates.content.parts accessor to get the full model response.
Warning: there are non-text parts in the response: ['thought_signature'], returning concatenated text result from text parts. Check the full candidates.content.parts accessor to get the full model response.
Warning: there are non-text parts in the response: ['thought_signature'], returning concatenated text result from text parts. Check the full candidates.content.parts accessor to get the full model response.
Warning: there are non-text parts in the response: ['thought_signature'], returning concatenated parsed result from text parts. Check the full candidates.content.parts accessor to get the full model response.
Warning: there are non-text parts in the response: ['thought_signature'], returning concatenated text result from text parts. Check the full candidates.content.parts accessor to get the full model response.
Warning: there are non-text parts in the response: ['thought_signature'], returning concatenated text result from text parts. Check the full candidates.content.parts accessor to get the full model response.
Warning: there are non-text parts in the response: ['thought_signature'], returning concatenated parsed result from text parts. Check the full candidates.content.parts accessor to get the full model response.
Warning: there are non-text parts in the response: ['thought_signature'], returning concatenated text result from text parts. Check the full candidates.content.parts accessor to get the full model response.
Warning: there are non-text parts in the response: ['thought_signature'], returning concatenated text result from text parts. Check the full candidates.content.parts accessor to get the full model response.
Warning: there are non-text parts in the response: ['thought_signature'], returning concatenated parsed result from text parts. Check the full candidates.content.parts accessor to get the full model response.
Warning: there are non-text parts in the response: ['thought_signature'], returning concatenated text result from text parts. Check the full candidates.content.parts accessor to get the full model response.
Warning: there are non-text parts in the response: ['thought_signature'], returning concatenated text result from text parts. Check the full candidates.content.parts accessor to get the full model response.
Warning: there are non-text parts in the response: ['thought_signature'], returning concatenated parsed result from text parts. Check the full candidates.content.parts accessor to get the full model response.
Warning: there are non-text parts in the response: ['thought_signature'], returning concatenated text result from text parts. Check the full candidates.content.parts accessor to get the full model response.
Warning: there are non-text parts in the response: ['thought_signature'], returning concatenated text result from text parts. Check the full candidates.content.parts accessor to get the full model response.
Warning: there are non-text parts in the response: ['thought_signature'], returning concatenated parsed result from text parts. Check the full candidates.content.parts accessor to get the full model response.
Warning: there are non-text parts in the response: ['thought_signature'], returning concatenated text result from text parts. Check the full candidates.content.parts accessor to get the full model response.
Warning: there are non-text parts in the response: ['thought_signature'], returning concatenated text result from text parts. Check the full candidates.content.parts accessor to get the full model response.
Warning: there are non-text parts in the response: ['thought_signature'], returning concatenated parsed result from text parts. Check the full candidates.content.parts accessor to get the full model response.
Warning: there are non-text parts in the response: ['thought_signature'], returning concatenated text result from text parts. Check the full candidates.content.parts accessor to get the full model response.
Warning: there are non-text parts in the response: ['thought_signature'], returning concatenated text result from text parts. Check the full candidates.content.parts accessor to get the full model response.
Warning: there are non-text parts in the response: ['thought_signature'], returning concatenated parsed result from text parts. Check the full candidates.content.parts accessor to get the full model response.
Warning: there are non-text parts in the response: ['thought_signature'], returning concatenated text result from text parts. Check the full candidates.content.parts accessor to get the full model response.
Warning: there are non-text parts in the response: ['thought_signature'], returning concatenated text result from text parts. Check the full candidates.content.parts accessor to get the full model response.
Warning: there are non-text parts in the response: ['thought_signature'], returning concatenated parsed result from text parts. Check the full candidates.content.parts accessor to get the full model response.
Warning: there are non-text parts in the response: ['thought_signature'], returning concatenated text result from text parts. Check the full candidates.content.parts accessor to get the full model response.
Warning: there are non-text parts in the response: ['thought_signature'], returning concatenated text result from text parts. Check the full candidates.content.parts accessor to get the full model response.
Warning: there are non-text parts in the response: ['thought_signature'], returning concatenated parsed result from text parts. Check the full candidates.content.parts accessor to get the full model response.
Warning: there are non-text parts in the response: ['thought_signature'], returning concatenated text result from text parts. Check the full candidates.content.parts accessor to get the full model response.
Warning: there are non-text parts in the response: ['thought_signature'], returning concatenated text result from text parts. Check the full candidates.content.parts accessor to get the full model response.
Warning: there are non-text parts in the response: ['thought_signature'], returning concatenated parsed result from text parts. Check the full candidates.content.parts accessor to get the full model response.
Warning: there are non-text parts in the response: ['thought_signature'], returning concatenated text result from text parts. Check the full candidates.content.parts accessor to get the full model response.
Warning: there are non-text parts in the response: ['thought_signature'], returning concatenated text result from text parts. Check the full candidates.content.parts accessor to get the full model response.
Warning: there are non-text parts in the response: ['thought_signature'], returning concatenated parsed result from text parts. Check the full candidates.content.parts accessor to get the full model response.
Warning: there are non-text parts in the response: ['thought_signature'], returning concatenated text result from text parts. Check the full candidates.content.parts accessor to get the full model response.
Warning: there are non-text parts in the response: ['thought_signature'], returning concatenated text result from text parts. Check the full candidates.content.parts accessor to get the full model response.
Warning: there are non-text parts in the response: ['thought_signature'], returning concatenated parsed result from text parts. Check the full candidates.content.parts accessor to get the full model response.
Warning: there are non-text parts in the response: ['thought_signature'], returning concatenated text result from text parts. Check the full candidates.content.parts accessor to get the full model response.
Warning: there are non-text parts in the response: ['thought_signature'], returning concatenated text result from text parts. Check the full candidates.content.parts accessor to get the full model response.
Warning: there are non-text parts in the response: ['thought_signature'], returning concatenated parsed result from text parts. Check the full candidates.content.parts accessor to get the full model response.
Warning: there are non-text parts in the response: ['thought_signature'], returning concatenated text result from text parts. Check the full candidates.content.parts accessor to get the full model response.
Warning: there are non-text parts in the response: ['thought_signature'], returning concatenated text result from text parts. Check the full candidates.content.parts accessor to get the full model response.
Warning: there are non-text parts in the response: ['thought_signature'], returning concatenated parsed result from text parts. Check the full candidates.content.parts accessor to get the full model response.
Warning: there are non-text parts in the response: ['thought_signature'], returning concatenated text result from text parts. Check the full candidates.content.parts accessor to get the full model response.
Warning: there are non-text parts in the response: ['thought_signature'], returning concatenated text result from text parts. Check the full candidates.content.parts accessor to get the full model response.
Warning: there are non-text parts in the response: ['thought_signature'], returning concatenated parsed result from text parts. Check the full candidates.content.parts accessor to get the full model response.
Warning: there are non-text parts in the response: ['thought_signature'], returning concatenated text result from text parts. Check the full candidates.content.parts accessor to get the full model response.
Warning: there are non-text parts in the response: ['thought_signature'], returning concatenated text result from text parts. Check the full candidates.content.parts accessor to get the full model response.
Warning: there are non-text parts in the response: ['thought_signature'], returning concatenated parsed result from text parts. Check the full candidates.content.parts accessor to get the full model response.
Warning: there are non-text parts in the response: ['thought_signature'], returning concatenated text result from text parts. Check the full candidates.content.parts accessor to get the full model response.
Warning: there are non-text parts in the response: ['thought_signature'], returning concatenated text result from text parts. Check the full candidates.content.parts accessor to get the full model response.
Warning: there are non-text parts in the response: ['thought_signature'], returning concatenated parsed result from text parts. Check the full candidates.content.parts accessor to get the full model response.
Warning: there are non-text parts in the response: ['thought_signature'], returning concatenated text result from text parts. Check the full candidates.content.parts accessor to get the full model response.
Warning: there are non-text parts in the response: ['thought_signature'], returning concatenated text result from text parts. Check the full candidates.content.parts accessor to get the full model response.
Warning: there are non-text parts in the response: ['thought_signature'], returning concatenated parsed result from text parts. Check the full candidates.content.parts accessor to get the full model response.
Warning: there are non-text parts in the response: ['thought_signature'], returning concatenated text result from text parts. Check the full candidates.content.parts accessor to get the full model response.
Warning: there are non-text parts in the response: ['thought_signature'], returning concatenated text result from text parts. Check the full candidates.content.parts accessor to get the full model response.
Warning: there are non-text parts in the response: ['thought_signature'], returning concatenated parsed result from text parts. Check the full candidates.content.parts accessor to get the full model response.
Warning: there are non-text parts in the response: ['thought_signature'], returning concatenated text result from text parts. Check the full candidates.content.parts accessor to get the full model response.
Warning: there are non-text parts in the response: ['thought_signature'], returning concatenated text result from text parts. Check the full candidates.content.parts accessor to get the full model response.
Warning: there are non-text parts in the response: ['thought_signature'], returning concatenated parsed result from text parts. Check the full candidates.content.parts accessor to get the full model response.
Warning: there are non-text parts in the response: ['thought_signature'], returning concatenated text result from text parts. Check the full candidates.content.parts accessor to get the full model response.
Warning: there are non-text parts in the response: ['thought_signature'], returning concatenated text result from text parts. Check the full candidates.content.parts accessor to get the full model response.
Warning: there are non-text parts in the response: ['thought_signature'], returning concatenated parsed result from text parts. Check the full candidates.content.parts accessor to get the full model response.
Warning: there are non-text parts in the response: ['thought_signature'], returning concatenated text result from text parts. Check the full candidates.content.parts accessor to get the full model response.
Warning: there are non-text parts in the response: ['thought_signature'], returning concatenated text result from text parts. Check the full candidates.content.parts accessor to get the full model response.
Warning: there are non-text parts in the response: ['thought_signature'], returning concatenated parsed result from text parts. Check the full candidates.content.parts accessor to get the full model response.
Warning: there are non-text parts in the response: ['thought_signature'], returning concatenated text result from text parts. Check the full candidates.content.parts accessor to get the full model response.
Warning: there are non-text parts in the response: ['thought_signature'], returning concatenated text result from text parts. Check the full candidates.content.parts accessor to get the full model response.
Warning: there are non-text parts in the response: ['thought_signature'], returning concatenated parsed result from text parts. Check the full candidates.content.parts accessor to get the full model response.
Warning: there are non-text parts in the response: ['thought_signature'], returning concatenated text result from text parts. Check the full candidates.content.parts accessor to get the full model response.
Warning: there are non-text parts in the response: ['thought_signature'], returning concatenated text result from text parts. Check the full candidates.content.parts accessor to get the full model response.
Warning: there are non-text parts in the response: ['thought_signature'], returning concatenated parsed result from text parts. Check the full candidates.content.parts accessor to get the full model response.
Warning: there are non-text parts in the response: ['thought_signature'], returning concatenated text result from text parts. Check the full candidates.content.parts accessor to get the full model response.
Warning: there are non-text parts in the response: ['thought_signature'], returning concatenated text result from text parts. Check the full candidates.content.parts accessor to get the full model response.
Warning: there are non-text parts in the response: ['thought_signature'], returning concatenated parsed result from text parts. Check the full candidates.content.parts accessor to get the full model response.
Warning: there are non-text parts in the response: ['thought_signature'], returning concatenated text result from text parts. Check the full candidates.content.parts accessor to get the full model response.
Warning: there are non-text parts in the response: ['thought_signature'], returning concatenated text result from text parts. Check the full candidates.content.parts accessor to get the full model response.
Warning: there are non-text parts in the response: ['thought_signature'], returning concatenated parsed result from text parts. Check the full candidates.content.parts accessor to get the full model response.
Warning: there are non-text parts in the response: ['thought_signature'], returning concatenated text result from text parts. Check the full candidates.content.parts accessor to get the full model response.
Warning: there are non-text parts in the response: ['thought_signature'], returning concatenated text result from text parts. Check the full candidates.content.parts accessor to get the full model response.
Warning: there are non-text parts in the response: ['thought_signature'], returning concatenated parsed result from text parts. Check the full candidates.content.parts accessor to get the full model response.
Warning: there are non-text parts in the response: ['thought_signature'], returning concatenated text result from text parts. Check the full candidates.content.parts accessor to get the full model response.
Warning: there are non-text parts in the response: ['thought_signature'], returning concatenated text result from text parts. Check the full candidates.content.parts accessor to get the full model response.
[2026-10-07T13:07:24] [ERROR] e2b_nothinking::rec_audio_call_425933838_audio_1788934868635.mp3: matched-GT recompute STILL disagrees with cached flag_tp (3 vs 1) after isolated retry — marking UNVERIFIED, MATCHER_MISS/DUPLICATE code-level enforcement disabled for its flags
[2026-10-07T13:07:24] [ERROR] e2b_nothinking::rec_audio_call_426035272_audio_1788942782972.mp3: matched-GT recompute STILL disagrees with cached flag_tp (3 vs 2) after isolated retry — marking UNVERIFIED, MATCHER_MISS/DUPLICATE code-level enforcement disabled for its flags
[2026-10-07T13:07:24] [ERROR] e2b_nothinking::rec_audio_call_426339629_audio_1788968889098.mp3: matched-GT recompute STILL disagrees with cached flag_tp (2 vs 3) after isolated retry — marking UNVERIFIED, MATCHER_MISS/DUPLICATE code-level enforcement disabled for its flags
[2026-10-07T13:07:24] [ERROR] e2b_nothinking::rec_audio_call_426416419_audio_1788974369340.mp3: matched-GT recompute STILL disagrees with cached flag_tp (2 vs 4) after isolated retry — marking UNVERIFIED, MATCHER_MISS/DUPLICATE code-level enforcement disabled for its flags
[2026-10-07T13:07:24] [ERROR] e2b_nothinking::rec_audio_call_427027250_audio_1789033566943.mp3: matched-GT recompute STILL disagrees with cached flag_tp (1 vs 2) after isolated retry — marking UNVERIFIED, MATCHER_MISS/DUPLICATE code-level enforcement disabled for its flags
[2026-10-07T13:07:24] [ERROR] e2b_nothinking::rec_default_425942168_audio_1788935504071.mp3: matched-GT recompute STILL disagrees with cached flag_tp (4 vs 3) after isolated retry — marking UNVERIFIED, MATCHER_MISS/DUPLICATE code-level enforcement disabled for its flags
[2026-10-07T13:07:24] [ERROR] e2b_nothinking::rec_default_426603278_audio_1788985350942.mp3: matched-GT recompute STILL disagrees with cached flag_tp (2 vs 1) after isolated retry — marking UNVERIFIED, MATCHER_MISS/DUPLICATE code-level enforcement disabled for its flags
[2026-10-07T13:07:24] [ERROR] e2b_nothinking::rec_default_426645015_audio_1788990433927.mp3: matched-GT recompute STILL disagrees with cached flag_tp (2 vs 1) after isolated retry — marking UNVERIFIED, MATCHER_MISS/DUPLICATE code-level enforcement disabled for its flags
[2026-10-07T13:07:24] [ERROR] e2b_thinking::rec_audio_call_425933838_audio_1788934868635.mp3: matched-GT recompute STILL disagrees with cached flag_tp (3 vs 1) after isolated retry — marking UNVERIFIED, MATCHER_MISS/DUPLICATE code-level enforcement disabled for its flags
[2026-10-07T13:07:24] [ERROR] e2b_thinking::rec_audio_call_426851772_audio_1789020879921.mp3: matched-GT recompute STILL disagrees with cached flag_tp (1 vs 0) after isolated retry — marking UNVERIFIED, MATCHER_MISS/DUPLICATE code-level enforcement disabled for its flags
[2026-10-07T13:07:24] [ERROR] e2b_thinking::rec_default_425476935_audio_1788886067609.mp3: matched-GT recompute STILL disagrees with cached flag_tp (1 vs 2) after isolated retry — marking UNVERIFIED, MATCHER_MISS/DUPLICATE code-level enforcement disabled for its flags
[2026-10-07T13:07:24] [ERROR] e2b_thinking::rec_default_425778316_audio_1788916552817.mp3: matched-GT recompute STILL disagrees with cached flag_tp (3 vs 2) after isolated retry — marking UNVERIFIED, MATCHER_MISS/DUPLICATE code-level enforcement disabled for its flags
[2026-10-07T13:07:24] [ERROR] e2b_thinking::rec_default_425912424_audio_1788933213081.mp3: matched-GT recompute STILL disagrees with cached flag_tp (1 vs 2) after isolated retry — marking UNVERIFIED, MATCHER_MISS/DUPLICATE code-level enforcement disabled for its flags
[2026-10-07T13:07:24] [ERROR] e2b_thinking::rec_default_425942168_audio_1788935504071.mp3: matched-GT recompute STILL disagrees with cached flag_tp (2 vs 3) after isolated retry — marking UNVERIFIED, MATCHER_MISS/DUPLICATE code-level enforcement disabled for its flags
[2026-10-07T13:07:24] [ERROR] e2b_thinking::rec_default_426645015_audio_1788990433927.mp3: matched-GT recompute STILL disagrees with cached flag_tp (2 vs 1) after isolated retry — marking UNVERIFIED, MATCHER_MISS/DUPLICATE code-level enforcement disabled for its flags
[2026-10-07T13:07:24] [ERROR] e4b_nothinking::rec_audio_call_425933838_audio_1788934868635.mp3: matched-GT recompute STILL disagrees with cached flag_tp (3 vs 2) after isolated retry — marking UNVERIFIED, MATCHER_MISS/DUPLICATE code-level enforcement disabled for its flags
[2026-10-07T13:07:24] [ERROR] e4b_nothinking::rec_audio_call_426416419_audio_1788974369340.mp3: matched-GT recompute STILL disagrees with cached flag_tp (2 vs 1) after isolated retry — marking UNVERIFIED, MATCHER_MISS/DUPLICATE code-level enforcement disabled for its flags
[2026-10-07T13:07:24] [ERROR] e4b_nothinking::rec_audio_call_427027250_audio_1789033566943.mp3: matched-GT recompute STILL disagrees with cached flag_tp (0 vs 1) after isolated retry — marking UNVERIFIED, MATCHER_MISS/DUPLICATE code-level enforcement disabled for its flags
[2026-10-07T13:07:24] [ERROR] e4b_thinking::rec_audio_call_425933838_audio_1788934868635.mp3: matched-GT recompute STILL disagrees with cached flag_tp (3 vs 2) after isolated retry — marking UNVERIFIED, MATCHER_MISS/DUPLICATE code-level enforcement disabled for its flags
[2026-10-07T13:07:24] [ERROR] e4b_thinking::rec_default_426645015_audio_1788990433927.mp3: matched-GT recompute STILL disagrees with cached flag_tp (1 vs 0) after isolated retry — marking UNVERIFIED, MATCHER_MISS/DUPLICATE code-level enforcement disabled for its flags
Warning: there are non-text parts in the response: ['thought_signature'], returning concatenated parsed result from text parts. Check the full candidates.content.parts accessor to get the full model response.
Warning: there are non-text parts in the response: ['thought_signature'], returning concatenated text result from text parts. Check the full candidates.content.parts accessor to get the full model response.
Warning: there are non-text parts in the response: ['thought_signature'], returning concatenated text result from text parts. Check the full candidates.content.parts accessor to get the full model response.
Warning: there are non-text parts in the response: ['thought_signature'], returning concatenated parsed result from text parts. Check the full candidates.content.parts accessor to get the full model response.
Warning: there are non-text parts in the response: ['thought_signature'], returning concatenated text result from text parts. Check the full candidates.content.parts accessor to get the full model response.
Warning: there are non-text parts in the response: ['thought_signature'], returning concatenated text result from text parts. Check the full candidates.content.parts accessor to get the full model response.
Warning: there are non-text parts in the response: ['thought_signature'], returning concatenated parsed result from text parts. Check the full candidates.content.parts accessor to get the full model response.
Warning: there are non-text parts in the response: ['thought_signature'], returning concatenated text result from text parts. Check the full candidates.content.parts accessor to get the full model response.
Warning: there are non-text parts in the response: ['thought_signature'], returning concatenated text result from text parts. Check the full candidates.content.parts accessor to get the full model response.
Warning: there are non-text parts in the response: ['thought_signature'], returning concatenated parsed result from text parts. Check the full candidates.content.parts accessor to get the full model response.
Warning: there are non-text parts in the response: ['thought_signature'], returning concatenated text result from text parts. Check the full candidates.content.parts accessor to get the full model response.
Warning: there are non-text parts in the response: ['thought_signature'], returning concatenated text result from text parts. Check the full candidates.content.parts accessor to get the full model response.
Warning: there are non-text parts in the response: ['thought_signature'], returning concatenated parsed result from text parts. Check the full candidates.content.parts accessor to get the full model response.
Warning: there are non-text parts in the response: ['thought_signature'], returning concatenated text result from text parts. Check the full candidates.content.parts accessor to get the full model response.
Warning: there are non-text parts in the response: ['thought_signature'], returning concatenated text result from text parts. Check the full candidates.content.parts accessor to get the full model response.
Warning: there are non-text parts in the response: ['thought_signature'], returning concatenated parsed result from text parts. Check the full candidates.content.parts accessor to get the full model response.
Warning: there are non-text parts in the response: ['thought_signature'], returning concatenated text result from text parts. Check the full candidates.content.parts accessor to get the full model response.
Warning: there are non-text parts in the response: ['thought_signature'], returning concatenated text result from text parts. Check the full candidates.content.parts accessor to get the full model response.
Warning: there are non-text parts in the response: ['thought_signature'], returning concatenated parsed result from text parts. Check the full candidates.content.parts accessor to get the full model response.
Warning: there are non-text parts in the response: ['thought_signature'], returning concatenated text result from text parts. Check the full candidates.content.parts accessor to get the full model response.
Warning: there are non-text parts in the response: ['thought_signature'], returning concatenated text result from text parts. Check the full candidates.content.parts accessor to get the full model response.
Warning: there are non-text parts in the response: ['thought_signature'], returning concatenated parsed result from text parts. Check the full candidates.content.parts accessor to get the full model response.
Warning: there are non-text parts in the response: ['thought_signature'], returning concatenated text result from text parts. Check the full candidates.content.parts accessor to get the full model response.
Warning: there are non-text parts in the response: ['thought_signature'], returning concatenated text result from text parts. Check the full candidates.content.parts accessor to get the full model response.
Warning: there are non-text parts in the response: ['thought_signature'], returning concatenated parsed result from text parts. Check the full candidates.content.parts accessor to get the full model response.
Warning: there are non-text parts in the response: ['thought_signature'], returning concatenated text result from text parts. Check the full candidates.content.parts accessor to get the full model response.
Warning: there are non-text parts in the response: ['thought_signature'], returning concatenated text result from text parts. Check the full candidates.content.parts accessor to get the full model response.
Warning: there are non-text parts in the response: ['thought_signature'], returning concatenated parsed result from text parts. Check the full candidates.content.parts accessor to get the full model response.
Warning: there are non-text parts in the response: ['thought_signature'], returning concatenated text result from text parts. Check the full candidates.content.parts accessor to get the full model response.
Warning: there are non-text parts in the response: ['thought_signature'], returning concatenated text result from text parts. Check the full candidates.content.parts accessor to get the full model response.
Warning: there are non-text parts in the response: ['thought_signature'], returning concatenated parsed result from text parts. Check the full candidates.content.parts accessor to get the full model response.
Warning: there are non-text parts in the response: ['thought_signature'], returning concatenated text result from text parts. Check the full candidates.content.parts accessor to get the full model response.
Warning: there are non-text parts in the response: ['thought_signature'], returning concatenated text result from text parts. Check the full candidates.content.parts accessor to get the full model response.
Warning: there are non-text parts in the response: ['thought_signature'], returning concatenated parsed result from text parts. Check the full candidates.content.parts accessor to get the full model response.
Warning: there are non-text parts in the response: ['thought_signature'], returning concatenated text result from text parts. Check the full candidates.content.parts accessor to get the full model response.
Warning: there are non-text parts in the response: ['thought_signature'], returning concatenated text result from text parts. Check the full candidates.content.parts accessor to get the full model response.
Warning: there are non-text parts in the response: ['thought_signature'], returning concatenated parsed result from text parts. Check the full candidates.content.parts accessor to get the full model response.
Warning: there are non-text parts in the response: ['thought_signature'], returning concatenated text result from text parts. Check the full candidates.content.parts accessor to get the full model response.
Warning: there are non-text parts in the response: ['thought_signature'], returning concatenated text result from text parts. Check the full candidates.content.parts accessor to get the full model response.
Warning: there are non-text parts in the response: ['thought_signature'], returning concatenated parsed result from text parts. Check the full candidates.content.parts accessor to get the full model response.
Warning: there are non-text parts in the response: ['thought_signature'], returning concatenated text result from text parts. Check the full candidates.content.parts accessor to get the full model response.
Warning: there are non-text parts in the response: ['thought_signature'], returning concatenated text result from text parts. Check the full candidates.content.parts accessor to get the full model response.
Warning: there are non-text parts in the response: ['thought_signature'], returning concatenated parsed result from text parts. Check the full candidates.content.parts accessor to get the full model response.
Warning: there are non-text parts in the response: ['thought_signature'], returning concatenated text result from text parts. Check the full candidates.content.parts accessor to get the full model response.
Warning: there are non-text parts in the response: ['thought_signature'], returning concatenated text result from text parts. Check the full candidates.content.parts accessor to get the full model response.
Warning: there are non-text parts in the response: ['thought_signature'], returning concatenated parsed result from text parts. Check the full candidates.content.parts accessor to get the full model response.
Warning: there are non-text parts in the response: ['thought_signature'], returning concatenated text result from text parts. Check the full candidates.content.parts accessor to get the full model response.
Warning: there are non-text parts in the response: ['thought_signature'], returning concatenated text result from text parts. Check the full candidates.content.parts accessor to get the full model response.
Warning: there are non-text parts in the response: ['thought_signature'], returning concatenated parsed result from text parts. Check the full candidates.content.parts accessor to get the full model response.
Warning: there are non-text parts in the response: ['thought_signature'], returning concatenated text result from text parts. Check the full candidates.content.parts accessor to get the full model response.
Warning: there are non-text parts in the response: ['thought_signature'], returning concatenated text result from text parts. Check the full candidates.content.parts accessor to get the full model response.
Warning: there are non-text parts in the response: ['thought_signature'], returning concatenated parsed result from text parts. Check the full candidates.content.parts accessor to get the full model response.
Warning: there are non-text parts in the response: ['thought_signature'], returning concatenated text result from text parts. Check the full candidates.content.parts accessor to get the full model response.
Warning: there are non-text parts in the response: ['thought_signature'], returning concatenated text result from text parts. Check the full candidates.content.parts accessor to get the full model response.
Warning: there are non-text parts in the response: ['thought_signature'], returning concatenated parsed result from text parts. Check the full candidates.content.parts accessor to get the full model response.
Warning: there are non-text parts in the response: ['thought_signature'], returning concatenated text result from text parts. Check the full candidates.content.parts accessor to get the full model response.
Warning: there are non-text parts in the response: ['thought_signature'], returning concatenated text result from text parts. Check the full candidates.content.parts accessor to get the full model response.
Warning: there are non-text parts in the response: ['thought_signature'], returning concatenated parsed result from text parts. Check the full candidates.content.parts accessor to get the full model response.
Warning: there are non-text parts in the response: ['thought_signature'], returning concatenated text result from text parts. Check the full candidates.content.parts accessor to get the full model response.
Warning: there are non-text parts in the response: ['thought_signature'], returning concatenated text result from text parts. Check the full candidates.content.parts accessor to get the full model response.
Warning: there are non-text parts in the response: ['thought_signature'], returning concatenated parsed result from text parts. Check the full candidates.content.parts accessor to get the full model response.
Warning: there are non-text parts in the response: ['thought_signature'], returning concatenated text result from text parts. Check the full candidates.content.parts accessor to get the full model response.
Warning: there are non-text parts in the response: ['thought_signature'], returning concatenated text result from text parts. Check the full candidates.content.parts accessor to get the full model response.
Warning: there are non-text parts in the response: ['thought_signature'], returning concatenated parsed result from text parts. Check the full candidates.content.parts accessor to get the full model response.
Warning: there are non-text parts in the response: ['thought_signature'], returning concatenated text result from text parts. Check the full candidates.content.parts accessor to get the full model response.
Warning: there are non-text parts in the response: ['thought_signature'], returning concatenated text result from text parts. Check the full candidates.content.parts accessor to get the full model response.
Warning: there are non-text parts in the response: ['thought_signature'], returning concatenated parsed result from text parts. Check the full candidates.content.parts accessor to get the full model response.
Warning: there are non-text parts in the response: ['thought_signature'], returning concatenated text result from text parts. Check the full candidates.content.parts accessor to get the full model response.
Warning: there are non-text parts in the response: ['thought_signature'], returning concatenated text result from text parts. Check the full candidates.content.parts accessor to get the full model response.
Warning: there are non-text parts in the response: ['thought_signature'], returning concatenated parsed result from text parts. Check the full candidates.content.parts accessor to get the full model response.
Warning: there are non-text parts in the response: ['thought_signature'], returning concatenated text result from text parts. Check the full candidates.content.parts accessor to get the full model response.
Warning: there are non-text parts in the response: ['thought_signature'], returning concatenated text result from text parts. Check the full candidates.content.parts accessor to get the full model response.
Warning: there are non-text parts in the response: ['thought_signature'], returning concatenated parsed result from text parts. Check the full candidates.content.parts accessor to get the full model response.
Warning: there are non-text parts in the response: ['thought_signature'], returning concatenated text result from text parts. Check the full candidates.content.parts accessor to get the full model response.
Warning: there are non-text parts in the response: ['thought_signature'], returning concatenated text result from text parts. Check the full candidates.content.parts accessor to get the full model response.
Warning: there are non-text parts in the response: ['thought_signature'], returning concatenated parsed result from text parts. Check the full candidates.content.parts accessor to get the full model response.
Warning: there are non-text parts in the response: ['thought_signature'], returning concatenated text result from text parts. Check the full candidates.content.parts accessor to get the full model response.
Warning: there are non-text parts in the response: ['thought_signature'], returning concatenated text result from text parts. Check the full candidates.content.parts accessor to get the full model response.
Warning: there are non-text parts in the response: ['thought_signature'], returning concatenated parsed result from text parts. Check the full candidates.content.parts accessor to get the full model response.
Warning: there are non-text parts in the response: ['thought_signature'], returning concatenated text result from text parts. Check the full candidates.content.parts accessor to get the full model response.
Warning: there are non-text parts in the response: ['thought_signature'], returning concatenated text result from text parts. Check the full candidates.content.parts accessor to get the full model response.
Warning: there are non-text parts in the response: ['thought_signature'], returning concatenated parsed result from text parts. Check the full candidates.content.parts accessor to get the full model response.
Warning: there are non-text parts in the response: ['thought_signature'], returning concatenated text result from text parts. Check the full candidates.content.parts accessor to get the full model response.
Warning: there are non-text parts in the response: ['thought_signature'], returning concatenated text result from text parts. Check the full candidates.content.parts accessor to get the full model response.
Warning: there are non-text parts in the response: ['thought_signature'], returning concatenated parsed result from text parts. Check the full candidates.content.parts accessor to get the full model response.
Warning: there are non-text parts in the response: ['thought_signature'], returning concatenated text result from text parts. Check the full candidates.content.parts accessor to get the full model response.
Warning: there are non-text parts in the response: ['thought_signature'], returning concatenated text result from text parts. Check the full candidates.content.parts accessor to get the full model response.
Warning: there are non-text parts in the response: ['thought_signature'], returning concatenated parsed result from text parts. Check the full candidates.content.parts accessor to get the full model response.
Warning: there are non-text parts in the response: ['thought_signature'], returning concatenated text result from text parts. Check the full candidates.content.parts accessor to get the full model response.
Warning: there are non-text parts in the response: ['thought_signature'], returning concatenated text result from text parts. Check the full candidates.content.parts accessor to get the full model response.
Warning: there are non-text parts in the response: ['thought_signature'], returning concatenated parsed result from text parts. Check the full candidates.content.parts accessor to get the full model response.
Warning: there are non-text parts in the response: ['thought_signature'], returning concatenated text result from text parts. Check the full candidates.content.parts accessor to get the full model response.
Warning: there are non-text parts in the response: ['thought_signature'], returning concatenated text result from text parts. Check the full candidates.content.parts accessor to get the full model response.
Warning: there are non-text parts in the response: ['thought_signature'], returning concatenated parsed result from text parts. Check the full candidates.content.parts accessor to get the full model response.
Warning: there are non-text parts in the response: ['thought_signature'], returning concatenated text result from text parts. Check the full candidates.content.parts accessor to get the full model response.
Warning: there are non-text parts in the response: ['thought_signature'], returning concatenated text result from text parts. Check the full candidates.content.parts accessor to get the full model response.
Warning: there are non-text parts in the response: ['thought_signature'], returning concatenated parsed result from text parts. Check the full candidates.content.parts accessor to get the full model response.
Warning: there are non-text parts in the response: ['thought_signature'], returning concatenated text result from text parts. Check the full candidates.content.parts accessor to get the full model response.
Warning: there are non-text parts in the response: ['thought_signature'], returning concatenated text result from text parts. Check the full candidates.content.parts accessor to get the full model response.
Warning: there are non-text parts in the response: ['thought_signature'], returning concatenated parsed result from text parts. Check the full candidates.content.parts accessor to get the full model response.
Warning: there are non-text parts in the response: ['thought_signature'], returning concatenated text result from text parts. Check the full candidates.content.parts accessor to get the full model response.
Warning: there are non-text parts in the response: ['thought_signature'], returning concatenated text result from text parts. Check the full candidates.content.parts accessor to get the full model response.
Warning: there are non-text parts in the response: ['thought_signature'], returning concatenated parsed result from text parts. Check the full candidates.content.parts accessor to get the full model response.
Warning: there are non-text parts in the response: ['thought_signature'], returning concatenated text result from text parts. Check the full candidates.content.parts accessor to get the full model response.
Warning: there are non-text parts in the response: ['thought_signature'], returning concatenated text result from text parts. Check the full candidates.content.parts accessor to get the full model response.
Warning: there are non-text parts in the response: ['thought_signature'], returning concatenated parsed result from text parts. Check the full candidates.content.parts accessor to get the full model response.
Warning: there are non-text parts in the response: ['thought_signature'], returning concatenated text result from text parts. Check the full candidates.content.parts accessor to get the full model response.
Warning: there are non-text parts in the response: ['thought_signature'], returning concatenated text result from text parts. Check the full candidates.content.parts accessor to get the full model response.
Warning: there are non-text parts in the response: ['thought_signature'], returning concatenated parsed result from text parts. Check the full candidates.content.parts accessor to get the full model response.
Warning: there are non-text parts in the response: ['thought_signature'], returning concatenated text result from text parts. Check the full candidates.content.parts accessor to get the full model response.
Warning: there are non-text parts in the response: ['thought_signature'], returning concatenated text result from text parts. Check the full candidates.content.parts accessor to get the full model response.
Warning: there are non-text parts in the response: ['thought_signature'], returning concatenated parsed result from text parts. Check the full candidates.content.parts accessor to get the full model response.
Warning: there are non-text parts in the response: ['thought_signature'], returning concatenated text result from text parts. Check the full candidates.content.parts accessor to get the full model response.
Warning: there are non-text parts in the response: ['thought_signature'], returning concatenated text result from text parts. Check the full candidates.content.parts accessor to get the full model response.
Warning: there are non-text parts in the response: ['thought_signature'], returning concatenated parsed result from text parts. Check the full candidates.content.parts accessor to get the full model response.
Warning: there are non-text parts in the response: ['thought_signature'], returning concatenated text result from text parts. Check the full candidates.content.parts accessor to get the full model response.
Warning: there are non-text parts in the response: ['thought_signature'], returning concatenated text result from text parts. Check the full candidates.content.parts accessor to get the full model response.
Warning: there are non-text parts in the response: ['thought_signature'], returning concatenated parsed result from text parts. Check the full candidates.content.parts accessor to get the full model response.
Warning: there are non-text parts in the response: ['thought_signature'], returning concatenated text result from text parts. Check the full candidates.content.parts accessor to get the full model response.
Warning: there are non-text parts in the response: ['thought_signature'], returning concatenated text result from text parts. Check the full candidates.content.parts accessor to get the full model response.
Warning: there are non-text parts in the response: ['thought_signature'], returning concatenated parsed result from text parts. Check the full candidates.content.parts accessor to get the full model response.
Warning: there are non-text parts in the response: ['thought_signature'], returning concatenated text result from text parts. Check the full candidates.content.parts accessor to get the full model response.
Warning: there are non-text parts in the response: ['thought_signature'], returning concatenated text result from text parts. Check the full candidates.content.parts accessor to get the full model response.
Warning: there are non-text parts in the response: ['thought_signature'], returning concatenated parsed result from text parts. Check the full candidates.content.parts accessor to get the full model response.
Warning: there are non-text parts in the response: ['thought_signature'], returning concatenated text result from text parts. Check the full candidates.content.parts accessor to get the full model response.
Warning: there are non-text parts in the response: ['thought_signature'], returning concatenated text result from text parts. Check the full candidates.content.parts accessor to get the full model response.
Warning: there are non-text parts in the response: ['thought_signature'], returning concatenated parsed result from text parts. Check the full candidates.content.parts accessor to get the full model response.
Warning: there are non-text parts in the response: ['thought_signature'], returning concatenated text result from text parts. Check the full candidates.content.parts accessor to get the full model response.
Warning: there are non-text parts in the response: ['thought_signature'], returning concatenated text result from text parts. Check the full candidates.content.parts accessor to get the full model response.
Warning: there are non-text parts in the response: ['thought_signature'], returning concatenated parsed result from text parts. Check the full candidates.content.parts accessor to get the full model response.
Warning: there are non-text parts in the response: ['thought_signature'], returning concatenated text result from text parts. Check the full candidates.content.parts accessor to get the full model response.
Warning: there are non-text parts in the response: ['thought_signature'], returning concatenated text result from text parts. Check the full candidates.content.parts accessor to get the full model response.
Warning: there are non-text parts in the response: ['thought_signature'], returning concatenated parsed result from text parts. Check the full candidates.content.parts accessor to get the full model response.
Warning: there are non-text parts in the response: ['thought_signature'], returning concatenated text result from text parts. Check the full candidates.content.parts accessor to get the full model response.
Warning: there are non-text parts in the response: ['thought_signature'], returning concatenated text result from text parts. Check the full candidates.content.parts accessor to get the full model response.
Warning: there are non-text parts in the response: ['thought_signature'], returning concatenated parsed result from text parts. Check the full candidates.content.parts accessor to get the full model response.
Warning: there are non-text parts in the response: ['thought_signature'], returning concatenated text result from text parts. Check the full candidates.content.parts accessor to get the full model response.
Warning: there are non-text parts in the response: ['thought_signature'], returning concatenated text result from text parts. Check the full candidates.content.parts accessor to get the full model response.
Warning: there are non-text parts in the response: ['thought_signature'], returning concatenated parsed result from text parts. Check the full candidates.content.parts accessor to get the full model response.
Warning: there are non-text parts in the response: ['thought_signature'], returning concatenated text result from text parts. Check the full candidates.content.parts accessor to get the full model response.
Warning: there are non-text parts in the response: ['thought_signature'], returning concatenated text result from text parts. Check the full candidates.content.parts accessor to get the full model response.
Warning: there are non-text parts in the response: ['thought_signature'], returning concatenated parsed result from text parts. Check the full candidates.content.parts accessor to get the full model response.
Warning: there are non-text parts in the response: ['thought_signature'], returning concatenated text result from text parts. Check the full candidates.content.parts accessor to get the full model response.
Warning: there are non-text parts in the response: ['thought_signature'], returning concatenated text result from text parts. Check the full candidates.content.parts accessor to get the full model response.
Warning: there are non-text parts in the response: ['thought_signature'], returning concatenated parsed result from text parts. Check the full candidates.content.parts accessor to get the full model response.
Warning: there are non-text parts in the response: ['thought_signature'], returning concatenated text result from text parts. Check the full candidates.content.parts accessor to get the full model response.
Warning: there are non-text parts in the response: ['thought_signature'], returning concatenated text result from text parts. Check the full candidates.content.parts accessor to get the full model response.
