[2026-09-24T12:44:02] [INFO] Loading google/gemma-4-E2B-it (thinking=True)...
Warning: You are sending unauthenticated requests to the HF Hub. Please set a HF_TOKEN to enable higher rate limits and faster downloads.
Loading weights:   0%|          | 0/1951 [00:00<?, ?it/s]Loading weights:  39%|███▊      | 752/1951 [00:00<00:01, 1156.60it/s]Loading weights:  49%|████▉     | 956/1951 [00:00<00:00, 1312.93it/s]Loading weights:  58%|█████▊    | 1123/1951 [00:00<00:00, 1294.83it/s]Loading weights:  65%|██████▌   | 1271/1951 [00:01<00:00, 1225.51it/s]Loading weights: 100%|██████████| 1951/1951 [00:01<00:00, 2433.32it/s]Loading weights: 100%|██████████| 1951/1951 [00:01<00:00, 1726.06it/s]
[load_model] requested attn_implementation='sdpa', model reports 'sdpa'
[2026-09-24T12:44:09] [INFO] Model loaded.
[2026-09-24T12:44:09] [INFO] Skipping 9 already-done file(s)
[2026-09-24T12:44:09] [INFO] [1/41] rec_audio_call_426851772_audio_1789020879921.mp3
[2026-09-24T12:46:39] [INFO] [2/41] rec_default_426634262_audio_1788988662985.mp3
[2026-09-24T12:47:26] [INFO] [3/41] rec_audio_call_424416192_audio_1788788125311.mp3
[2026-09-24T12:49:31] [WARN] rec_audio_call_424416192_audio_1788788125311.mp3 chunk@0.0s took 125s (normal is ~10-90s) — likely system memory pressure (check for other concurrent model processes), not a bug in this chunk.
[2026-09-24T12:49:31] [WARN] chunk classification JSON parse failed: Expecting value: line 1 column 1 (char 0)
[2026-09-24T12:52:11] [INFO] [4/41] rec_default_426593601_audio_1788984536403.mp3
[2026-09-24T12:54:28] [INFO] [5/41] rec_default_426620137_audio_1788986984372.mp3
[2026-09-24T12:56:47] [WARN] model returned unexpected JSON top-level type str, treating as no flags
[2026-09-24T12:56:47] [INFO] [6/41] rec_default_426633368_audio_1788988531170.mp3
[2026-09-24T12:58:38] [INFO] [7/41] rec_audio_call_426416419_audio_1788974369340.mp3
[2026-09-24T13:00:41] [INFO] [8/41] rec_audio_call_420511856_audio_1788424457087.mp3
[2026-09-24T13:01:28] [WARN] chunk@28.0s: model returned non-MM:SS timestamp None for category None — using it as-is, NOT offset-corrected to file-relative time.
[2026-09-24T13:03:43] [INFO] [9/41] rec_audio_call_427305578_audio_1789058200155.mp3
[2026-09-24T13:04:05] [INFO] [10/41] rec_default_427308167_audio_1789058388570.mp3
[2026-09-24T13:09:54] [INFO] [11/41] rec_default_427314573_audio_1789058813038.mp3
[2026-09-24T13:11:37] [INFO] [12/41] rec_default_426645015_audio_1788990433927.mp3
[2026-09-24T13:16:12] [INFO] [13/41] rec_audio_call_425877181_audio_1788930106387.mp3
[2026-09-24T13:17:42] [INFO] [14/41] rec_audio_call_426035272_audio_1788942782972.mp3
[2026-09-24T13:18:53] [INFO] [15/41] rec_default_426534420_audio_1788980458455.mp3
[2026-09-24T13:19:29] [WARN] chunk classification JSON parse failed: Expecting property name enclosed in double quotes: line 1 column 391 (char 390)
[2026-09-24T13:19:42] [INFO] [16/41] rec_default_425912424_audio_1788933213081.mp3
[2026-09-24T13:22:43] [INFO] [17/41] rec_audio_call_427306773_audio_1789058284652.mp3
[2026-09-24T13:23:29] [WARN] chunk@28.0s: model returned non-MM:SS timestamp None for category None — using it as-is, NOT offset-corrected to file-relative time.
[2026-09-24T13:23:29] [INFO] [18/41] rec_audio_call_427306864_audio_1789058288911.mp3
[2026-09-24T13:25:10] [INFO] [19/41] rec_default_427305885_audio_1789058218067.mp3
[2026-09-24T13:27:12] [INFO] [20/41] rec_default_427307149_audio_1789058314884.mp3
[2026-09-24T13:29:31] [INFO] [21/41] rec_default_427307153_audio_1789058314255.mp3
[2026-09-24T13:32:07] [INFO] [22/41] rec_default_426603278_audio_1788985350942.mp3
[2026-09-24T13:37:32] [WARN] chunk@308.0s: model returned non-MM:SS timestamp None for category None — using it as-is, NOT offset-corrected to file-relative time.
[2026-09-24T13:37:32] [WARN] chunk@308.0s: model returned non-MM:SS timestamp None for category None — using it as-is, NOT offset-corrected to file-relative time.
[2026-09-24T13:37:32] [WARN] chunk@308.0s: model returned non-MM:SS timestamp None for category None — using it as-is, NOT offset-corrected to file-relative time.
[2026-09-24T13:37:32] [WARN] chunk@308.0s: model returned non-MM:SS timestamp None for category None — using it as-is, NOT offset-corrected to file-relative time.
[2026-09-24T13:37:32] [WARN] chunk@308.0s: model returned non-MM:SS timestamp None for category None — using it as-is, NOT offset-corrected to file-relative time.
[2026-09-24T13:37:32] [WARN] chunk@308.0s: model returned non-MM:SS timestamp None for category None — using it as-is, NOT offset-corrected to file-relative time.
[2026-09-24T13:37:32] [WARN] chunk@308.0s: model returned non-MM:SS timestamp None for category None — using it as-is, NOT offset-corrected to file-relative time.
[2026-09-24T13:37:32] [INFO] [23/41] rec_audio_call_426659403_audio_1788993755666.mp3
[2026-09-24T13:38:29] [INFO] [24/41] rec_default_426594432_audio_1788984607250.mp3
[2026-09-24T13:39:02] [INFO] [25/41] rec_default_425476935_audio_1788886067609.mp3
[2026-09-24T13:40:16] [INFO] [26/41] rec_default_425942168_audio_1788935504071.mp3
[2026-09-24T13:42:13] [WARN] chunk@112.0s: model returned non-MM:SS timestamp None for category None — using it as-is, NOT offset-corrected to file-relative time.
[2026-09-24T13:42:13] [WARN] chunk@112.0s: model returned non-MM:SS timestamp None for category None — using it as-is, NOT offset-corrected to file-relative time.
[2026-09-24T13:44:28] [INFO] [27/41] rec_audio_call_425591249_audio_1788892319841.mp3
[2026-09-24T13:47:44] [INFO] [28/41] rec_audio_call_426864490_audio_1789021845136.mp3
[2026-09-24T13:52:35] [INFO] [29/41] rec_audio_call_426871106_audio_1789022339887.mp3
[2026-09-24T13:57:23] [INFO] [30/41] rec_default_426855984_audio_1789021209994.mp3
[2026-09-24T14:02:03] [INFO] [31/41] rec_default_426865848_audio_1789021942575.mp3
[2026-09-24T14:04:16] [INFO] [32/41] rec_default_426667318_audio_1788995960432.mp3
[2026-09-24T14:05:38] [INFO] [33/41] rec_audio_call_425205242_audio_1788862499869.mp3
[2026-09-24T14:07:47] [WARN] chunk classification JSON parse failed: Expecting ',' delimiter: line 1 column 374 (char 373)
[2026-09-24T14:08:07] [INFO] [34/41] rec_audio_call_426339629_audio_1788968889098.mp3
[2026-09-24T14:09:12] [INFO] [35/41] rec_default_426608730_audio_1788985842618.mp3
[2026-09-24T14:09:44] [INFO] [36/41] rec_default_426606195_audio_1788985611722.mp3
[2026-09-24T14:13:56] [INFO] [37/41] rec_audio_call_426189476_audio_1788954198708.mp3
[2026-09-24T14:20:00] [INFO] [38/41] rec_default_426600174_audio_1788985087863.mp3
[2026-09-24T14:23:31] [INFO] [39/41] rec_audio_call_427027250_audio_1789033566943.mp3
[2026-09-24T14:25:06] [INFO] [40/41] rec_default_427000374_audio_1789031836869.mp3
[2026-09-24T14:25:37] [INFO] [41/41] rec_default_427035680_audio_1789034118532.mp3
[2026-09-24T14:28:23] [WARN] chunk@168.0s: model returned non-MM:SS timestamp None for category None — using it as-is, NOT offset-corrected to file-relative time.
[2026-09-24T14:28:23] [INFO] Done in 6253.1s — success=41 error=0 — missing fields (count of flags lacking each): c=12, speech_act=12, quote_type=12, violation=12
