[2026-09-24T18:34:48] [INFO] Loading google/gemma-4-E2B-it (thinking=True)...
Warning: You are sending unauthenticated requests to the HF Hub. Please set a HF_TOKEN to enable higher rate limits and faster downloads.
Loading weights:   0%|          | 0/1951 [00:00<?, ?it/s]Loading weights:  13%|█▎        | 258/1951 [00:00<00:00, 2567.76it/s]Loading weights:  26%|██▋       | 515/1951 [00:00<00:00, 2187.31it/s]Loading weights:  38%|███▊      | 738/1951 [00:00<00:00, 2107.80it/s]Loading weights:  49%|████▊     | 951/1951 [00:01<00:02, 472.87it/s] Loading weights:  56%|█████▌    | 1088/1951 [00:01<00:01, 473.88it/s]Loading weights:  61%|██████    | 1193/1951 [00:01<00:01, 466.22it/s]Loading weights:  65%|██████▌   | 1277/1951 [00:02<00:01, 446.96it/s]Loading weights:  72%|███████▏  | 1410/1951 [00:02<00:00, 562.21it/s]Loading weights:  84%|████████▍ | 1642/1951 [00:02<00:00, 838.25it/s]Loading weights:  96%|█████████▌| 1866/1951 [00:02<00:00, 1095.09it/s]Loading weights: 100%|██████████| 1951/1951 [00:02<00:00, 784.06it/s] 
[load_model] requested attn_implementation='sdpa', model reports 'sdpa'
[2026-09-24T18:35:04] [INFO] Model loaded.
[2026-09-24T18:35:04] [INFO] [1/50] rec_audio_call_421768524_audio_1788539479106.mp3
[2026-09-24T18:35:47] [INFO] [2/50] rec_default_420147298_audio_1788380486702.mp3
[2026-09-24T18:43:36] [INFO] [3/50] rec_audio_call_425933838_audio_1788934868635.mp3
[2026-09-24T18:49:54] [WARN] model returned unexpected JSON top-level type str, treating as no flags
[2026-09-24T18:49:54] [INFO] [4/50] rec_default_425778316_audio_1788916552817.mp3
[2026-09-24T18:51:15] [INFO] [5/50] rec_audio_call_423351802_audio_1788689747483.mp3
[2026-09-24T18:53:00] [INFO] [6/50] rec_audio_call_423591955_audio_1788711572217.mp3
[2026-09-24T18:55:04] [INFO] [7/50] rec_audio_call_426101059_audio_1788947560284.mp3
[2026-09-24T19:04:06] [INFO] [8/50] rec_audio_call_426108129_audio_1788948057694.mp3
[2026-09-24T19:05:37] [INFO] [9/50] rec_audio_call_426194933_audio_1788954682604.mp3
[2026-09-24T19:11:58] [INFO] [10/50] rec_audio_call_426851772_audio_1789020879921.mp3
[2026-09-24T19:16:22] [INFO] [11/50] rec_default_426634262_audio_1788988662985.mp3
[2026-09-24T19:17:33] [INFO] [12/50] rec_audio_call_424416192_audio_1788788125311.mp3
[2026-09-24T19:22:10] [INFO] [13/50] rec_default_426593601_audio_1788984536403.mp3
[2026-09-24T19:26:10] [INFO] [14/50] rec_default_426620137_audio_1788986984372.mp3
[2026-09-24T19:31:01] [INFO] [15/50] rec_default_426633368_audio_1788988531170.mp3
[2026-09-24T19:34:20] [INFO] [16/50] rec_audio_call_426416419_audio_1788974369340.mp3
[2026-09-24T19:37:04] [INFO] [17/50] rec_audio_call_420511856_audio_1788424457087.mp3
[2026-09-24T19:41:49] [INFO] [18/50] rec_audio_call_427305578_audio_1789058200155.mp3
[2026-09-24T19:42:23] [INFO] [19/50] rec_default_427308167_audio_1789058388570.mp3
[2026-09-24T19:51:18] [INFO] [20/50] rec_default_427314573_audio_1789058813038.mp3
[2026-09-24T19:54:11] [INFO] [21/50] rec_default_426645015_audio_1788990433927.mp3
[2026-09-24T20:00:27] [WARN] model returned unexpected JSON top-level type str, treating as no flags
[2026-09-24T20:00:27] [INFO] [22/50] rec_audio_call_425877181_audio_1788930106387.mp3
[2026-09-24T20:02:33] [INFO] [23/50] rec_audio_call_426035272_audio_1788942782972.mp3
[2026-09-24T20:04:39] [INFO] [24/50] rec_default_426534420_audio_1788980458455.mp3
[2026-09-24T20:05:57] [INFO] [25/50] rec_default_425912424_audio_1788933213081.mp3
[2026-09-24T20:10:57] [INFO] [26/50] rec_audio_call_427306773_audio_1789058284652.mp3
[2026-09-24T20:12:07] [INFO] [27/50] rec_audio_call_427306864_audio_1789058288911.mp3
[2026-09-24T20:14:31] [INFO] [28/50] rec_default_427305885_audio_1789058218067.mp3
[2026-09-24T20:18:11] [INFO] [29/50] rec_default_427307149_audio_1789058314884.mp3
[2026-09-24T20:21:46] [INFO] [30/50] rec_default_427307153_audio_1789058314255.mp3
[2026-09-24T20:26:34] [INFO] [31/50] rec_default_426603278_audio_1788985350942.mp3
[2026-09-24T20:34:28] [INFO] [32/50] rec_audio_call_426659403_audio_1788993755666.mp3
[2026-09-24T20:35:50] [INFO] [33/50] rec_default_426594432_audio_1788984607250.mp3
[2026-09-24T20:36:53] [INFO] [34/50] rec_default_425476935_audio_1788886067609.mp3
[2026-09-24T20:38:15] [INFO] [35/50] rec_default_425942168_audio_1788935504071.mp3
[2026-09-24T20:45:22] [INFO] [36/50] rec_audio_call_425591249_audio_1788892319841.mp3
[2026-09-24T20:50:05] [INFO] [37/50] rec_audio_call_426864490_audio_1789021845136.mp3
[2026-09-24T20:58:31] [INFO] [38/50] rec_audio_call_426871106_audio_1789022339887.mp3
[2026-09-24T21:05:41] [INFO] [39/50] rec_default_426855984_audio_1789021209994.mp3
[2026-09-24T21:13:29] [INFO] [40/50] rec_default_426865848_audio_1789021942575.mp3
[2026-09-24T21:16:42] [INFO] [41/50] rec_default_426667318_audio_1788995960432.mp3
[2026-09-24T21:19:21] [INFO] [42/50] rec_audio_call_425205242_audio_1788862499869.mp3
[2026-09-24T21:23:07] [WARN] model returned unexpected JSON top-level type str, treating as no flags
[2026-09-24T21:23:07] [INFO] [43/50] rec_audio_call_426339629_audio_1788968889098.mp3
[2026-09-24T21:24:44] [INFO] [44/50] rec_default_426608730_audio_1788985842618.mp3
[2026-09-24T21:25:26] [INFO] [45/50] rec_default_426606195_audio_1788985611722.mp3
[2026-09-24T21:33:30] [INFO] [46/50] rec_audio_call_426189476_audio_1788954198708.mp3
[2026-09-24T21:43:14] [INFO] [47/50] rec_default_426600174_audio_1788985087863.mp3
[2026-09-24T21:48:36] [INFO] [48/50] rec_audio_call_427027250_audio_1789033566943.mp3
[2026-09-24T21:51:51] [INFO] [49/50] rec_default_427000374_audio_1789031836869.mp3
[2026-09-24T21:52:46] [INFO] [50/50] rec_default_427035680_audio_1789034118532.mp3
[2026-09-24T21:56:45] [INFO] Done in 12100.8s — success=50 error=0 — missing fields (count of flags lacking each): c=0, speech_act=151, quote_type=151, violation=140
