[2026-10-06T23:05:07] [INFO] Loading google/gemma-4-E4B-it (thinking=False)...
Loading weights:   0%|          | 0/2076 [00:00<?, ?it/s]Loading weights:   5%|▍         | 96/2076 [00:00<00:02, 842.57it/s]Loading weights:   9%|▊         | 181/2076 [00:00<00:02, 661.72it/s]Loading weights:  12%|█▏        | 249/2076 [00:00<00:04, 430.03it/s]Loading weights:  14%|█▍        | 299/2076 [00:00<00:06, 279.09it/s]Loading weights:  16%|█▌        | 335/2076 [00:01<00:08, 197.60it/s]Loading weights:  18%|█▊        | 384/2076 [00:01<00:07, 234.75it/s]Loading weights:  20%|██        | 416/2076 [00:01<00:07, 230.42it/s]Loading weights:  24%|██▍       | 505/2076 [00:01<00:04, 338.90it/s]Loading weights:  26%|██▋       | 548/2076 [00:01<00:06, 254.53it/s]Loading weights: 100%|██████████| 2076/2076 [00:01<00:00, 1065.67it/s]
python3(90438) MallocStackLogging: can't turn off malloc stack logging because it was not enabled.
python3(90439) MallocStackLogging: can't turn off malloc stack logging because it was not enabled.
python3(94110) MallocStackLogging: can't turn off malloc stack logging because it was not enabled.
python3(94111) MallocStackLogging: can't turn off malloc stack logging because it was not enabled.
python3(94892) MallocStackLogging: can't turn off malloc stack logging because it was not enabled.
python3(94894) MallocStackLogging: can't turn off malloc stack logging because it was not enabled.
python3(95676) MallocStackLogging: can't turn off malloc stack logging because it was not enabled.
python3(95677) MallocStackLogging: can't turn off malloc stack logging because it was not enabled.
python3(95821) MallocStackLogging: can't turn off malloc stack logging because it was not enabled.
python3(95822) MallocStackLogging: can't turn off malloc stack logging because it was not enabled.
python3(95934) MallocStackLogging: can't turn off malloc stack logging because it was not enabled.
python3(95935) MallocStackLogging: can't turn off malloc stack logging because it was not enabled.
python3(96067) MallocStackLogging: can't turn off malloc stack logging because it was not enabled.
python3(96068) MallocStackLogging: can't turn off malloc stack logging because it was not enabled.
python3(96536) MallocStackLogging: can't turn off malloc stack logging because it was not enabled.
python3(96537) MallocStackLogging: can't turn off malloc stack logging because it was not enabled.
python3(96839) MallocStackLogging: can't turn off malloc stack logging because it was not enabled.
python3(96840) MallocStackLogging: can't turn off malloc stack logging because it was not enabled.
python3(97725) MallocStackLogging: can't turn off malloc stack logging because it was not enabled.
python3(97726) MallocStackLogging: can't turn off malloc stack logging because it was not enabled.
python3(99409) MallocStackLogging: can't turn off malloc stack logging because it was not enabled.
python3(99418) MallocStackLogging: can't turn off malloc stack logging because it was not enabled.
python3(332) MallocStackLogging: can't turn off malloc stack logging because it was not enabled.
python3(333) MallocStackLogging: can't turn off malloc stack logging because it was not enabled.
python3(1536) MallocStackLogging: can't turn off malloc stack logging because it was not enabled.
python3(1537) MallocStackLogging: can't turn off malloc stack logging because it was not enabled.
python3(2317) MallocStackLogging: can't turn off malloc stack logging because it was not enabled.
python3(2318) MallocStackLogging: can't turn off malloc stack logging because it was not enabled.
python3(23971) MallocStackLogging: can't turn off malloc stack logging because it was not enabled.
python3(23972) MallocStackLogging: can't turn off malloc stack logging because it was not enabled.
python3(24585) MallocStackLogging: can't turn off malloc stack logging because it was not enabled.
python3(24587) MallocStackLogging: can't turn off malloc stack logging because it was not enabled.
python3(24868) MallocStackLogging: can't turn off malloc stack logging because it was not enabled.
python3(24869) MallocStackLogging: can't turn off malloc stack logging because it was not enabled.
python3(27449) MallocStackLogging: can't turn off malloc stack logging because it was not enabled.
python3(27451) MallocStackLogging: can't turn off malloc stack logging because it was not enabled.
python3(31270) MallocStackLogging: can't turn off malloc stack logging because it was not enabled.
python3(31271) MallocStackLogging: can't turn off malloc stack logging because it was not enabled.
python3(33393) MallocStackLogging: can't turn off malloc stack logging because it was not enabled.
python3(33394) MallocStackLogging: can't turn off malloc stack logging because it was not enabled.
python3(34140) MallocStackLogging: can't turn off malloc stack logging because it was not enabled.
python3(34141) MallocStackLogging: can't turn off malloc stack logging because it was not enabled.
python3(34515) MallocStackLogging: can't turn off malloc stack logging because it was not enabled.
python3(34516) MallocStackLogging: can't turn off malloc stack logging because it was not enabled.
[2026-10-06T23:05:24] [INFO] Model loaded.
[2026-10-06T23:05:24] [INFO] Skipping 21 already-done file(s)
[2026-10-06T23:05:24] [INFO] [1/29] rec_audio_call_425877181_audio_1788930106387.mp3
[2026-10-06T23:08:08] [INFO] [2/29] rec_audio_call_426035272_audio_1788942782972.mp3
[2026-10-06T23:10:15] [INFO] [3/29] rec_default_426534420_audio_1788980458455.mp3
[2026-10-06T23:13:07] [INFO] [4/29] rec_default_425912424_audio_1788933213081.mp3
[2026-10-06T23:15:21] [WARN] rec_default_425912424_audio_1788933213081.mp3 chunk@0.0s took 133s (normal is ~10-90s) — likely system memory pressure (check for other concurrent model processes), not a bug in this chunk.
[2026-10-06T23:22:41] [INFO] [5/29] rec_audio_call_427306773_audio_1789058284652.mp3
[2026-10-06T23:25:14] [INFO] [6/29] rec_audio_call_427306864_audio_1789058288911.mp3
[2026-10-06T23:33:29] [INFO] [7/29] rec_default_427305885_audio_1789058218067.mp3
[2026-10-06T23:38:36] [WARN] rec_default_427305885_audio_1789058218067.mp3 chunk@0.0s took 307s (normal is ~10-90s) — likely system memory pressure (check for other concurrent model processes), not a bug in this chunk.
[2026-10-06T23:43:46] [WARN] rec_default_427305885_audio_1789058218067.mp3 chunk@28.0s took 310s (normal is ~10-90s) — likely system memory pressure (check for other concurrent model processes), not a bug in this chunk.
[2026-10-06T23:49:00] [WARN] rec_default_427305885_audio_1789058218067.mp3 chunk@56.0s took 314s (normal is ~10-90s) — likely system memory pressure (check for other concurrent model processes), not a bug in this chunk.
[2026-10-06T23:54:09] [WARN] rec_default_427305885_audio_1789058218067.mp3 chunk@84.0s took 309s (normal is ~10-90s) — likely system memory pressure (check for other concurrent model processes), not a bug in this chunk.
[2026-10-06T23:59:42] [WARN] rec_default_427305885_audio_1789058218067.mp3 chunk@112.0s took 333s (normal is ~10-90s) — likely system memory pressure (check for other concurrent model processes), not a bug in this chunk.
[2026-10-07T00:05:30] [WARN] rec_default_427305885_audio_1789058218067.mp3 chunk@140.0s took 347s (normal is ~10-90s) — likely system memory pressure (check for other concurrent model processes), not a bug in this chunk.
[2026-10-07T00:07:34] [WARN] rec_default_427305885_audio_1789058218067.mp3 chunk@168.0s took 124s (normal is ~10-90s) — likely system memory pressure (check for other concurrent model processes), not a bug in this chunk.
[2026-10-07T00:07:34] [INFO] [8/29] rec_default_427307149_audio_1789058314884.mp3
[2026-10-07T00:13:52] [WARN] rec_default_427307149_audio_1789058314884.mp3 chunk@0.0s took 377s (normal is ~10-90s) — likely system memory pressure (check for other concurrent model processes), not a bug in this chunk.
[2026-10-07T00:19:26] [WARN] rec_default_427307149_audio_1789058314884.mp3 chunk@28.0s took 335s (normal is ~10-90s) — likely system memory pressure (check for other concurrent model processes), not a bug in this chunk.
[2026-10-07T00:25:56] [WARN] rec_default_427307149_audio_1789058314884.mp3 chunk@56.0s took 389s (normal is ~10-90s) — likely system memory pressure (check for other concurrent model processes), not a bug in this chunk.
[2026-10-07T00:32:22] [WARN] rec_default_427307149_audio_1789058314884.mp3 chunk@84.0s took 386s (normal is ~10-90s) — likely system memory pressure (check for other concurrent model processes), not a bug in this chunk.
[2026-10-07T00:38:00] [WARN] rec_default_427307149_audio_1789058314884.mp3 chunk@112.0s took 337s (normal is ~10-90s) — likely system memory pressure (check for other concurrent model processes), not a bug in this chunk.
[2026-10-07T00:43:33] [WARN] rec_default_427307149_audio_1789058314884.mp3 chunk@140.0s took 334s (normal is ~10-90s) — likely system memory pressure (check for other concurrent model processes), not a bug in this chunk.
[2026-10-07T00:44:51] [INFO] [9/29] rec_default_427307153_audio_1789058314255.mp3
[2026-10-07T00:50:56] [WARN] rec_default_427307153_audio_1789058314255.mp3 chunk@56.0s took 225s (normal is ~10-90s) — likely system memory pressure (check for other concurrent model processes), not a bug in this chunk.
[2026-10-07T00:52:14] [INFO] [10/29] rec_default_426603278_audio_1788985350942.mp3
[2026-10-07T00:58:00] [INFO] [11/29] rec_audio_call_426659403_audio_1788993755666.mp3
[2026-10-07T00:58:54] [INFO] [12/29] rec_default_426594432_audio_1788984607250.mp3
[2026-10-07T00:59:54] [INFO] [13/29] rec_default_425476935_audio_1788886067609.mp3
[2026-10-07T01:00:47] [INFO] [14/29] rec_default_425942168_audio_1788935504071.mp3
[2026-10-07T01:04:32] [INFO] [15/29] rec_audio_call_425591249_audio_1788892319841.mp3
[2026-10-07T01:07:11] [INFO] [16/29] rec_audio_call_426864490_audio_1789021845136.mp3
[2026-10-07T01:14:02] [INFO] [17/29] rec_audio_call_426871106_audio_1789022339887.mp3
[2026-10-07T01:26:57] [INFO] [18/29] rec_default_426855984_audio_1789021209994.mp3
[2026-10-07T01:33:48] [INFO] [19/29] rec_default_426865848_audio_1789021942575.mp3
[2026-10-07T01:41:35] [INFO] [20/29] rec_default_426667318_audio_1788995960432.mp3
[2026-10-07T01:48:03] [WARN] rec_default_426667318_audio_1788995960432.mp3 chunk@56.0s took 239s (normal is ~10-90s) — likely system memory pressure (check for other concurrent model processes), not a bug in this chunk.
[2026-10-07T01:48:52] [INFO] [21/29] rec_audio_call_425205242_audio_1788862499869.mp3
[2026-10-07T02:48:53] [WARN] rec_audio_call_425205242_audio_1788862499869.mp3 chunk@28.0s took 3504s (normal is ~10-90s) — likely system memory pressure (check for other concurrent model processes), not a bug in this chunk.
[2026-10-07T04:50:03] [WARN] rec_audio_call_425205242_audio_1788862499869.mp3 chunk@56.0s took 7270s (normal is ~10-90s) — likely system memory pressure (check for other concurrent model processes), not a bug in this chunk.
[2026-10-07T04:52:48] [INFO] [22/29] rec_audio_call_426339629_audio_1788968889098.mp3
[2026-10-07T04:58:24] [WARN] rec_audio_call_426339629_audio_1788968889098.mp3 chunk@28.0s took 244s (normal is ~10-90s) — likely system memory pressure (check for other concurrent model processes), not a bug in this chunk.
[2026-10-07T04:58:24] [INFO] [23/29] rec_default_426608730_audio_1788985842618.mp3
[2026-10-07T05:00:51] [WARN] rec_default_426608730_audio_1788985842618.mp3 chunk@0.0s took 147s (normal is ~10-90s) — likely system memory pressure (check for other concurrent model processes), not a bug in this chunk.
[2026-10-07T05:00:51] [INFO] [24/29] rec_default_426606195_audio_1788985611722.mp3
[2026-10-07T05:21:19] [WARN] rec_default_426606195_audio_1788985611722.mp3 chunk@336.0s took 231s (normal is ~10-90s) — likely system memory pressure (check for other concurrent model processes), not a bug in this chunk.
[2026-10-07T05:21:19] [INFO] [25/29] rec_audio_call_426189476_audio_1788954198708.mp3
[2026-10-07T05:39:36] [WARN] rec_audio_call_426189476_audio_1788954198708.mp3 chunk@280.0s took 123s (normal is ~10-90s) — likely system memory pressure (check for other concurrent model processes), not a bug in this chunk.
[2026-10-07T05:49:31] [WARN] rec_audio_call_426189476_audio_1788954198708.mp3 chunk@392.0s took 265s (normal is ~10-90s) — likely system memory pressure (check for other concurrent model processes), not a bug in this chunk.
[2026-10-07T05:52:00] [INFO] [26/29] rec_default_426600174_audio_1788985087863.mp3
[2026-10-07T06:08:31] [WARN] rec_default_426600174_audio_1788985087863.mp3 chunk@252.0s took 265s (normal is ~10-90s) — likely system memory pressure (check for other concurrent model processes), not a bug in this chunk.
[2026-10-07T06:08:31] [INFO] [27/29] rec_audio_call_427027250_audio_1789033566943.mp3
[2026-10-07T06:16:12] [WARN] rec_audio_call_427027250_audio_1789033566943.mp3 chunk@84.0s took 206s (normal is ~10-90s) — likely system memory pressure (check for other concurrent model processes), not a bug in this chunk.
[2026-10-07T06:16:12] [INFO] [28/29] rec_default_427000374_audio_1789031836869.mp3
[2026-10-07T06:19:41] [INFO] [29/29] rec_default_427035680_audio_1789034118532.mp3
[2026-10-07T06:30:25] [INFO] Done in 26700.8s — success=29 error=0 — missing fields (count of flags lacking each): c=0, speech_act=0, quote_type=37, violation=0, spk=0, ctx=0
