[2026-09-25T01:11:02] [INFO] Loading google/gemma-4-E4B-it (thinking=False)...
Loading weights:   0%|          | 0/2076 [00:00<?, ?it/s]Loading weights: 100%|██████████| 2076/2076 [00:00<00:00, 56104.94it/s]
python3(54779) MallocStackLogging: can't turn off malloc stack logging because it was not enabled.
python3(54783) MallocStackLogging: can't turn off malloc stack logging because it was not enabled.
python3(55306) MallocStackLogging: can't turn off malloc stack logging because it was not enabled.
python3(55307) MallocStackLogging: can't turn off malloc stack logging because it was not enabled.
python3(58184) MallocStackLogging: can't turn off malloc stack logging because it was not enabled.
python3(58185) MallocStackLogging: can't turn off malloc stack logging because it was not enabled.
python3(58323) MallocStackLogging: can't turn off malloc stack logging because it was not enabled.
python3(58324) MallocStackLogging: can't turn off malloc stack logging because it was not enabled.
python3(59203) MallocStackLogging: can't turn off malloc stack logging because it was not enabled.
python3(59206) MallocStackLogging: can't turn off malloc stack logging because it was not enabled.
python3(59296) MallocStackLogging: can't turn off malloc stack logging because it was not enabled.
python3(59297) MallocStackLogging: can't turn off malloc stack logging because it was not enabled.
python3(59861) MallocStackLogging: can't turn off malloc stack logging because it was not enabled.
python3(59862) MallocStackLogging: can't turn off malloc stack logging because it was not enabled.
python3(60148) MallocStackLogging: can't turn off malloc stack logging because it was not enabled.
python3(60149) MallocStackLogging: can't turn off malloc stack logging because it was not enabled.
python3(60233) MallocStackLogging: can't turn off malloc stack logging because it was not enabled.
python3(60234) MallocStackLogging: can't turn off malloc stack logging because it was not enabled.
python3(60577) MallocStackLogging: can't turn off malloc stack logging because it was not enabled.
python3(60578) MallocStackLogging: can't turn off malloc stack logging because it was not enabled.
python3(60986) MallocStackLogging: can't turn off malloc stack logging because it was not enabled.
python3(60987) MallocStackLogging: can't turn off malloc stack logging because it was not enabled.
python3(61478) MallocStackLogging: can't turn off malloc stack logging because it was not enabled.
python3(61480) MallocStackLogging: can't turn off malloc stack logging because it was not enabled.
python3(61773) MallocStackLogging: can't turn off malloc stack logging because it was not enabled.
python3(61775) MallocStackLogging: can't turn off malloc stack logging because it was not enabled.
python3(61983) MallocStackLogging: can't turn off malloc stack logging because it was not enabled.
python3(61984) MallocStackLogging: can't turn off malloc stack logging because it was not enabled.
python3(62171) MallocStackLogging: can't turn off malloc stack logging because it was not enabled.
python3(62172) MallocStackLogging: can't turn off malloc stack logging because it was not enabled.
python3(62198) MallocStackLogging: can't turn off malloc stack logging because it was not enabled.
python3(62199) MallocStackLogging: can't turn off malloc stack logging because it was not enabled.
python3(62988) MallocStackLogging: can't turn off malloc stack logging because it was not enabled.
python3(62989) MallocStackLogging: can't turn off malloc stack logging because it was not enabled.
python3(63343) MallocStackLogging: can't turn off malloc stack logging because it was not enabled.
python3(63344) MallocStackLogging: can't turn off malloc stack logging because it was not enabled.
python3(63908) MallocStackLogging: can't turn off malloc stack logging because it was not enabled.
python3(63909) MallocStackLogging: can't turn off malloc stack logging because it was not enabled.
python3(64185) MallocStackLogging: can't turn off malloc stack logging because it was not enabled.
python3(64187) MallocStackLogging: can't turn off malloc stack logging because it was not enabled.
python3(64367) MallocStackLogging: can't turn off malloc stack logging because it was not enabled.
python3(64368) MallocStackLogging: can't turn off malloc stack logging because it was not enabled.
python3(64565) MallocStackLogging: can't turn off malloc stack logging because it was not enabled.
python3(64566) MallocStackLogging: can't turn off malloc stack logging because it was not enabled.
python3(65014) MallocStackLogging: can't turn off malloc stack logging because it was not enabled.
python3(65018) MallocStackLogging: can't turn off malloc stack logging because it was not enabled.
python3(65106) MallocStackLogging: can't turn off malloc stack logging because it was not enabled.
python3(65107) MallocStackLogging: can't turn off malloc stack logging because it was not enabled.
python3(65248) MallocStackLogging: can't turn off malloc stack logging because it was not enabled.
python3(65249) MallocStackLogging: can't turn off malloc stack logging because it was not enabled.
python3(65543) MallocStackLogging: can't turn off malloc stack logging because it was not enabled.
python3(65544) MallocStackLogging: can't turn off malloc stack logging because it was not enabled.
python3(65903) MallocStackLogging: can't turn off malloc stack logging because it was not enabled.
python3(65904) MallocStackLogging: can't turn off malloc stack logging because it was not enabled.
python3(66210) MallocStackLogging: can't turn off malloc stack logging because it was not enabled.
python3(66211) MallocStackLogging: can't turn off malloc stack logging because it was not enabled.
python3(66632) MallocStackLogging: can't turn off malloc stack logging because it was not enabled.
python3(66633) MallocStackLogging: can't turn off malloc stack logging because it was not enabled.
python3(66740) MallocStackLogging: can't turn off malloc stack logging because it was not enabled.
python3(66741) MallocStackLogging: can't turn off malloc stack logging because it was not enabled.
python3(66967) MallocStackLogging: can't turn off malloc stack logging because it was not enabled.
python3(66968) MallocStackLogging: can't turn off malloc stack logging because it was not enabled.
python3(67173) MallocStackLogging: can't turn off malloc stack logging because it was not enabled.
python3(67175) MallocStackLogging: can't turn off malloc stack logging because it was not enabled.
python3(67470) MallocStackLogging: can't turn off malloc stack logging because it was not enabled.
python3(67471) MallocStackLogging: can't turn off malloc stack logging because it was not enabled.
python3(67692) MallocStackLogging: can't turn off malloc stack logging because it was not enabled.
python3(67693) MallocStackLogging: can't turn off malloc stack logging because it was not enabled.
python3(68186) MallocStackLogging: can't turn off malloc stack logging because it was not enabled.
python3(68188) MallocStackLogging: can't turn off malloc stack logging because it was not enabled.
python3(68518) MallocStackLogging: can't turn off malloc stack logging because it was not enabled.
python3(68519) MallocStackLogging: can't turn off malloc stack logging because it was not enabled.
python3(69059) MallocStackLogging: can't turn off malloc stack logging because it was not enabled.
python3(69060) MallocStackLogging: can't turn off malloc stack logging because it was not enabled.
python3(69262) MallocStackLogging: can't turn off malloc stack logging because it was not enabled.
python3(69263) MallocStackLogging: can't turn off malloc stack logging because it was not enabled.
python3(69456) MallocStackLogging: can't turn off malloc stack logging because it was not enabled.
python3(69457) MallocStackLogging: can't turn off malloc stack logging because it was not enabled.
python3(69923) MallocStackLogging: can't turn off malloc stack logging because it was not enabled.
python3(69927) MallocStackLogging: can't turn off malloc stack logging because it was not enabled.
python3(70043) MallocStackLogging: can't turn off malloc stack logging because it was not enabled.
python3(70044) MallocStackLogging: can't turn off malloc stack logging because it was not enabled.
python3(70161) MallocStackLogging: can't turn off malloc stack logging because it was not enabled.
python3(70162) MallocStackLogging: can't turn off malloc stack logging because it was not enabled.
python3(70986) MallocStackLogging: can't turn off malloc stack logging because it was not enabled.
python3(70987) MallocStackLogging: can't turn off malloc stack logging because it was not enabled.
python3(71901) MallocStackLogging: can't turn off malloc stack logging because it was not enabled.
python3(71902) MallocStackLogging: can't turn off malloc stack logging because it was not enabled.
python3(72370) MallocStackLogging: can't turn off malloc stack logging because it was not enabled.
python3(72371) MallocStackLogging: can't turn off malloc stack logging because it was not enabled.
python3(72548) MallocStackLogging: can't turn off malloc stack logging because it was not enabled.
python3(72549) MallocStackLogging: can't turn off malloc stack logging because it was not enabled.
python3(72635) MallocStackLogging: can't turn off malloc stack logging because it was not enabled.
python3(72636) MallocStackLogging: can't turn off malloc stack logging because it was not enabled.
[2026-09-25T01:11:20] [INFO] Model loaded.
[2026-09-25T01:11:20] [INFO] [1/50] rec_audio_call_421768524_audio_1788539479106.mp3
[2026-09-25T01:12:03] [INFO] [2/50] rec_default_420147298_audio_1788380486702.mp3
[2026-09-25T01:15:42] [INFO] [3/50] rec_audio_call_425933838_audio_1788934868635.mp3
[2026-09-25T01:20:32] [WARN] rec_audio_call_425933838_audio_1788934868635.mp3 chunk@28.0s took 252s (normal is ~10-90s) — likely system memory pressure (check for other concurrent model processes), not a bug in this chunk.
[2026-09-25T01:22:45] [WARN] rec_audio_call_425933838_audio_1788934868635.mp3 chunk@56.0s took 133s (normal is ~10-90s) — likely system memory pressure (check for other concurrent model processes), not a bug in this chunk.
[2026-09-25T01:26:06] [INFO] [4/50] rec_default_425778316_audio_1788916552817.mp3
[2026-09-25T01:28:46] [INFO] [5/50] rec_audio_call_423351802_audio_1788689747483.mp3
[2026-09-25T01:44:46] [WARN] rec_audio_call_423351802_audio_1788689747483.mp3 chunk@28.0s took 886s (normal is ~10-90s) — likely system memory pressure (check for other concurrent model processes), not a bug in this chunk.
[2026-09-25T01:45:15] [INFO] [6/50] rec_audio_call_423591955_audio_1788711572217.mp3
[2026-09-25T01:45:58] [INFO] [7/50] rec_audio_call_426101059_audio_1788947560284.mp3
[2026-09-25T01:50:15] [INFO] [8/50] rec_audio_call_426108129_audio_1788948057694.mp3
[2026-09-25T01:50:44] [INFO] [9/50] rec_audio_call_426194933_audio_1788954682604.mp3
[2026-09-25T01:53:28] [INFO] [10/50] rec_audio_call_426851772_audio_1789020879921.mp3
[2026-09-25T01:54:55] [INFO] [11/50] rec_default_426634262_audio_1788988662985.mp3
[2026-09-25T01:55:30] [INFO] [12/50] rec_audio_call_424416192_audio_1788788125311.mp3
[2026-09-25T01:57:21] [INFO] [13/50] rec_default_426593601_audio_1788984536403.mp3
[2026-09-25T01:59:18] [INFO] [14/50] rec_default_426620137_audio_1788986984372.mp3
[2026-09-25T02:01:56] [INFO] [15/50] rec_default_426633368_audio_1788988531170.mp3
[2026-09-25T02:03:23] [INFO] [16/50] rec_audio_call_426416419_audio_1788974369340.mp3
[2026-09-25T02:04:19] [INFO] [17/50] rec_audio_call_420511856_audio_1788424457087.mp3
[2026-09-25T02:05:19] [INFO] [18/50] rec_audio_call_427305578_audio_1789058200155.mp3
[2026-09-25T02:05:34] [INFO] [19/50] rec_default_427308167_audio_1789058388570.mp3
[2026-09-25T02:09:20] [INFO] [20/50] rec_default_427314573_audio_1789058813038.mp3
[2026-09-25T02:11:19] [INFO] [21/50] rec_default_426645015_audio_1788990433927.mp3
[2026-09-25T02:14:25] [INFO] [22/50] rec_audio_call_425877181_audio_1788930106387.mp3
[2026-09-25T02:15:56] [INFO] [23/50] rec_audio_call_426035272_audio_1788942782972.mp3
[2026-09-25T02:17:11] [INFO] [24/50] rec_default_426534420_audio_1788980458455.mp3
[2026-09-25T02:18:19] [INFO] [25/50] rec_default_425912424_audio_1788933213081.mp3
[2026-09-25T02:20:33] [INFO] [26/50] rec_audio_call_427306773_audio_1789058284652.mp3
[2026-09-25T02:21:11] [INFO] [27/50] rec_audio_call_427306864_audio_1789058288911.mp3
[2026-09-25T02:22:08] [INFO] [28/50] rec_default_427305885_audio_1789058218067.mp3
[2026-09-25T02:23:39] [INFO] [29/50] rec_default_427307149_audio_1789058314884.mp3
[2026-09-25T02:25:30] [INFO] [30/50] rec_default_427307153_audio_1789058314255.mp3
[2026-09-25T02:27:24] [INFO] [31/50] rec_default_426603278_audio_1788985350942.mp3
[2026-09-25T02:29:59] [INFO] [32/50] rec_audio_call_426659403_audio_1788993755666.mp3
[2026-09-25T02:30:28] [INFO] [33/50] rec_default_426594432_audio_1788984607250.mp3
[2026-09-25T02:31:15] [INFO] [34/50] rec_default_425476935_audio_1788886067609.mp3
[2026-09-25T02:32:38] [INFO] [35/50] rec_default_425942168_audio_1788935504071.mp3
[2026-09-25T02:34:33] [INFO] [36/50] rec_audio_call_425591249_audio_1788892319841.mp3
[2026-09-25T02:35:43] [INFO] [37/50] rec_audio_call_426864490_audio_1789021845136.mp3
[2026-09-25T02:38:33] [INFO] [38/50] rec_audio_call_426871106_audio_1789022339887.mp3
[2026-09-25T02:40:34] [INFO] [39/50] rec_default_426855984_audio_1789021209994.mp3
[2026-09-25T02:43:35] [INFO] [40/50] rec_default_426865848_audio_1789021942575.mp3
[2026-09-25T02:44:38] [INFO] [41/50] rec_default_426667318_audio_1788995960432.mp3
[2026-09-25T02:45:44] [INFO] [42/50] rec_audio_call_425205242_audio_1788862499869.mp3
[2026-09-25T02:48:29] [INFO] [43/50] rec_audio_call_426339629_audio_1788968889098.mp3
[2026-09-25T02:49:14] [INFO] [44/50] rec_default_426608730_audio_1788985842618.mp3
[2026-09-25T02:49:55] [INFO] [45/50] rec_default_426606195_audio_1788985611722.mp3
[2026-09-25T02:54:34] [INFO] [46/50] rec_audio_call_426189476_audio_1788954198708.mp3
[2026-09-25T03:00:01] [INFO] [47/50] rec_default_426600174_audio_1788985087863.mp3
[2026-09-25T03:02:25] [INFO] [48/50] rec_audio_call_427027250_audio_1789033566943.mp3
[2026-09-25T03:03:22] [INFO] [49/50] rec_default_427000374_audio_1789031836869.mp3
[2026-09-25T03:03:53] [INFO] [50/50] rec_default_427035680_audio_1789034118532.mp3
[2026-09-25T03:05:29] [INFO] Done in 6849.6s — success=50 error=0 — missing fields (count of flags lacking each): c=0, speech_act=47, quote_type=6, violation=0
