[2026-10-05T16:57:37] [INFO] Loading google/gemma-4-E4B-it (thinking=False)...
Loading weights:   0%|          | 0/2076 [00:00<?, ?it/s]Loading weights:   4%|▎         | 73/2076 [00:00<00:07, 258.06it/s]Loading weights:   5%|▍         | 99/2076 [00:00<00:07, 258.51it/s]Loading weights:  19%|█▉        | 397/2076 [00:00<00:01, 1036.33it/s]Loading weights:  25%|██▍       | 516/2076 [00:00<00:03, 514.25it/s] Loading weights:  29%|██▉       | 598/2076 [00:01<00:03, 443.58it/s]Loading weights: 100%|██████████| 2076/2076 [00:01<00:00, 1632.31it/s]
python3(94653) MallocStackLogging: can't turn off malloc stack logging because it was not enabled.
python3(94655) MallocStackLogging: can't turn off malloc stack logging because it was not enabled.
python3(95349) MallocStackLogging: can't turn off malloc stack logging because it was not enabled.
python3(95353) MallocStackLogging: can't turn off malloc stack logging because it was not enabled.
python3(96169) MallocStackLogging: can't turn off malloc stack logging because it was not enabled.
python3(96170) MallocStackLogging: can't turn off malloc stack logging because it was not enabled.
python3(97372) MallocStackLogging: can't turn off malloc stack logging because it was not enabled.
python3(97373) MallocStackLogging: can't turn off malloc stack logging because it was not enabled.
python3(2528) MallocStackLogging: can't turn off malloc stack logging because it was not enabled.
python3(2529) MallocStackLogging: can't turn off malloc stack logging because it was not enabled.
python3(2999) MallocStackLogging: can't turn off malloc stack logging because it was not enabled.
python3(3000) MallocStackLogging: can't turn off malloc stack logging because it was not enabled.
python3(5196) MallocStackLogging: can't turn off malloc stack logging because it was not enabled.
python3(5197) MallocStackLogging: can't turn off malloc stack logging because it was not enabled.
[2026-10-05T16:57:58] [INFO] Model loaded.
[2026-10-05T16:57:58] [INFO] [1/50] rec_audio_call_421768524_audio_1788539479106.mp3
[2026-10-05T16:58:34] [INFO] [2/50] rec_default_420147298_audio_1788380486702.mp3
[2026-10-05T17:04:49] [INFO] [3/50] rec_audio_call_425933838_audio_1788934868635.mp3
[2026-10-05T18:05:23] [WARN] rec_audio_call_425933838_audio_1788934868635.mp3 chunk@56.0s took 3570s (normal is ~10-90s) — likely system memory pressure (check for other concurrent model processes), not a bug in this chunk.
[2026-10-05T19:03:49] [WARN] rec_audio_call_425933838_audio_1788934868635.mp3 chunk@84.0s took 3507s (normal is ~10-90s) — likely system memory pressure (check for other concurrent model processes), not a bug in this chunk.
[2026-10-05T20:30:58] [WARN] rec_audio_call_425933838_audio_1788934868635.mp3 chunk@112.0s took 5229s (normal is ~10-90s) — likely system memory pressure (check for other concurrent model processes), not a bug in this chunk.
[2026-10-05T21:10:36] [WARN] rec_audio_call_425933838_audio_1788934868635.mp3 chunk@140.0s took 2377s (normal is ~10-90s) — likely system memory pressure (check for other concurrent model processes), not a bug in this chunk.
[2026-10-05T22:04:25] [WARN] rec_audio_call_425933838_audio_1788934868635.mp3 chunk@168.0s took 3230s (normal is ~10-90s) — likely system memory pressure (check for other concurrent model processes), not a bug in this chunk.
[2026-10-05T22:11:50] [WARN] rec_audio_call_425933838_audio_1788934868635.mp3 chunk@196.0s took 445s (normal is ~10-90s) — likely system memory pressure (check for other concurrent model processes), not a bug in this chunk.
[2026-10-05T22:31:32] [WARN] rec_audio_call_425933838_audio_1788934868635.mp3 chunk@224.0s took 1182s (normal is ~10-90s) — likely system memory pressure (check for other concurrent model processes), not a bug in this chunk.
[2026-10-05T22:31:32] [INFO] [4/50] rec_default_425778316_audio_1788916552817.mp3
[2026-10-05T23:12:13] [WARN] rec_default_425778316_audio_1788916552817.mp3 chunk@0.0s took 2441s (normal is ~10-90s) — likely system memory pressure (check for other concurrent model processes), not a bug in this chunk.
[2026-10-06T00:13:12] [WARN] rec_default_425778316_audio_1788916552817.mp3 chunk@28.0s took 3659s (normal is ~10-90s) — likely system memory pressure (check for other concurrent model processes), not a bug in this chunk.
[2026-10-06T00:13:12] [INFO] [5/50] rec_audio_call_423351802_audio_1788689747483.mp3
[2026-10-06T00:30:02] [WARN] rec_audio_call_423351802_audio_1788689747483.mp3 chunk@0.0s took 1010s (normal is ~10-90s) — likely system memory pressure (check for other concurrent model processes), not a bug in this chunk.
[2026-10-06T01:09:20] [WARN] rec_audio_call_423351802_audio_1788689747483.mp3 chunk@28.0s took 2357s (normal is ~10-90s) — likely system memory pressure (check for other concurrent model processes), not a bug in this chunk.
[2026-10-06T02:04:08] [WARN] rec_audio_call_423351802_audio_1788689747483.mp3 chunk@56.0s took 3289s (normal is ~10-90s) — likely system memory pressure (check for other concurrent model processes), not a bug in this chunk.
[2026-10-06T02:04:08] [INFO] [6/50] rec_audio_call_423591955_audio_1788711572217.mp3
[2026-10-06T02:15:51] [WARN] rec_audio_call_423591955_audio_1788711572217.mp3 chunk@0.0s took 702s (normal is ~10-90s) — likely system memory pressure (check for other concurrent model processes), not a bug in this chunk.
[2026-10-06T03:16:41] [WARN] rec_audio_call_423591955_audio_1788711572217.mp3 chunk@28.0s took 3650s (normal is ~10-90s) — likely system memory pressure (check for other concurrent model processes), not a bug in this chunk.
[2026-10-06T04:17:30] [WARN] rec_audio_call_423591955_audio_1788711572217.mp3 chunk@56.0s took 3649s (normal is ~10-90s) — likely system memory pressure (check for other concurrent model processes), not a bug in this chunk.
[2026-10-06T05:18:31] [WARN] rec_audio_call_423591955_audio_1788711572217.mp3 chunk@84.0s took 3661s (normal is ~10-90s) — likely system memory pressure (check for other concurrent model processes), not a bug in this chunk.
[2026-10-06T05:18:32] [INFO] [7/50] rec_audio_call_426101059_audio_1788947560284.mp3
[2026-10-06T06:01:21] [WARN] rec_audio_call_426101059_audio_1788947560284.mp3 chunk@0.0s took 2567s (normal is ~10-90s) — likely system memory pressure (check for other concurrent model processes), not a bug in this chunk.
[2026-10-06T07:01:19] [WARN] rec_audio_call_426101059_audio_1788947560284.mp3 chunk@28.0s took 3597s (normal is ~10-90s) — likely system memory pressure (check for other concurrent model processes), not a bug in this chunk.
[2026-10-06T08:03:10] [WARN] rec_audio_call_426101059_audio_1788947560284.mp3 chunk@56.0s took 3711s (normal is ~10-90s) — likely system memory pressure (check for other concurrent model processes), not a bug in this chunk.
[2026-10-06T08:38:26] [WARN] rec_audio_call_426101059_audio_1788947560284.mp3 chunk@84.0s took 2116s (normal is ~10-90s) — likely system memory pressure (check for other concurrent model processes), not a bug in this chunk.
[2026-10-06T09:22:09] [WARN] rec_audio_call_426101059_audio_1788947560284.mp3 chunk@112.0s took 2623s (normal is ~10-90s) — likely system memory pressure (check for other concurrent model processes), not a bug in this chunk.
[2026-10-06T10:00:53] [WARN] rec_audio_call_426101059_audio_1788947560284.mp3 chunk@140.0s took 2324s (normal is ~10-90s) — likely system memory pressure (check for other concurrent model processes), not a bug in this chunk.
[2026-10-06T10:23:28] [WARN] rec_audio_call_426101059_audio_1788947560284.mp3 chunk@168.0s took 1355s (normal is ~10-90s) — likely system memory pressure (check for other concurrent model processes), not a bug in this chunk.
[2026-10-06T11:01:52] [WARN] rec_audio_call_426101059_audio_1788947560284.mp3 chunk@196.0s took 2304s (normal is ~10-90s) — likely system memory pressure (check for other concurrent model processes), not a bug in this chunk.
[2026-10-06T12:01:15] [WARN] rec_audio_call_426101059_audio_1788947560284.mp3 chunk@252.0s took 3473s (normal is ~10-90s) — likely system memory pressure (check for other concurrent model processes), not a bug in this chunk.
[2026-10-06T12:45:23] [WARN] rec_audio_call_426101059_audio_1788947560284.mp3 chunk@280.0s took 2647s (normal is ~10-90s) — likely system memory pressure (check for other concurrent model processes), not a bug in this chunk.
[2026-10-06T12:50:04] [WARN] rec_audio_call_426101059_audio_1788947560284.mp3 chunk@308.0s took 281s (normal is ~10-90s) — likely system memory pressure (check for other concurrent model processes), not a bug in this chunk.
[2026-10-06T12:53:54] [WARN] rec_audio_call_426101059_audio_1788947560284.mp3 chunk@364.0s took 122s (normal is ~10-90s) — likely system memory pressure (check for other concurrent model processes), not a bug in this chunk.
[2026-10-06T12:55:00] [INFO] [8/50] rec_audio_call_426108129_audio_1788948057694.mp3
[2026-10-06T12:58:39] [INFO] [9/50] rec_audio_call_426194933_audio_1788954682604.mp3
[2026-10-06T13:08:35] [WARN] rec_audio_call_426194933_audio_1788954682604.mp3 chunk@112.0s took 250s (normal is ~10-90s) — likely system memory pressure (check for other concurrent model processes), not a bug in this chunk.
[2026-10-06T13:11:09] [WARN] rec_audio_call_426194933_audio_1788954682604.mp3 chunk@140.0s took 155s (normal is ~10-90s) — likely system memory pressure (check for other concurrent model processes), not a bug in this chunk.
[2026-10-06T13:14:15] [WARN] rec_audio_call_426194933_audio_1788954682604.mp3 chunk@168.0s took 185s (normal is ~10-90s) — likely system memory pressure (check for other concurrent model processes), not a bug in this chunk.
[2026-10-06T13:16:40] [INFO] [10/50] rec_audio_call_426851772_audio_1789020879921.mp3
[2026-10-06T13:20:18] [WARN] rec_audio_call_426851772_audio_1789020879921.mp3 chunk@0.0s took 217s (normal is ~10-90s) — likely system memory pressure (check for other concurrent model processes), not a bug in this chunk.
[2026-10-06T13:26:18] [WARN] rec_audio_call_426851772_audio_1789020879921.mp3 chunk@56.0s took 278s (normal is ~10-90s) — likely system memory pressure (check for other concurrent model processes), not a bug in this chunk.python3(7251) MallocStackLogging: can't turn off malloc stack logging because it was not enabled.
python3(7252) MallocStackLogging: can't turn off malloc stack logging because it was not enabled.
python3(7550) MallocStackLogging: can't turn off malloc stack logging because it was not enabled.
python3(7551) MallocStackLogging: can't turn off malloc stack logging because it was not enabled.
python3(9537) MallocStackLogging: can't turn off malloc stack logging because it was not enabled.
python3(9538) MallocStackLogging: can't turn off malloc stack logging because it was not enabled.
python3(11501) MallocStackLogging: can't turn off malloc stack logging because it was not enabled.
python3(11502) MallocStackLogging: can't turn off malloc stack logging because it was not enabled.
python3(13938) MallocStackLogging: can't turn off malloc stack logging because it was not enabled.
python3(13939) MallocStackLogging: can't turn off malloc stack logging because it was not enabled.
python3(15917) MallocStackLogging: can't turn off malloc stack logging because it was not enabled.
python3(15918) MallocStackLogging: can't turn off malloc stack logging because it was not enabled.
/Users/hemapunyamoorty/.local/share/uv/python/cpython-3.11.15-macos-aarch64-none/lib/python3.11/multiprocessing/resource_tracker.py:254: UserWarning: resource_tracker: There appear to be 1 leaked semaphore objects to clean up at shutdown
  warnings.warn('resource_tracker: There appear to be %d '
