[2026-09-24T21:56:46] [INFO] Loading google/gemma-4-E4B-it (thinking=True)...
Warning: You are sending unauthenticated requests to the HF Hub. Please set a HF_TOKEN to enable higher rate limits and faster downloads.
Loading weights:   0%|          | 0/2076 [00:00<?, ?it/s]Loading weights:  13%|█▎        | 272/2076 [00:00<00:00, 2671.16it/s]Loading weights:  26%|██▌       | 540/2076 [00:00<00:00, 2319.27it/s]Loading weights:  37%|███▋      | 775/2076 [00:01<00:03, 357.66it/s] Loading weights:  44%|████▍     | 911/2076 [00:02<00:03, 352.96it/s]Loading weights:  49%|████▊     | 1007/2076 [00:02<00:03, 337.14it/s]Loading weights:  52%|█████▏    | 1079/2076 [00:02<00:03, 321.04it/s]Loading weights:  55%|█████▍    | 1136/2076 [00:02<00:02, 317.01it/s]Loading weights:  57%|█████▋    | 1184/2076 [00:03<00:02, 300.74it/s]Loading weights:  59%|█████▉    | 1225/2076 [00:03<00:02, 297.27it/s]Loading weights:  61%|██████    | 1262/2076 [00:03<00:02, 301.66it/s]Loading weights:  63%|██████▎   | 1298/2076 [00:03<00:02, 291.37it/s]Loading weights:  64%|██████▍   | 1331/2076 [00:03<00:02, 293.87it/s]Loading weights:  66%|██████▌   | 1363/2076 [00:03<00:02, 284.03it/s]Loading weights:  67%|██████▋   | 1393/2076 [00:03<00:02, 274.80it/s]Loading weights:  71%|███████   | 1474/2076 [00:03<00:01, 398.84it/s]Loading weights:  82%|████████▏ | 1711/2076 [00:03<00:00, 889.02it/s]Loading weights:  93%|█████████▎| 1931/2076 [00:04<00:00, 1231.47it/s]Loading weights: 100%|██████████| 2076/2076 [00:04<00:00, 497.68it/s] 
[load_model] requested attn_implementation='sdpa', model reports 'sdpa'
[2026-09-24T21:57:02] [INFO] Model loaded.
[2026-09-24T21:57:02] [INFO] [1/50] rec_audio_call_421768524_audio_1788539479106.mp3
[2026-09-24T21:58:05] [INFO] [2/50] rec_default_420147298_audio_1788380486702.mp3
[2026-09-24T22:09:28] [INFO] [3/50] rec_audio_call_425933838_audio_1788934868635.mp3
[2026-09-24T22:13:29] [WARN] rec_audio_call_425933838_audio_1788934868635.mp3 chunk@56.0s took 125s (normal is ~10-90s) — likely system memory pressure (check for other concurrent model processes), not a bug in this chunk.
[2026-09-24T22:21:06] [INFO] [4/50] rec_default_425778316_audio_1788916552817.mp3
[2026-09-24T22:23:38] [INFO] [5/50] rec_audio_call_423351802_audio_1788689747483.mp3
[2026-09-24T22:26:49] [INFO] [6/50] rec_audio_call_423591955_audio_1788711572217.mp3
[2026-09-24T22:30:17] [INFO] [7/50] rec_audio_call_426101059_audio_1788947560284.mp3
[2026-09-24T22:45:38] [INFO] [8/50] rec_audio_call_426108129_audio_1788948057694.mp3
[2026-09-24T22:47:36] [INFO] [9/50] rec_audio_call_426194933_audio_1788954682604.mp3
[2026-09-24T22:57:33] [INFO] [10/50] rec_audio_call_426851772_audio_1789020879921.mp3
[2026-09-24T23:03:25] [INFO] [11/50] rec_default_426634262_audio_1788988662985.mp3
[2026-09-24T23:04:57] [INFO] [12/50] rec_audio_call_424416192_audio_1788788125311.mp3
[2026-09-24T23:10:18] [INFO] [13/50] rec_default_426593601_audio_1788984536403.mp3
[2026-09-24T23:15:31] [INFO] [14/50] rec_default_426620137_audio_1788986984372.mp3
[2026-09-24T23:21:11] [INFO] [15/50] rec_default_426633368_audio_1788988531170.mp3
[2026-09-24T23:24:46] [INFO] [16/50] rec_audio_call_426416419_audio_1788974369340.mp3
[2026-09-24T23:29:02] [INFO] [17/50] rec_audio_call_420511856_audio_1788424457087.mp3
[2026-09-24T23:34:37] [INFO] [18/50] rec_audio_call_427305578_audio_1789058200155.mp3
[2026-09-24T23:35:31] [INFO] [19/50] rec_default_427308167_audio_1789058388570.mp3
[2026-09-24T23:45:05] [INFO] [20/50] rec_default_427314573_audio_1789058813038.mp3
[2026-09-24T23:48:00] [INFO] [21/50] rec_default_426645015_audio_1788990433927.mp3
[2026-09-24T23:56:49] [INFO] [22/50] rec_audio_call_425877181_audio_1788930106387.mp3
[2026-09-24T23:59:24] [INFO] [23/50] rec_audio_call_426035272_audio_1788942782972.mp3
[2026-09-25T00:01:41] [INFO] [24/50] rec_default_426534420_audio_1788980458455.mp3
[2026-09-25T00:03:41] [WARN] rec_default_426534420_audio_1788980458455.mp3 chunk@0.0s took 120s (normal is ~10-90s) — likely system memory pressure (check for other concurrent model processes), not a bug in this chunk.
[2026-09-25T00:04:03] [INFO] [25/50] rec_default_425912424_audio_1788933213081.mp3
[2026-09-25T00:11:02] [INFO] [26/50] rec_audio_call_427306773_audio_1789058284652.mp3
[2026-09-25T00:12:46] [INFO] [27/50] rec_audio_call_427306864_audio_1789058288911.mp3
[2026-09-25T00:15:46] [INFO] [28/50] rec_default_427305885_audio_1789058218067.mp3
[2026-09-25T00:19:41] [INFO] [29/50] rec_default_427307149_audio_1789058314884.mp3
[2026-09-25T00:24:33] [INFO] [30/50] rec_default_427307153_audio_1789058314255.mp3
[2026-09-25T00:30:55] [INFO] [31/50] rec_default_426603278_audio_1788985350942.mp3
[2026-09-25T00:40:38] [INFO] [32/50] rec_audio_call_426659403_audio_1788993755666.mp3
[2026-09-25T00:42:29] [INFO] [33/50] rec_default_426594432_audio_1788984607250.mp3
[2026-09-25T00:43:31] [INFO] [34/50] rec_default_425476935_audio_1788886067609.mp3
[2026-09-25T00:45:38] [INFO] [35/50] rec_default_425942168_audio_1788935504071.mp3
[2026-09-25T00:54:44] [INFO] [36/50] rec_audio_call_425591249_audio_1788892319841.mp3
[2026-09-25T00:57:14] [ERROR] rec_audio_call_425591249_audio_1788892319841.mp3 chunk@56.0s failed: 1 validation error for GemmaChunkFlag
model_violation
  Input should be a valid string [type=string_type, input_value=False, input_type=bool]
    For further information visit https://errors.pydantic.dev/2.13/v/string_type
Traceback (most recent call last):
  File "/workspace/os_moderation/gemma_local.py", line 648, in process_file
    flags, chunk_missing_counts = parse_and_score_flags(answer_text, token_infos, offset_sec, logger)
                                  ^^^^^^^^^^^^^^^^^^^^^^^^^^^^^^^^^^^^^^^^^^^^^^^^^^^^^^^^^^^^^^^^^^^
  File "/workspace/os_moderation/gemma_local.py", line 499, in parse_and_score_flags
    flags.append(GemmaChunkFlag(
                 ^^^^^^^^^^^^^^^
  File "/usr/local/lib/python3.12/dist-packages/pydantic/main.py", line 263, in __init__
    validated_self = self.__pydantic_validator__.validate_python(data, self_instance=self)
                     ^^^^^^^^^^^^^^^^^^^^^^^^^^^^^^^^^^^^^^^^^^^^^^^^^^^^^^^^^^^^^^^^^^^^^
pydantic_core._pydantic_core.ValidationError: 1 validation error for GemmaChunkFlag
model_violation
  Input should be a valid string [type=string_type, input_value=False, input_type=bool]
    For further information visit https://errors.pydantic.dev/2.13/v/string_type

[2026-09-25T01:00:20] [INFO] [37/50] rec_audio_call_426864490_audio_1789021845136.mp3
[2026-09-25T01:08:37] [INFO] [38/50] rec_audio_call_426871106_audio_1789022339887.mp3
[2026-09-25T01:17:20] [INFO] [39/50] rec_default_426855984_audio_1789021209994.mp3
[2026-09-25T01:28:02] [INFO] [40/50] rec_default_426865848_audio_1789021942575.mp3
[2026-09-25T01:31:57] [INFO] [41/50] rec_default_426667318_audio_1788995960432.mp3
[2026-09-25T01:35:08] [INFO] [42/50] rec_audio_call_425205242_audio_1788862499869.mp3
[2026-09-25T01:39:40] [INFO] [43/50] rec_audio_call_426339629_audio_1788968889098.mp3
[2026-09-25T01:42:32] [INFO] [44/50] rec_default_426608730_audio_1788985842618.mp3
[2026-09-25T01:43:34] [INFO] [45/50] rec_default_426606195_audio_1788985611722.mp3
[2026-09-25T01:52:14] [INFO] [46/50] rec_audio_call_426189476_audio_1788954198708.mp3
[2026-09-25T02:05:10] [INFO] [47/50] rec_default_426600174_audio_1788985087863.mp3
[2026-09-25T02:11:36] [INFO] [48/50] rec_audio_call_427027250_audio_1789033566943.mp3
[2026-09-25T02:14:08] [INFO] [49/50] rec_default_427000374_audio_1789031836869.mp3
[2026-09-25T02:14:50] [INFO] [50/50] rec_default_427035680_audio_1789034118532.mp3
[2026-09-25T02:19:04] [INFO] Done in 15721.3s — success=50 error=0 — missing fields (count of flags lacking each): c=0, speech_act=53, quote_type=53, violation=50
