[2026-10-08T01:48:00] [INFO] Loading google/gemma-4-E4B-it (thinking=False)...
Loading weights:   0%|          | 0/2076 [00:00<?, ?it/s]Loading weights:   0%|          | 3/2076 [00:00<01:30, 23.02it/s]Loading weights:   0%|          | 6/2076 [00:00<05:08,  6.72it/s]Loading weights:   0%|          | 8/2076 [00:00<04:06,  8.41it/s]Loading weights:   3%|▎         | 54/2076 [00:01<00:23, 86.31it/s]Loading weights:   3%|▎         | 71/2076 [00:01<00:26, 75.57it/s]Loading weights:  64%|██████▍   | 1337/2076 [00:01<00:00, 2241.54it/s]Loading weights: 100%|██████████| 2076/2076 [00:01<00:00, 1390.56it/s]
python3(19444) MallocStackLogging: can't turn off malloc stack logging because it was not enabled.
python3(19445) MallocStackLogging: can't turn off malloc stack logging because it was not enabled.
python3(19675) MallocStackLogging: can't turn off malloc stack logging because it was not enabled.
python3(19677) MallocStackLogging: can't turn off malloc stack logging because it was not enabled.
python3(24267) MallocStackLogging: can't turn off malloc stack logging because it was not enabled.
python3(24268) MallocStackLogging: can't turn off malloc stack logging because it was not enabled.
python3(25503) MallocStackLogging: can't turn off malloc stack logging because it was not enabled.
python3(25505) MallocStackLogging: can't turn off malloc stack logging because it was not enabled.
python3(26038) MallocStackLogging: can't turn off malloc stack logging because it was not enabled.
python3(26039) MallocStackLogging: can't turn off malloc stack logging because it was not enabled.
python3(31588) MallocStackLogging: can't turn off malloc stack logging because it was not enabled.
python3(31589) MallocStackLogging: can't turn off malloc stack logging because it was not enabled.
python3(32422) MallocStackLogging: can't turn off malloc stack logging because it was not enabled.
python3(32423) MallocStackLogging: can't turn off malloc stack logging because it was not enabled.
python3(33201) MallocStackLogging: can't turn off malloc stack logging because it was not enabled.
python3(33202) MallocStackLogging: can't turn off malloc stack logging because it was not enabled.
python3(37196) MallocStackLogging: can't turn off malloc stack logging because it was not enabled.
python3(37197) MallocStackLogging: can't turn off malloc stack logging because it was not enabled.
python3(64347) MallocStackLogging: can't turn off malloc stack logging because it was not enabled.
python3(64348) MallocStackLogging: can't turn off malloc stack logging because it was not enabled.
python3(77566) MallocStackLogging: can't turn off malloc stack logging because it was not enabled.
python3(77567) MallocStackLogging: can't turn off malloc stack logging because it was not enabled.
python3(77919) MallocStackLogging: can't turn off malloc stack logging because it was not enabled.
python3(77921) MallocStackLogging: can't turn off malloc stack logging because it was not enabled.
/Users/hemapunyamoorty/.local/share/uv/python/cpython-3.11.15-macos-aarch64-none/lib/python3.11/multiprocessing/resource_tracker.py:254: UserWarning: resource_tracker: There appear to be 1 leaked semaphore objects to clean up at shutdown
  warnings.warn('resource_tracker: There appear to be %d '
