[2026-09-24T21:01:39] [INFO] Loading google/gemma-4-E4B-it (thinking=False)...
Loading weights:   0%|          | 0/2076 [00:00<?, ?it/s]Loading weights:   3%|▎         | 61/2076 [00:00<00:05, 374.05it/s]Loading weights:   5%|▍         | 99/2076 [00:00<00:05, 373.90it/s]Loading weights:   7%|▋         | 137/2076 [00:00<00:06, 319.36it/s]Loading weights: 100%|██████████| 2076/2076 [00:00<00:00, 4204.16it/s]
[2026-09-24T21:01:57] [INFO] Model loaded.
[2026-09-24T21:01:57] [INFO] [1/50] rec_audio_call_421768524_audio_1788539479106.mp3
[2026-09-24T21:02:16] [INFO] [2/50] rec_default_420147298_audio_1788380486702.mp3
[2026-09-24T21:04:04] [INFO] [3/50] rec_audio_call_425933838_audio_1788934868635.mp3
[2026-09-24T21:06:59] [INFO] [4/50] rec_default_425778316_audio_1788916552817.mp3
[2026-09-24T21:07:33] [INFO] [5/50] rec_audio_call_423351802_audio_1788689747483.mp3
[2026-09-24T21:08:30] [INFO] [6/50] rec_audio_call_423591955_audio_1788711572217.mp3
[2026-09-24T21:08:57] [INFO] [7/50] rec_audio_call_426101059_audio_1788947560284.mp3
[2026-09-24T21:12:31] [INFO] [8/50] rec_audio_call_426108129_audio_1788948057694.mp3
[2026-09-24T21:12:50] [INFO] [9/50] rec_audio_call_426194933_audio_1788954682604.mp3
[2026-09-24T21:15:51] [INFO] [10/50] rec_audio_call_426851772_audio_1789020879921.mp3
[2026-09-24T21:16:41] [INFO] [11/50] rec_default_426634262_audio_1788988662985.mp3
[2026-09-24T21:16:53] [INFO] [12/50] rec_audio_call_424416192_audio_1788788125311.mp3
[2026-09-24T21:17:57] [INFO] [13/50] rec_default_426593601_audio_1788984536403.mp3
[2026-09-24T21:18:38] [INFO] [14/50] rec_default_426620137_audio_1788986984372.mp3
[2026-09-24T21:20:01] [INFO] [15/50] rec_default_426633368_audio_1788988531170.mp3
[2026-09-24T21:20:40] [INFO] [16/50] rec_audio_call_426416419_audio_1788974369340.mp3
[2026-09-24T21:21:38] [INFO] [17/50] rec_audio_call_420511856_audio_1788424457087.mp3
[2026-09-24T21:22:57] [INFO] [18/50] rec_audio_call_427305578_audio_1789058200155.mp3
[2026-09-24T21:23:10] [INFO] [19/50] rec_default_427308167_audio_1789058388570.mp3
[2026-09-24T21:26:01] [INFO] [20/50] rec_default_427314573_audio_1789058813038.mp3
[2026-09-24T21:26:32] [INFO] [21/50] rec_default_426645015_audio_1788990433927.mp3
[2026-09-24T21:27:44] [INFO] [22/50] rec_audio_call_425877181_audio_1788930106387.mp3
[2026-09-24T21:28:26] [INFO] [23/50] rec_audio_call_426035272_audio_1788942782972.mp3
[2026-09-24T21:29:04] [INFO] [24/50] rec_default_426534420_audio_1788980458455.mp3
[2026-09-24T21:29:46] [INFO] [25/50] rec_default_425912424_audio_1788933213081.mp3
[2026-09-24T21:30:45] [INFO] [26/50] rec_audio_call_427306773_audio_1789058284652.mp3
[2026-09-24T21:30:57] [INFO] [27/50] rec_audio_call_427306864_audio_1789058288911.mp3
[2026-09-24T21:31:29] [INFO] [28/50] rec_default_427305885_audio_1789058218067.mp3
[2026-09-24T21:32:28] [INFO] [29/50] rec_default_427307149_audio_1789058314884.mp3
[2026-09-24T21:33:15] [INFO] [30/50] rec_default_427307153_audio_1789058314255.mp3
[2026-09-24T21:34:54] [INFO] [31/50] rec_default_426603278_audio_1788985350942.mp3
[2026-09-24T21:37:12] [INFO] [32/50] rec_audio_call_426659403_audio_1788993755666.mp3
[2026-09-24T21:39:18] [INFO] [33/50] rec_default_426594432_audio_1788984607250.mp3
[2026-09-24T21:40:04] [INFO] [34/50] rec_default_425476935_audio_1788886067609.mp3
[2026-09-24T21:40:35] [INFO] [35/50] rec_default_425942168_audio_1788935504071.mp3
[2026-09-24T21:45:33] [WARN] rec_default_425942168_audio_1788935504071.mp3 chunk@168.0s took 227s (normal is ~10-90s) — likely system memory pressure (check for other concurrent model processes), not a bug in this chunk.
[2026-09-24T21:46:55] [INFO] [36/50] rec_audio_call_425591249_audio_1788892319841.mp3
[2026-09-24T21:47:47] [INFO] [37/50] rec_audio_call_426864490_audio_1789021845136.mp3
[2026-09-24T21:50:25] [INFO] [38/50] rec_audio_call_426871106_audio_1789022339887.mp3
[2026-09-24T21:52:39] [INFO] [39/50] rec_default_426855984_audio_1789021209994.mp3
[2026-09-24T21:54:22] [INFO] [40/50] rec_default_426865848_audio_1789021942575.mp3
[2026-09-24T21:55:12] [INFO] [41/50] rec_default_426667318_audio_1788995960432.mp3
[2026-09-24T21:56:09] [INFO] [42/50] rec_audio_call_425205242_audio_1788862499869.mp3
[2026-09-24T21:57:44] [INFO] [43/50] rec_audio_call_426339629_audio_1788968889098.mp3
[2026-09-24T21:58:37] [INFO] [44/50] rec_default_426608730_audio_1788985842618.mp3
[2026-09-24T21:59:21] [INFO] [45/50] rec_default_426606195_audio_1788985611722.mp3
[2026-09-24T22:01:57] [INFO] [46/50] rec_audio_call_426189476_audio_1788954198708.mp3
[2026-09-24T22:04:36] [INFO] [47/50] rec_default_426600174_audio_1788985087863.mp3
[2026-09-24T22:05:56] [INFO] [48/50] rec_audio_call_427027250_audio_1789033566943.mp3
[2026-09-24T22:07:41] [INFO] [49/50] rec_default_427000374_audio_1789031836869.mp3
[2026-09-24T22:07:55] [INFO] [50/50] rec_default_427035680_audio_1789034118532.mp3
[2026-09-24T22:08:49] [INFO] Done in 4012.0s — success=50 error=0 — missing fields (count of flags lacking each): c=0, speech_act=0, quote_type=0, violation=0
