[2026-09-24T14:28:24] [INFO] Loading google/gemma-4-E4B-it (thinking=True)...
Warning: You are sending unauthenticated requests to the HF Hub. Please set a HF_TOKEN to enable higher rate limits and faster downloads.
Loading weights:   0%|          | 0/2076 [00:00<?, ?it/s]Loading weights:  36%|███▋      | 754/2076 [00:00<00:00, 3992.62it/s]Loading weights:  56%|█████▌    | 1154/2076 [00:00<00:00, 1134.26it/s]Loading weights:  65%|██████▌   | 1353/2076 [00:01<00:00, 1136.34it/s]Loading weights:  91%|█████████▏| 1899/2076 [00:01<00:00, 1830.36it/s]Loading weights: 100%|██████████| 2076/2076 [00:01<00:00, 1777.43it/s]
[load_model] requested attn_implementation='sdpa', model reports 'sdpa'
[2026-09-24T14:28:31] [INFO] Model loaded.
[2026-09-24T14:28:31] [INFO] [1/50] rec_audio_call_421768524_audio_1788539479106.mp3
[2026-09-24T14:29:04] [INFO] [2/50] rec_default_420147298_audio_1788380486702.mp3
[2026-09-24T14:35:41] [INFO] [3/50] rec_audio_call_425933838_audio_1788934868635.mp3
[2026-09-24T14:42:10] [INFO] [4/50] rec_default_425778316_audio_1788916552817.mp3
[2026-09-24T14:43:39] [INFO] [5/50] rec_audio_call_423351802_audio_1788689747483.mp3
[2026-09-24T14:45:42] [INFO] [6/50] rec_audio_call_423591955_audio_1788711572217.mp3
[2026-09-24T14:47:20] [INFO] [7/50] rec_audio_call_426101059_audio_1788947560284.mp3
[2026-09-24T14:56:40] [INFO] [8/50] rec_audio_call_426108129_audio_1788948057694.mp3
[2026-09-24T14:57:47] [INFO] [9/50] rec_audio_call_426194933_audio_1788954682604.mp3
[2026-09-24T15:03:28] [INFO] [10/50] rec_audio_call_426851772_audio_1789020879921.mp3
[2026-09-24T15:07:36] [INFO] [11/50] rec_default_426634262_audio_1788988662985.mp3
[2026-09-24T15:08:49] [INFO] [12/50] rec_audio_call_424416192_audio_1788788125311.mp3
[2026-09-24T15:13:14] [INFO] [13/50] rec_default_426593601_audio_1788984536403.mp3
[2026-09-24T15:17:39] [INFO] [14/50] rec_default_426620137_audio_1788986984372.mp3
[2026-09-24T15:22:18] [INFO] [15/50] rec_default_426633368_audio_1788988531170.mp3
[2026-09-24T15:25:13] [INFO] [16/50] rec_audio_call_426416419_audio_1788974369340.mp3
[2026-09-24T15:28:38] [INFO] [17/50] rec_audio_call_420511856_audio_1788424457087.mp3
[2026-09-24T15:32:22] [INFO] [18/50] rec_audio_call_427305578_audio_1789058200155.mp3
[2026-09-24T15:32:56] [INFO] [19/50] rec_default_427308167_audio_1789058388570.mp3
[2026-09-24T15:41:01] [INFO] [20/50] rec_default_427314573_audio_1789058813038.mp3
[2026-09-24T15:43:21] [INFO] [21/50] rec_default_426645015_audio_1788990433927.mp3
[2026-09-24T15:49:55] [INFO] [22/50] rec_audio_call_425877181_audio_1788930106387.mp3
[2026-09-24T15:51:41] [INFO] [23/50] rec_audio_call_426035272_audio_1788942782972.mp3
[2026-09-24T15:53:28] [INFO] [24/50] rec_default_426534420_audio_1788980458455.mp3
[2026-09-24T15:54:40] [INFO] [25/50] rec_default_425912424_audio_1788933213081.mp3
[2026-09-24T15:59:51] [INFO] [26/50] rec_audio_call_427306773_audio_1789058284652.mp3
[2026-09-24T16:00:44] [INFO] [27/50] rec_audio_call_427306864_audio_1789058288911.mp3
[2026-09-24T16:03:10] [INFO] [28/50] rec_default_427305885_audio_1789058218067.mp3
[2026-09-24T16:06:20] [INFO] [29/50] rec_default_427307149_audio_1789058314884.mp3
[2026-09-24T16:09:36] [INFO] [30/50] rec_default_427307153_audio_1789058314255.mp3
