[2026-09-17T14:15:17] [INFO] Loading google/gemma-4-E2B-it (text-only, non-thinking)...
[2026-09-17T11:14:14] [INFO] Loading google/gemma-4-E2B-it (text-only, non-thinking)...
[2026-09-17T11:26:05] [INFO] Loading google/gemma-4-E2B-it (text-only, non-thinking)...
[2026-09-17T11:26:18] [INFO] Loading google/gemma-4-E2B-it (text-only, non-thinking)...
[2026-09-17T11:26:39] [INFO] Model loaded.
[2026-09-17T11:26:40] [INFO] Skipping 0 already-done file(s)
[2026-09-17T11:26:40] [INFO] [1/381] rec_audio_call_392603926_audio_1785858184285.mp3
[2026-09-17T11:26:41] [INFO] [2/381] rec_audio_call_392607690_audio_1785858500937.mp3
[2026-09-17T11:26:42] [INFO] Model loaded.
[2026-09-17T11:26:42] [INFO] Skipping 1 already-done file(s)
[2026-09-17T11:26:42] [INFO] [1/380] rec_audio_call_392607690_audio_1785858500937.mp3
[2026-09-17T11:26:48] [INFO] [3/381] rec_audio_call_392643395_audio_1785861202288.mp3
[2026-09-17T11:26:49] [INFO] [2/380] rec_audio_call_392643395_audio_1785861202288.mp3
[2026-09-17T11:26:54] [INFO] Loading google/gemma-4-E2B-it (text-only, non-thinking)...
[2026-09-17T11:26:55] [INFO] [4/381] rec_audio_call_425736604_audio_1788905083156.mp3
[2026-09-17T11:26:55] [INFO] [3/380] rec_audio_call_425736604_audio_1788905083156.mp3
[2026-09-17T11:27:01] [INFO] [4/380] rec_audio_call_425748748_audio_1788908276475.mp3
[2026-09-17T11:27:01] [INFO] [5/381] rec_audio_call_425748748_audio_1788908276475.mp3
[2026-09-17T11:27:02] [INFO] [5/380] rec_audio_call_425749256_audio_1788908432017.mp3
[2026-09-17T11:27:02] [INFO] [6/381] rec_audio_call_425749256_audio_1788908432017.mp3
[2026-09-17T11:27:03] [INFO] [6/380] rec_default_426610557_audio_1788986010552.mp3
[2026-09-17T11:27:03] [INFO] [7/381] rec_default_426610557_audio_1788986010552.mp3
[2026-09-17T11:27:04] [INFO] [7/380] rec_audio_call_425655492_audio_1788895962923.mp3
[2026-09-17T11:27:04] [INFO] [8/381] rec_audio_call_425655492_audio_1788895962923.mp3
[2026-09-17T11:27:05] [INFO] [8/380] rec_audio_call_425656293_audio_1788896013602.mp3
[2026-09-17T11:27:05] [INFO] [9/381] rec_audio_call_425656293_audio_1788896013602.mp3
[2026-09-17T11:27:06] [INFO] [9/380] rec_audio_call_425679391_audio_1788897730000.mp3
[2026-09-17T11:27:06] [INFO] [10/381] rec_audio_call_425679391_audio_1788897730000.mp3
[2026-09-17T11:27:13] [INFO] Model loaded.
[2026-09-17T11:27:13] [INFO] Skipping 9 already-done file(s)
[2026-09-17T11:27:13] [INFO] [1/372] rec_audio_call_425679391_audio_1788897730000.mp3
[2026-09-17T11:27:18] [INFO] [11/381] rec_audio_call_425691838_audio_1788898819143.mp3
[2026-09-17T11:27:19] [INFO] [10/380] rec_audio_call_425691838_audio_1788898819143.mp3
[2026-09-17T11:27:25] [INFO] [12/381] rec_default_426593829_audio_1788984553610.mp3
[2026-09-17T11:27:26] [INFO] [2/372] rec_audio_call_425691838_audio_1788898819143.mp3
[2026-09-17T11:27:26] [INFO] [11/380] rec_default_426593829_audio_1788984553610.mp3
[2026-09-17T11:27:33] [INFO] [3/372] rec_default_426593829_audio_1788984553610.mp3
[2026-09-17T11:27:44] [INFO] [13/381] rec_audio_call_419965552_audio_1788369990564.mp3
[2026-09-17T11:27:45] [INFO] [14/381] rec_audio_call_421071310_audio_1788465787061.mp3
[2026-09-17T11:27:46] [INFO] [12/380] rec_audio_call_419965552_audio_1788369990564.mp3
[2026-09-17T11:27:48] [INFO] [13/380] rec_audio_call_421071310_audio_1788465787061.mp3
[2026-09-17T11:27:52] [INFO] [4/372] rec_audio_call_419965552_audio_1788369990564.mp3
[2026-09-17T11:27:54] [INFO] [5/372] rec_audio_call_421071310_audio_1788465787061.mp3
[2026-09-17T11:28:29] [INFO] [15/381] rec_audio_call_421768524_audio_1788539479106.mp3
[2026-09-17T11:28:30] [INFO] [16/381] rec_audio_call_421835569_audio_1788543699379.mp3
[2026-09-17T11:28:31] [INFO] [17/381] rec_audio_call_421997101_audio_1788553909604.mp3
[2026-09-17T11:28:32] [INFO] [14/380] rec_audio_call_421768524_audio_1788539479106.mp3
[2026-09-17T11:28:33] [INFO] [15/380] rec_audio_call_421835569_audio_1788543699379.mp3
[2026-09-17T11:28:35] [INFO] [16/380] rec_audio_call_421997101_audio_1788553909604.mp3
[2026-09-17T11:28:37] [INFO] [18/381] rec_audio_call_423610988_audio_1788712982461.mp3
[2026-09-17T11:28:38] [INFO] [6/372] rec_audio_call_421768524_audio_1788539479106.mp3
[2026-09-17T11:28:38] [INFO] [19/381] rec_audio_call_425656431_audio_1788896027178.mp3
[2026-09-17T11:28:39] [INFO] [7/372] rec_audio_call_421835569_audio_1788543699379.mp3
[2026-09-17T11:28:40] [INFO] [20/381] rec_default_420147298_audio_1788380486702.mp3
[2026-09-17T11:28:40] [INFO] [8/372] rec_audio_call_421997101_audio_1788553909604.mp3
[2026-09-17T11:28:41] [INFO] [17/380] rec_audio_call_423610988_audio_1788712982461.mp3
[2026-09-17T11:28:42] [INFO] [18/380] rec_audio_call_425656431_audio_1788896027178.mp3
[2026-09-17T11:28:44] [INFO] [19/380] rec_default_420147298_audio_1788380486702.mp3
[2026-09-17T11:28:47] [INFO] [9/372] rec_audio_call_423610988_audio_1788712982461.mp3
[2026-09-17T11:28:48] [INFO] [21/381] rec_default_420599099_audio_1788430532077.mp3
[2026-09-17T11:28:48] [INFO] [10/372] rec_audio_call_425656431_audio_1788896027178.mp3
[2026-09-17T11:28:50] [INFO] [22/381] rec_default_421888258_audio_1788546625741.mp3
[2026-09-17T11:28:50] [INFO] [11/372] rec_default_420147298_audio_1788380486702.mp3
[2026-09-17T11:28:52] [INFO] [20/380] rec_default_420599099_audio_1788430532077.mp3
[2026-09-17T11:28:54] [INFO] [21/380] rec_default_421888258_audio_1788546625741.mp3
[2026-09-17T11:28:55] [INFO] [23/381] rec_default_423958539_audio_1788751477018.mp3
[2026-09-17T11:28:58] [INFO] [12/372] rec_default_420599099_audio_1788430532077.mp3
[2026-09-17T11:28:59] [INFO] [22/380] rec_default_423958539_audio_1788751477018.mp3
[2026-09-17T11:29:00] [INFO] [13/372] rec_default_421888258_audio_1788546625741.mp3
[2026-09-17T11:29:01] [INFO] [24/381] rec_audio_call_421981200_audio_1788552638354.mp3
[2026-09-17T11:29:05] [INFO] [23/380] rec_audio_call_421981200_audio_1788552638354.mp3
[2026-09-17T11:29:05] [INFO] [14/372] rec_default_423958539_audio_1788751477018.mp3
[2026-09-17T11:29:09] [INFO] [25/381] rec_audio_call_422812035_audio_1788633064712.mp3
[2026-09-17T11:29:11] [INFO] [15/372] rec_audio_call_421981200_audio_1788552638354.mp3
[2026-09-17T11:29:13] [INFO] [24/380] rec_audio_call_422812035_audio_1788633064712.mp3
[2026-09-17T11:29:16] [INFO] [26/381] rec_audio_call_423872491_audio_1788731676125.mp3
[2026-09-17T11:29:19] [INFO] [16/372] rec_audio_call_422812035_audio_1788633064712.mp3
[2026-09-17T11:29:20] [INFO] [25/380] rec_audio_call_423872491_audio_1788731676125.mp3
[2026-09-17T11:29:23] [INFO] [27/381] rec_audio_call_424735559_audio_1788811052808.mp3
[2026-09-17T11:29:26] [INFO] [17/372] rec_audio_call_423872491_audio_1788731676125.mp3
[2026-09-17T11:29:27] [INFO] [26/380] rec_audio_call_424735559_audio_1788811052808.mp3
[2026-09-17T11:29:31] [ERROR] rec_audio_call_424735559_audio_1788811052808.mp3: FAILED — 'list' object has no attribute 'get'
Traceback (most recent call last):
  File "/workspace/os_moderation/gemma_local_text.py", line 178, in main
    result, raw_response = process_file(model, processor, record, args.model, args.transcript_chunk_seconds, logger)
                           ^^^^^^^^^^^^^^^^^^^^^^^^^^^^^^^^^^^^^^^^^^^^^^^^^^^^^^^^^^^^^^^^^^^^^^^^^^^^^^^^^^^^^^^^^
  File "/workspace/os_moderation/gemma_local_text.py", line 100, in process_file
    flags = parse_and_score_flags(answer_text, token_infos, chunk_offset_sec=0.0, logger=logger)
            ^^^^^^^^^^^^^^^^^^^^^^^^^^^^^^^^^^^^^^^^^^^^^^^^^^^^^^^^^^^^^^^^^^^^^^^^^^^^^^^^^^^^
  File "/workspace/os_moderation/gemma_local.py", line 305, in parse_and_score_flags
    raw_flags = parsed.get("d", [])
                ^^^^^^^^^^
AttributeError: 'list' object has no attribute 'get'

[2026-09-17T11:29:31] [INFO] [28/381] rec_audio_call_425051281_audio_1788851621695.mp3
[2026-09-17T11:29:33] [INFO] [18/372] rec_audio_call_424735559_audio_1788811052808.mp3
[2026-09-17T11:29:36] [ERROR] rec_audio_call_424735559_audio_1788811052808.mp3: FAILED — 'list' object has no attribute 'get'
Traceback (most recent call last):
  File "/workspace/os_moderation/gemma_local_text.py", line 178, in main
    result, raw_response = process_file(model, processor, record, args.model, args.transcript_chunk_seconds, logger)
                           ^^^^^^^^^^^^^^^^^^^^^^^^^^^^^^^^^^^^^^^^^^^^^^^^^^^^^^^^^^^^^^^^^^^^^^^^^^^^^^^^^^^^^^^^^
  File "/workspace/os_moderation/gemma_local_text.py", line 100, in process_file
    flags = parse_and_score_flags(answer_text, token_infos, chunk_offset_sec=0.0, logger=logger)
            ^^^^^^^^^^^^^^^^^^^^^^^^^^^^^^^^^^^^^^^^^^^^^^^^^^^^^^^^^^^^^^^^^^^^^^^^^^^^^^^^^^^^
  File "/workspace/os_moderation/gemma_local.py", line 305, in parse_and_score_flags
    raw_flags = parsed.get("d", [])
                ^^^^^^^^^^
AttributeError: 'list' object has no attribute 'get'

[2026-09-17T11:29:36] [INFO] [27/380] rec_audio_call_425051281_audio_1788851621695.mp3
[2026-09-17T11:29:41] [ERROR] rec_audio_call_424735559_audio_1788811052808.mp3: FAILED — 'list' object has no attribute 'get'
Traceback (most recent call last):
  File "/workspace/os_moderation/gemma_local_text.py", line 178, in main
    result, raw_response = process_file(model, processor, record, args.model, args.transcript_chunk_seconds, logger)
                           ^^^^^^^^^^^^^^^^^^^^^^^^^^^^^^^^^^^^^^^^^^^^^^^^^^^^^^^^^^^^^^^^^^^^^^^^^^^^^^^^^^^^^^^^^
  File "/workspace/os_moderation/gemma_local_text.py", line 100, in process_file
    flags = parse_and_score_flags(answer_text, token_infos, chunk_offset_sec=0.0, logger=logger)
            ^^^^^^^^^^^^^^^^^^^^^^^^^^^^^^^^^^^^^^^^^^^^^^^^^^^^^^^^^^^^^^^^^^^^^^^^^^^^^^^^^^^^
  File "/workspace/os_moderation/gemma_local.py", line 305, in parse_and_score_flags
    raw_flags = parsed.get("d", [])
                ^^^^^^^^^^
AttributeError: 'list' object has no attribute 'get'

[2026-09-17T11:29:41] [INFO] [19/372] rec_audio_call_425051281_audio_1788851621695.mp3
[2026-09-17T11:29:46] [INFO] [29/381] rec_default_422797054_audio_1788632206019.mp3
[2026-09-17T11:29:50] [INFO] [28/380] rec_default_422797054_audio_1788632206019.mp3
[2026-09-17T11:29:56] [INFO] [20/372] rec_default_422797054_audio_1788632206019.mp3
[2026-09-17T11:30:10] [INFO] [30/381] rec_audio_call_421865395_audio_1788545383247.mp3
[2026-09-17T11:30:13] [INFO] [29/380] rec_audio_call_421865395_audio_1788545383247.mp3
[2026-09-17T11:30:17] [INFO] [31/381] rec_audio_call_425933838_audio_1788934868635.mp3
[2026-09-17T11:30:19] [INFO] [21/372] rec_audio_call_421865395_audio_1788545383247.mp3
[2026-09-17T11:30:20] [INFO] [30/380] rec_audio_call_425933838_audio_1788934868635.mp3
[2026-09-17T11:30:26] [INFO] [22/372] rec_audio_call_425933838_audio_1788934868635.mp3
[2026-09-17T11:30:50] [INFO] [32/381] rec_audio_call_426596251_audio_1788984756063.mp3
[2026-09-17T11:30:53] [INFO] [31/380] rec_audio_call_426596251_audio_1788984756063.mp3
[2026-09-17T11:30:56] [INFO] [33/381] rec_audio_call_426599617_audio_1788985040466.mp3
[2026-09-17T11:30:59] [INFO] [23/372] rec_audio_call_426596251_audio_1788984756063.mp3
[2026-09-17T11:30:59] [INFO] [32/380] rec_audio_call_426599617_audio_1788985040466.mp3
[2026-09-17T11:31:05] [INFO] [24/372] rec_audio_call_426599617_audio_1788985040466.mp3
[2026-09-17T11:31:25] [INFO] [34/381] rec_default_423978016_audio_1788753648923.mp3
[2026-09-17T11:31:28] [INFO] [33/380] rec_default_423978016_audio_1788753648923.mp3
[2026-09-17T11:31:32] [INFO] [35/381] rec_default_425396309_audio_1788879180076.mp3
[2026-09-17T11:31:33] [INFO] [25/372] rec_default_423978016_audio_1788753648923.mp3
[2026-09-17T11:31:36] [INFO] [34/380] rec_default_425396309_audio_1788879180076.mp3
[2026-09-17T11:31:39] [INFO] [36/381] rec_default_425778316_audio_1788916552817.mp3
[2026-09-17T11:31:41] [INFO] [26/372] rec_default_425396309_audio_1788879180076.mp3
[2026-09-17T11:31:43] [INFO] [35/380] rec_default_425778316_audio_1788916552817.mp3
[2026-09-17T11:31:45] [INFO] [37/381] rec_audio_call_424867062_audio_1788834834877.mp3
[2026-09-17T11:31:49] [INFO] [27/372] rec_default_425778316_audio_1788916552817.mp3
[2026-09-17T11:31:50] [INFO] [36/380] rec_audio_call_424867062_audio_1788834834877.mp3
[2026-09-17T11:31:52] [INFO] [38/381] rec_audio_call_425730841_audio_1788903925979.mp3
[2026-09-17T11:31:55] [INFO] [28/372] rec_audio_call_424867062_audio_1788834834877.mp3
[2026-09-17T11:31:57] [INFO] [37/380] rec_audio_call_425730841_audio_1788903925979.mp3
[2026-09-17T11:31:58] [INFO] [39/381] rec_audio_call_425744236_audio_1788906883727.mp3
[2026-09-17T11:32:02] [INFO] [29/372] rec_audio_call_425730841_audio_1788903925979.mp3
[2026-09-17T11:32:03] [INFO] [38/380] rec_audio_call_425744236_audio_1788906883727.mp3
[2026-09-17T11:32:08] [INFO] [30/372] rec_audio_call_425744236_audio_1788906883727.mp3
[2026-09-17T11:32:13] [INFO] [40/381] rec_audio_call_426409268_audio_1788973959169.mp3
[2026-09-17T11:32:14] [INFO] [41/381] rec_default_424880310_audio_1788836667926.mp3
[2026-09-17T11:32:17] [INFO] [39/380] rec_audio_call_426409268_audio_1788973959169.mp3
[2026-09-17T11:32:19] [INFO] [40/380] rec_default_424880310_audio_1788836667926.mp3
[2026-09-17T11:32:21] [INFO] [42/381] rec_default_425134890_audio_1788857770816.mp3
[2026-09-17T11:32:22] [INFO] [31/372] rec_audio_call_426409268_audio_1788973959169.mp3
[2026-09-17T11:32:24] [INFO] [32/372] rec_default_424880310_audio_1788836667926.mp3
[2026-09-17T11:32:26] [INFO] [41/380] rec_default_425134890_audio_1788857770816.mp3
[2026-09-17T11:32:31] [INFO] [33/372] rec_default_425134890_audio_1788857770816.mp3
[2026-09-17T11:32:38] [INFO] [43/381] rec_default_425141339_audio_1788858189163.mp3
[2026-09-17T11:32:42] [INFO] [42/380] rec_default_425141339_audio_1788858189163.mp3
[2026-09-17T11:32:48] [INFO] [34/372] rec_default_425141339_audio_1788858189163.mp3
[2026-09-17T11:33:36] [INFO] [44/381] rec_audio_call_424610503_audio_1788803501320.mp3
[2026-09-17T11:33:39] [INFO] [43/380] rec_audio_call_424610503_audio_1788803501320.mp3
[2026-09-17T11:33:42] [INFO] [45/381] rec_audio_call_424798751_audio_1788818609448.mp3
[2026-09-17T11:33:45] [INFO] [44/380] rec_audio_call_424798751_audio_1788818609448.mp3
[2026-09-17T11:33:46] [INFO] [35/372] rec_audio_call_424610503_audio_1788803501320.mp3
[2026-09-17T11:33:47] [INFO] [46/381] rec_audio_call_425147890_audio_1788858642964.mp3
[2026-09-17T11:33:49] [INFO] [47/381] rec_audio_call_425713085_audio_1788901236624.mp3
[2026-09-17T11:33:50] [INFO] [48/381] rec_audio_call_419508797_audio_1788334367395.mp3
[2026-09-17T11:33:51] [INFO] [45/380] rec_audio_call_425147890_audio_1788858642964.mp3
[2026-09-17T11:33:52] [INFO] [49/381] rec_audio_call_421677953_audio_1788530753328.mp3
[2026-09-17T11:33:53] [INFO] [46/380] rec_audio_call_425713085_audio_1788901236624.mp3
[2026-09-17T11:33:53] [INFO] [36/372] rec_audio_call_424798751_audio_1788818609448.mp3
[2026-09-17T11:33:54] [INFO] [47/380] rec_audio_call_419508797_audio_1788334367395.mp3
[2026-09-17T11:33:55] [INFO] [48/380] rec_audio_call_421677953_audio_1788530753328.mp3
[2026-09-17T11:33:59] [INFO] [50/381] rec_audio_call_423351802_audio_1788689747483.mp3
[2026-09-17T11:34:00] [INFO] [37/372] rec_audio_call_425147890_audio_1788858642964.mp3
[2026-09-17T11:34:01] [INFO] [38/372] rec_audio_call_425713085_audio_1788901236624.mp3
[2026-09-17T11:34:03] [INFO] [49/380] rec_audio_call_423351802_audio_1788689747483.mp3
[2026-09-17T11:34:03] [INFO] [39/372] rec_audio_call_419508797_audio_1788334367395.mp3
[2026-09-17T11:34:04] [INFO] [40/372] rec_audio_call_421677953_audio_1788530753328.mp3
[2026-09-17T11:34:05] [INFO] [51/381] rec_audio_call_423591955_audio_1788711572217.mp3
[2026-09-17T11:34:07] [INFO] [52/381] rec_audio_call_423629370_audio_1788714233340.mp3
[2026-09-17T11:34:09] [INFO] [50/380] rec_audio_call_423591955_audio_1788711572217.mp3
[2026-09-17T11:34:11] [INFO] [51/380] rec_audio_call_423629370_audio_1788714233340.mp3
[2026-09-17T11:34:12] [INFO] [41/372] rec_audio_call_423351802_audio_1788689747483.mp3
[2026-09-17T11:34:20] [INFO] [42/372] rec_audio_call_423591955_audio_1788711572217.mp3
[2026-09-17T11:34:22] [INFO] [43/372] rec_audio_call_423629370_audio_1788714233340.mp3
[2026-09-17T11:34:45] [INFO] [53/381] rec_audio_call_426565546_audio_1788982388939.mp3
[2026-09-17T11:34:47] [INFO] [54/381] rec_default_419887388_audio_1788364981482.mp3
[2026-09-17T11:34:49] [INFO] [52/380] rec_audio_call_426565546_audio_1788982388939.mp3
[2026-09-17T11:34:50] [INFO] [53/380] rec_default_419887388_audio_1788364981482.mp3
[2026-09-17T11:34:59] [INFO] [44/372] rec_audio_call_426565546_audio_1788982388939.mp3
[2026-09-17T11:35:01] [INFO] [45/372] rec_default_419887388_audio_1788364981482.mp3
[2026-09-17T11:35:03] [INFO] [55/381] rec_default_421661435_audio_1788529081993.mp3
[2026-09-17T11:35:07] [INFO] [54/380] rec_default_421661435_audio_1788529081993.mp3
[2026-09-17T11:35:10] [INFO] [56/381] rec_default_421956667_audio_1788550846403.mp3
[2026-09-17T11:35:11] [INFO] [57/381] rec_default_423887482_audio_1788735128862.mp3
[2026-09-17T11:35:14] [INFO] [55/380] rec_default_421956667_audio_1788550846403.mp3
[2026-09-17T11:35:15] [INFO] [56/380] rec_default_423887482_audio_1788735128862.mp3
[2026-09-17T11:35:17] [INFO] [46/372] rec_default_421661435_audio_1788529081993.mp3
[2026-09-17T11:35:19] [INFO] [58/381] rec_default_424793843_audio_1788817690775.mp3
[2026-09-17T11:35:21] [INFO] [59/381] rec_default_425627452_audio_1788894258639.mp3
[2026-09-17T11:35:22] [INFO] [60/381] rec_audio_call_426099993_audio_1788947488901.mp3
[2026-09-17T11:35:23] [INFO] [57/380] rec_default_424793843_audio_1788817690775.mp3
[2026-09-17T11:35:23] [INFO] [61/381] rec_audio_call_426101059_audio_1788947560284.mp3
[2026-09-17T11:35:25] [INFO] [58/380] rec_default_425627452_audio_1788894258639.mp3
[2026-09-17T11:35:25] [INFO] [47/372] rec_default_421956667_audio_1788550846403.mp3
[2026-09-17T11:35:26] [INFO] [59/380] rec_audio_call_426099993_audio_1788947488901.mp3
[2026-09-17T11:35:27] [INFO] [48/372] rec_default_423887482_audio_1788735128862.mp3
[2026-09-17T11:35:28] [INFO] [60/380] rec_audio_call_426101059_audio_1788947560284.mp3
[2026-09-17T11:35:35] [INFO] [49/372] rec_default_424793843_audio_1788817690775.mp3
[2026-09-17T11:35:37] [INFO] [50/372] rec_default_425627452_audio_1788894258639.mp3
[2026-09-17T11:35:38] [INFO] [51/372] rec_audio_call_426099993_audio_1788947488901.mp3
[2026-09-17T11:35:39] [INFO] [52/372] rec_audio_call_426101059_audio_1788947560284.mp3
[2026-09-17T11:35:40] [INFO] [62/381] rec_audio_call_426107984_audio_1788948053829.mp3
[2026-09-17T11:35:41] [INFO] [63/381] rec_audio_call_426107995_audio_1788948050780.mp3
[2026-09-17T11:35:43] [INFO] [64/381] rec_audio_call_426108129_audio_1788948057694.mp3
[2026-09-17T11:35:44] [INFO] [61/380] rec_audio_call_426107984_audio_1788948053829.mp3
[2026-09-17T11:35:44] [INFO] [65/381] rec_audio_call_426119888_audio_1788948897495.mp3
[2026-09-17T11:35:45] [INFO] [62/380] rec_audio_call_426107995_audio_1788948050780.mp3
[2026-09-17T11:35:46] [INFO] [66/381] rec_audio_call_426127774_audio_1788949477698.mp3
[2026-09-17T11:35:47] [INFO] [63/380] rec_audio_call_426108129_audio_1788948057694.mp3
[2026-09-17T11:35:48] [INFO] [64/380] rec_audio_call_426119888_audio_1788948897495.mp3
[2026-09-17T11:35:50] [INFO] [65/380] rec_audio_call_426127774_audio_1788949477698.mp3
[2026-09-17T11:35:55] [INFO] [53/372] rec_audio_call_426107984_audio_1788948053829.mp3
[2026-09-17T11:35:57] [INFO] [54/372] rec_audio_call_426107995_audio_1788948050780.mp3
[2026-09-17T11:35:58] [INFO] [55/372] rec_audio_call_426108129_audio_1788948057694.mp3
[2026-09-17T11:36:00] [INFO] [56/372] rec_audio_call_426119888_audio_1788948897495.mp3
[2026-09-17T11:36:01] [INFO] [57/372] rec_audio_call_426127774_audio_1788949477698.mp3
[2026-09-17T11:36:15] [INFO] [67/381] rec_audio_call_426194933_audio_1788954682604.mp3
[2026-09-17T11:36:19] [INFO] [66/380] rec_audio_call_426194933_audio_1788954682604.mp3
[2026-09-17T11:36:28] [INFO] [68/381] rec_audio_call_426195125_audio_1788954700286.mp3
[2026-09-17T11:36:30] [INFO] [58/372] rec_audio_call_426194933_audio_1788954682604.mp3
[2026-09-17T11:36:30] [INFO] [69/381] rec_audio_call_426201717_audio_1788955277234.mp3
[2026-09-17T11:36:31] [INFO] [70/381] rec_audio_call_426201848_audio_1788955284435.mp3
[2026-09-17T11:36:32] [INFO] [71/381] rec_audio_call_426202468_audio_1788955343920.mp3
[2026-09-17T11:36:33] [INFO] [67/380] rec_audio_call_426195125_audio_1788954700286.mp3
[2026-09-17T11:36:34] [INFO] [72/381] rec_audio_call_426202822_audio_1788955375114.mp3
[2026-09-17T11:36:34] [INFO] [68/380] rec_audio_call_426201717_audio_1788955277234.mp3
[2026-09-17T11:36:36] [INFO] [69/380] rec_audio_call_426201848_audio_1788955284435.mp3
[2026-09-17T11:36:37] [INFO] [70/380] rec_audio_call_426202468_audio_1788955343920.mp3
[2026-09-17T11:36:39] [INFO] [71/380] rec_audio_call_426202822_audio_1788955375114.mp3
[2026-09-17T11:36:41] [INFO] [73/381] rec_audio_call_426202958_audio_1788955393853.mp3
[2026-09-17T11:36:43] [INFO] [74/381] rec_audio_call_426203219_audio_1788955405537.mp3
[2026-09-17T11:36:44] [INFO] [75/381] rec_audio_call_426203802_audio_1788955464104.mp3
[2026-09-17T11:36:44] [INFO] [59/372] rec_audio_call_426195125_audio_1788954700286.mp3
[2026-09-17T11:36:45] [INFO] [60/372] rec_audio_call_426201717_audio_1788955277234.mp3
[2026-09-17T11:36:46] [INFO] [72/380] rec_audio_call_426202958_audio_1788955393853.mp3
[2026-09-17T11:36:47] [INFO] [61/372] rec_audio_call_426201848_audio_1788955284435.mp3
[2026-09-17T11:36:48] [INFO] [73/380] rec_audio_call_426203219_audio_1788955405537.mp3
[2026-09-17T11:36:48] [INFO] [62/372] rec_audio_call_426202468_audio_1788955343920.mp3
[2026-09-17T11:36:49] [INFO] [74/380] rec_audio_call_426203802_audio_1788955464104.mp3
[2026-09-17T11:36:50] [INFO] [63/372] rec_audio_call_426202822_audio_1788955375114.mp3
[2026-09-17T11:36:53] [INFO] [76/381] rec_audio_call_426204124_audio_1788955491095.mp3
[2026-09-17T11:36:54] [INFO] [77/381] rec_audio_call_426204404_audio_1788955515816.mp3
[2026-09-17T11:36:55] [INFO] [78/381] rec_audio_call_426204463_audio_1788955521517.mp3
[2026-09-17T11:36:57] [INFO] [64/372] rec_audio_call_426202958_audio_1788955393853.mp3
[2026-09-17T11:36:57] [INFO] [79/381] rec_audio_call_426847860_audio_1789020585952.mp3
[2026-09-17T11:36:58] [INFO] [65/372] rec_audio_call_426203219_audio_1788955405537.mp3
[2026-09-17T11:36:58] [INFO] [75/380] rec_audio_call_426204124_audio_1788955491095.mp3
[2026-09-17T11:36:59] [INFO] [80/381] rec_audio_call_426848290_audio_1789020619592.mp3
[2026-09-17T11:37:00] [INFO] [66/372] rec_audio_call_426203802_audio_1788955464104.mp3
[2026-09-17T11:37:00] [INFO] [76/380] rec_audio_call_426204404_audio_1788955515816.mp3
[2026-09-17T11:37:00] [INFO] [81/381] rec_audio_call_426848321_audio_1789020622237.mp3
[2026-09-17T11:37:01] [INFO] [77/380] rec_audio_call_426204463_audio_1788955521517.mp3
[2026-09-17T11:37:02] [INFO] [82/381] rec_audio_call_426848355_audio_1789020625114.mp3
[2026-09-17T11:37:03] [INFO] [78/380] rec_audio_call_426847860_audio_1789020585952.mp3
[2026-09-17T11:37:04] [INFO] [83/381] rec_audio_call_426848440_audio_1789020630279.mp3
[2026-09-17T11:37:05] [INFO] [79/380] rec_audio_call_426848290_audio_1789020619592.mp3
[2026-09-17T11:37:05] [INFO] [84/381] rec_audio_call_426848640_audio_1789020645122.mp3
[2026-09-17T11:37:06] [INFO] [80/380] rec_audio_call_426848321_audio_1789020622237.mp3
[2026-09-17T11:37:07] [INFO] [85/381] rec_audio_call_426848943_audio_1789020668404.mp3
[2026-09-17T11:37:08] [INFO] [81/380] rec_audio_call_426848355_audio_1789020625114.mp3
[2026-09-17T11:37:08] [INFO] [86/381] rec_audio_call_426849624_audio_1789020718433.mp3
[2026-09-17T11:37:09] [INFO] [82/380] rec_audio_call_426848440_audio_1789020630279.mp3
[2026-09-17T11:37:09] [INFO] [67/372] rec_audio_call_426204124_audio_1788955491095.mp3
[2026-09-17T11:37:10] [INFO] [87/381] rec_audio_call_426849843_audio_1789020732404.mp3
[2026-09-17T11:37:11] [INFO] [83/380] rec_audio_call_426848640_audio_1789020645122.mp3
[2026-09-17T11:37:11] [INFO] [68/372] rec_audio_call_426204404_audio_1788955515816.mp3
[2026-09-17T11:37:12] [INFO] [69/372] rec_audio_call_426204463_audio_1788955521517.mp3
[2026-09-17T11:37:12] [INFO] [84/380] rec_audio_call_426848943_audio_1789020668404.mp3
[2026-09-17T11:37:14] [INFO] [85/380] rec_audio_call_426849624_audio_1789020718433.mp3
[2026-09-17T11:37:14] [INFO] [70/372] rec_audio_call_426847860_audio_1789020585952.mp3
[2026-09-17T11:37:16] [INFO] [86/380] rec_audio_call_426849843_audio_1789020732404.mp3
[2026-09-17T11:37:16] [INFO] [71/372] rec_audio_call_426848290_audio_1789020619592.mp3
[2026-09-17T11:37:17] [INFO] [72/372] rec_audio_call_426848321_audio_1789020622237.mp3
[2026-09-17T11:37:19] [INFO] [73/372] rec_audio_call_426848355_audio_1789020625114.mp3
[2026-09-17T11:37:21] [INFO] [74/372] rec_audio_call_426848440_audio_1789020630279.mp3
[2026-09-17T11:37:22] [INFO] [75/372] rec_audio_call_426848640_audio_1789020645122.mp3
[2026-09-17T11:37:24] [INFO] [76/372] rec_audio_call_426848943_audio_1789020668404.mp3
[2026-09-17T11:37:25] [INFO] [77/372] rec_audio_call_426849624_audio_1789020718433.mp3
[2026-09-17T11:37:27] [INFO] [78/372] rec_audio_call_426849843_audio_1789020732404.mp3
[2026-09-17T11:37:31] [INFO] [88/381] rec_audio_call_426850383_audio_1789020772255.mp3
[2026-09-17T11:37:33] [INFO] [89/381] rec_audio_call_426851323_audio_1789020846081.mp3
[2026-09-17T11:37:34] [INFO] [90/381] rec_audio_call_426851772_audio_1789020879921.mp3
[2026-09-17T11:37:37] [INFO] [87/380] rec_audio_call_426850383_audio_1789020772255.mp3
[2026-09-17T11:37:38] [INFO] [88/380] rec_audio_call_426851323_audio_1789020846081.mp3
[2026-09-17T11:37:40] [INFO] [89/380] rec_audio_call_426851772_audio_1789020879921.mp3
[2026-09-17T11:37:45] [INFO] [91/381] rec_audio_call_426851856_audio_1789020892000.mp3
[2026-09-17T11:37:47] [INFO] [79/372] rec_audio_call_426850383_audio_1789020772255.mp3
[2026-09-17T11:37:49] [INFO] [80/372] rec_audio_call_426851323_audio_1789020846081.mp3
[2026-09-17T11:37:50] [INFO] [81/372] rec_audio_call_426851772_audio_1789020879921.mp3
[2026-09-17T11:37:51] [INFO] [90/380] rec_audio_call_426851856_audio_1789020892000.mp3
[2026-09-17T11:37:53] [INFO] [92/381] rec_audio_call_426854007_audio_1789021052086.mp3
[2026-09-17T11:37:55] [INFO] [93/381] rec_audio_call_426854157_audio_1789021067058.mp3
[2026-09-17T11:37:56] [INFO] [94/381] rec_audio_call_426883755_audio_1789023272654.mp3
[2026-09-17T11:37:58] [INFO] [95/381] rec_audio_call_427029817_audio_1789033741551.mp3
[2026-09-17T11:37:59] [INFO] [96/381] rec_audio_call_427302258_audio_1789057958698.mp3
[2026-09-17T11:38:00] [INFO] [91/380] rec_audio_call_426854007_audio_1789021052086.mp3
[2026-09-17T11:38:01] [INFO] [97/381] rec_audio_call_427307060_audio_1789058304926.mp3
[2026-09-17T11:38:01] [INFO] [92/380] rec_audio_call_426854157_audio_1789021067058.mp3
[2026-09-17T11:38:02] [INFO] [98/381] rec_audio_call_427311569_audio_1789058616356.mp3
[2026-09-17T11:38:02] [INFO] [82/372] rec_audio_call_426851856_audio_1789020892000.mp3
[2026-09-17T11:38:02] [INFO] [93/380] rec_audio_call_426883755_audio_1789023272654.mp3
[2026-09-17T11:38:03] [INFO] [99/381] rec_audio_call_427314953_audio_1789058839016.mp3
[2026-09-17T11:38:04] [INFO] [94/380] rec_audio_call_427029817_audio_1789033741551.mp3
[2026-09-17T11:38:05] [INFO] [100/381] rec_default_426100823_audio_1788947551748.mp3
[2026-09-17T11:38:05] [INFO] [95/380] rec_audio_call_427302258_audio_1789057958698.mp3
[2026-09-17T11:38:06] [INFO] [101/381] rec_default_426107316_audio_1788948009635.mp3
[2026-09-17T11:38:07] [INFO] [96/380] rec_audio_call_427307060_audio_1789058304926.mp3
[2026-09-17T11:38:08] [INFO] [102/381] rec_default_426107744_audio_1788948040810.mp3
[2026-09-17T11:38:08] [INFO] [97/380] rec_audio_call_427311569_audio_1789058616356.mp3
[2026-09-17T11:38:09] [INFO] [103/381] rec_default_426108828_audio_1788948111282.mp3
[2026-09-17T11:38:10] [INFO] [98/380] rec_audio_call_427314953_audio_1789058839016.mp3
[2026-09-17T11:38:11] [INFO] [104/381] rec_default_426126463_audio_1788949378147.mp3
[2026-09-17T11:38:11] [INFO] [83/372] rec_audio_call_426854007_audio_1789021052086.mp3
[2026-09-17T11:38:11] [INFO] [99/380] rec_default_426100823_audio_1788947551748.mp3
[2026-09-17T11:38:12] [INFO] [105/381] rec_default_426126833_audio_1788949400904.mp3
[2026-09-17T11:38:12] [INFO] [84/372] rec_audio_call_426854157_audio_1789021067058.mp3
[2026-09-17T11:38:13] [INFO] [100/380] rec_default_426107316_audio_1788948009635.mp3
[2026-09-17T11:38:14] [INFO] [106/381] rec_default_426127716_audio_1788949472727.mp3
[2026-09-17T11:38:14] [INFO] [85/372] rec_audio_call_426883755_audio_1789023272654.mp3
[2026-09-17T11:38:14] [INFO] [101/380] rec_default_426107744_audio_1788948040810.mp3
[2026-09-17T11:38:15] [INFO] [86/372] rec_audio_call_427029817_audio_1789033741551.mp3
[2026-09-17T11:38:15] [INFO] [107/381] rec_default_426194323_audio_1788954640272.mp3
[2026-09-17T11:38:16] [INFO] [102/380] rec_default_426108828_audio_1788948111282.mp3
[2026-09-17T11:38:17] [INFO] [87/372] rec_audio_call_427302258_audio_1789057958698.mp3
[2026-09-17T11:38:17] [INFO] [108/381] rec_default_426195344_audio_1788954727902.mp3
[2026-09-17T11:38:18] [INFO] [103/380] rec_default_426126463_audio_1788949378147.mp3
[2026-09-17T11:38:18] [INFO] [88/372] rec_audio_call_427307060_audio_1789058304926.mp3
[2026-09-17T11:38:18] [INFO] [109/381] rec_default_426202313_audio_1788955333217.mp3
[2026-09-17T11:38:19] [INFO] [104/380] rec_default_426126833_audio_1788949400904.mp3
[2026-09-17T11:38:20] [INFO] [110/381] rec_default_426204264_audio_1788955509025.mp3
[2026-09-17T11:38:20] [INFO] [89/372] rec_audio_call_427311569_audio_1789058616356.mp3
[2026-09-17T11:38:21] [INFO] [105/380] rec_default_426127716_audio_1788949472727.mp3
[2026-09-17T11:38:21] [INFO] [111/381] rec_default_426204318_audio_1788955517179.mp3
[2026-09-17T11:38:21] [INFO] [90/372] rec_audio_call_427314953_audio_1789058839016.mp3
[2026-09-17T11:38:22] [INFO] [106/380] rec_default_426194323_audio_1788954640272.mp3
[2026-09-17T11:38:23] [INFO] [112/381] rec_default_426848660_audio_1789020643588.mp3
[2026-09-17T11:38:23] [INFO] [91/372] rec_default_426100823_audio_1788947551748.mp3
[2026-09-17T11:38:24] [INFO] [107/380] rec_default_426195344_audio_1788954727902.mp3
[2026-09-17T11:38:24] [INFO] [92/372] rec_default_426107316_audio_1788948009635.mp3
[2026-09-17T11:38:25] [INFO] [108/380] rec_default_426202313_audio_1788955333217.mp3
[2026-09-17T11:38:26] [INFO] [93/372] rec_default_426107744_audio_1788948040810.mp3
[2026-09-17T11:38:26] [INFO] [109/380] rec_default_426204264_audio_1788955509025.mp3
[2026-09-17T11:38:28] [INFO] [110/380] rec_default_426204318_audio_1788955517179.mp3
[2026-09-17T11:38:28] [INFO] [94/372] rec_default_426108828_audio_1788948111282.mp3
[2026-09-17T11:38:29] [INFO] [111/380] rec_default_426848660_audio_1789020643588.mp3
[2026-09-17T11:38:29] [INFO] [95/372] rec_default_426126463_audio_1788949378147.mp3
[2026-09-17T11:38:31] [INFO] [96/372] rec_default_426126833_audio_1788949400904.mp3
[2026-09-17T11:38:32] [INFO] [97/372] rec_default_426127716_audio_1788949472727.mp3
[2026-09-17T11:38:34] [INFO] [98/372] rec_default_426194323_audio_1788954640272.mp3
[2026-09-17T11:38:35] [INFO] [99/372] rec_default_426195344_audio_1788954727902.mp3
[2026-09-17T11:38:37] [INFO] [100/372] rec_default_426202313_audio_1788955333217.mp3
[2026-09-17T11:38:38] [INFO] [101/372] rec_default_426204264_audio_1788955509025.mp3
[2026-09-17T11:38:39] [INFO] [102/372] rec_default_426204318_audio_1788955517179.mp3
[2026-09-17T11:38:39] [INFO] [113/381] rec_default_426851955_audio_1789020893146.mp3
[2026-09-17T11:38:40] [INFO] [103/372] rec_default_426848660_audio_1789020643588.mp3
[2026-09-17T11:38:41] [INFO] [114/381] rec_default_426853539_audio_1789021025445.mp3
[2026-09-17T11:38:43] [INFO] [115/381] rec_default_427012373_audio_1789032615035.mp3
[2026-09-17T11:38:44] [INFO] [116/381] rec_default_427038720_audio_1789034321734.mp3
[2026-09-17T11:38:45] [INFO] [117/381] rec_default_427305556_audio_1789058198302.mp3
[2026-09-17T11:38:46] [INFO] [112/380] rec_default_426851955_audio_1789020893146.mp3
[2026-09-17T11:38:46] [INFO] [118/381] rec_audio_call_426576577_audio_1788983168675.mp3
[2026-09-17T11:38:47] [INFO] [113/380] rec_default_426853539_audio_1789021025445.mp3
[2026-09-17T11:38:49] [INFO] [114/380] rec_default_427012373_audio_1789032615035.mp3
[2026-09-17T11:38:50] [INFO] [115/380] rec_default_427038720_audio_1789034321734.mp3
[2026-09-17T11:38:51] [INFO] [116/380] rec_default_427305556_audio_1789058198302.mp3
[2026-09-17T11:38:53] [INFO] [117/380] rec_audio_call_426576577_audio_1788983168675.mp3
[2026-09-17T11:38:57] [INFO] [104/372] rec_default_426851955_audio_1789020893146.mp3
[2026-09-17T11:38:58] [INFO] [105/372] rec_default_426853539_audio_1789021025445.mp3
[2026-09-17T11:38:59] [INFO] [106/372] rec_default_427012373_audio_1789032615035.mp3
[2026-09-17T11:38:59] [INFO] [119/381] rec_audio_call_426580380_audio_1788983454564.mp3
[2026-09-17T11:39:01] [INFO] [107/372] rec_default_427038720_audio_1789034321734.mp3
[2026-09-17T11:39:02] [INFO] [108/372] rec_default_427305556_audio_1789058198302.mp3
[2026-09-17T11:39:03] [INFO] [109/372] rec_audio_call_426576577_audio_1788983168675.mp3
[2026-09-17T11:39:06] [INFO] [118/380] rec_audio_call_426580380_audio_1788983454564.mp3
[2026-09-17T11:39:07] [INFO] [120/381] rec_audio_call_426601291_audio_1788985175536.mp3
[2026-09-17T11:39:09] [INFO] [121/381] rec_default_426573210_audio_1788982914417.mp3
[2026-09-17T11:39:14] [INFO] [119/380] rec_audio_call_426601291_audio_1788985175536.mp3
[2026-09-17T11:39:15] [INFO] [120/380] rec_default_426573210_audio_1788982914417.mp3
[2026-09-17T11:39:16] [INFO] [110/372] rec_audio_call_426580380_audio_1788983454564.mp3
[2026-09-17T11:39:17] [INFO] [122/381] rec_default_426597928_audio_1788984899162.mp3
[2026-09-17T11:39:23] [INFO] [121/380] rec_default_426597928_audio_1788984899162.mp3
[2026-09-17T11:39:24] [INFO] [111/372] rec_audio_call_426601291_audio_1788985175536.mp3
[2026-09-17T11:39:26] [INFO] [112/372] rec_default_426573210_audio_1788982914417.mp3
[2026-09-17T11:39:33] [INFO] [123/381] rec_default_426662883_audio_1788994670065.mp3
[2026-09-17T11:39:34] [INFO] [113/372] rec_default_426597928_audio_1788984899162.mp3
[2026-09-17T11:39:34] [INFO] [124/381] rec_audio_call_426604675_audio_1788985474412.mp3
[2026-09-17T11:39:36] [INFO] [125/381] rec_audio_call_426613454_audio_1788986291945.mp3
[2026-09-17T11:39:38] [INFO] [122/380] rec_default_426662883_audio_1788994670065.mp3
[2026-09-17T11:39:40] [INFO] [123/380] rec_audio_call_426604675_audio_1788985474412.mp3
[2026-09-17T11:39:41] [INFO] [124/380] rec_audio_call_426613454_audio_1788986291945.mp3
[2026-09-17T11:39:49] [INFO] [114/372] rec_default_426662883_audio_1788994670065.mp3
[2026-09-17T11:39:51] [INFO] [115/372] rec_audio_call_426604675_audio_1788985474412.mp3
[2026-09-17T11:39:53] [INFO] [116/372] rec_audio_call_426613454_audio_1788986291945.mp3
[2026-09-17T11:39:57] [INFO] [126/381] rec_default_426634262_audio_1788988662985.mp3
[2026-09-17T11:39:59] [INFO] [127/381] rec_default_426647598_audio_1788990955665.mp3
[2026-09-17T11:40:02] [INFO] [125/380] rec_default_426634262_audio_1788988662985.mp3
[2026-09-17T11:40:04] [INFO] [126/380] rec_default_426647598_audio_1788990955665.mp3
[2026-09-17T11:40:09] [INFO] [128/381] rec_audio_call_421223616_audio_1788491953131.mp3
[2026-09-17T11:40:11] [INFO] [129/381] rec_audio_call_421566156_audio_1788520297969.mp3
[2026-09-17T11:40:12] [INFO] [130/381] rec_audio_call_423645324_audio_1788715186440.mp3
[2026-09-17T11:40:14] [INFO] [117/372] rec_default_426634262_audio_1788988662985.mp3
[2026-09-17T11:40:14] [INFO] [127/380] rec_audio_call_421223616_audio_1788491953131.mp3
[2026-09-17T11:40:15] [INFO] [118/372] rec_default_426647598_audio_1788990955665.mp3
[2026-09-17T11:40:15] [INFO] [128/380] rec_audio_call_421566156_audio_1788520297969.mp3
[2026-09-17T11:40:17] [INFO] [129/380] rec_audio_call_423645324_audio_1788715186440.mp3
[2026-09-17T11:40:22] [INFO] [131/381] rec_audio_call_424378148_audio_1788784557326.mp3
[2026-09-17T11:40:24] [INFO] [132/381] rec_audio_call_424416192_audio_1788788125311.mp3
[2026-09-17T11:40:26] [INFO] [119/372] rec_audio_call_421223616_audio_1788491953131.mp3
[2026-09-17T11:40:27] [INFO] [130/380] rec_audio_call_424378148_audio_1788784557326.mp3
[2026-09-17T11:40:27] [INFO] [120/372] rec_audio_call_421566156_audio_1788520297969.mp3
[2026-09-17T11:40:28] [INFO] [121/372] rec_audio_call_423645324_audio_1788715186440.mp3
[2026-09-17T11:40:28] [INFO] [131/380] rec_audio_call_424416192_audio_1788788125311.mp3
[2026-09-17T11:40:39] [INFO] [122/372] rec_audio_call_424378148_audio_1788784557326.mp3
[2026-09-17T11:40:40] [INFO] [123/372] rec_audio_call_424416192_audio_1788788125311.mp3
[2026-09-17T11:40:43] [WARN] chunk classification JSON parse failed: Expecting ',' delimiter: line 18 column 1 (char 839)
[2026-09-17T11:40:43] [INFO] [133/381] rec_audio_call_425918552_audio_1788933686610.mp3
[2026-09-17T11:40:48] [WARN] chunk classification JSON parse failed: Expecting ',' delimiter: line 18 column 1 (char 839)
[2026-09-17T11:40:48] [INFO] [132/380] rec_audio_call_425918552_audio_1788933686610.mp3
[2026-09-17T11:40:54] [INFO] [134/381] rec_default_425656790_audio_1788896051031.mp3
[2026-09-17T11:40:58] [INFO] [133/380] rec_default_425656790_audio_1788896051031.mp3
[2026-09-17T11:40:58] [WARN] chunk classification JSON parse failed: Expecting ',' delimiter: line 18 column 1 (char 839)
[2026-09-17T11:40:58] [INFO] [124/372] rec_audio_call_425918552_audio_1788933686610.mp3
[2026-09-17T11:41:05] [INFO] [135/381] rec_audio_call_420847903_audio_1788453013104.mp3
[2026-09-17T11:41:09] [INFO] [125/372] rec_default_425656790_audio_1788896051031.mp3
[2026-09-17T11:41:09] [INFO] [134/380] rec_audio_call_420847903_audio_1788453013104.mp3
[2026-09-17T11:41:21] [INFO] [126/372] rec_audio_call_420847903_audio_1788453013104.mp3
[2026-09-17T11:41:22] [INFO] [136/381] rec_audio_call_424557037_audio_1788800497337.mp3
[2026-09-17T11:41:26] [INFO] [135/380] rec_audio_call_424557037_audio_1788800497337.mp3
[2026-09-17T11:41:36] [INFO] [127/372] rec_audio_call_424557037_audio_1788800497337.mp3
[2026-09-17T11:41:50] [INFO] [137/381] rec_audio_call_424970880_audio_1788845652480.mp3
[2026-09-17T11:41:53] [INFO] [136/380] rec_audio_call_424970880_audio_1788845652480.mp3
[2026-09-17T11:41:56] [INFO] [138/381] rec_audio_call_425207957_audio_1788862678382.mp3
[2026-09-17T11:42:00] [INFO] [137/380] rec_audio_call_425207957_audio_1788862678382.mp3
[2026-09-17T11:42:03] [INFO] [128/372] rec_audio_call_424970880_audio_1788845652480.mp3
[2026-09-17T11:42:05] [INFO] [139/381] rec_audio_call_426372327_audio_1788971567973.mp3
[2026-09-17T11:42:07] [INFO] [140/381] rec_default_423104500_audio_1788669374178.mp3
[2026-09-17T11:42:08] [INFO] [138/380] rec_audio_call_426372327_audio_1788971567973.mp3
[2026-09-17T11:42:09] [INFO] [129/372] rec_audio_call_425207957_audio_1788862678382.mp3
[2026-09-17T11:42:10] [INFO] [139/380] rec_default_423104500_audio_1788669374178.mp3
[2026-09-17T11:42:17] [INFO] [141/381] rec_default_423163427_audio_1788674918154.mp3
[2026-09-17T11:42:19] [INFO] [130/372] rec_audio_call_426372327_audio_1788971567973.mp3
[2026-09-17T11:42:20] [INFO] [131/372] rec_default_423104500_audio_1788669374178.mp3
[2026-09-17T11:42:21] [INFO] [140/380] rec_default_423163427_audio_1788674918154.mp3
[2026-09-17T11:42:25] [INFO] [142/381] rec_default_426023290_audio_1788941856621.mp3
[2026-09-17T11:42:26] [INFO] [143/381] rec_audio_call_426570103_audio_1788982695863.mp3
[2026-09-17T11:42:29] [INFO] [141/380] rec_default_426023290_audio_1788941856621.mp3
[2026-09-17T11:42:30] [INFO] [142/380] rec_audio_call_426570103_audio_1788982695863.mp3
[2026-09-17T11:42:31] [INFO] [132/372] rec_default_423163427_audio_1788674918154.mp3
[2026-09-17T11:42:40] [INFO] [133/372] rec_default_426023290_audio_1788941856621.mp3
[2026-09-17T11:42:41] [INFO] [144/381] rec_audio_call_426580224_audio_1788983439239.mp3
[2026-09-17T11:42:41] [INFO] [134/372] rec_audio_call_426570103_audio_1788982695863.mp3
[2026-09-17T11:42:43] [INFO] [145/381] rec_audio_call_426626261_audio_1788987652206.mp3
[2026-09-17T11:42:44] [INFO] [146/381] rec_audio_call_426634717_audio_1788988729707.mp3
[2026-09-17T11:42:44] [INFO] [143/380] rec_audio_call_426580224_audio_1788983439239.mp3
[2026-09-17T11:42:46] [INFO] [147/381] rec_default_426593601_audio_1788984536403.mp3
[2026-09-17T11:42:46] [INFO] [144/380] rec_audio_call_426626261_audio_1788987652206.mp3
[2026-09-17T11:42:48] [INFO] [145/380] rec_audio_call_426634717_audio_1788988729707.mp3
[2026-09-17T11:42:49] [INFO] [146/380] rec_default_426593601_audio_1788984536403.mp3
[2026-09-17T11:42:55] [INFO] [148/381] rec_default_426620137_audio_1788986984372.mp3
[2026-09-17T11:42:56] [INFO] [135/372] rec_audio_call_426580224_audio_1788983439239.mp3
[2026-09-17T11:42:57] [INFO] [136/372] rec_audio_call_426626261_audio_1788987652206.mp3
[2026-09-17T11:42:59] [INFO] [147/380] rec_default_426620137_audio_1788986984372.mp3
[2026-09-17T11:42:59] [INFO] [137/372] rec_audio_call_426634717_audio_1788988729707.mp3
[2026-09-17T11:43:00] [INFO] [138/372] rec_default_426593601_audio_1788984536403.mp3
[2026-09-17T11:43:10] [INFO] [139/372] rec_default_426620137_audio_1788986984372.mp3
[2026-09-17T11:43:29] [INFO] [149/381] rec_default_426633368_audio_1788988531170.mp3
[2026-09-17T11:43:32] [INFO] [148/380] rec_default_426633368_audio_1788988531170.mp3
[2026-09-17T11:43:35] [INFO] [150/381] rec_audio_call_426416419_audio_1788974369340.mp3
[2026-09-17T11:43:37] [INFO] [151/381] rec_audio_call_420358272_audio_1788412834216.mp3
[2026-09-17T11:43:39] [INFO] [149/380] rec_audio_call_426416419_audio_1788974369340.mp3
[2026-09-17T11:43:41] [INFO] [150/380] rec_audio_call_420358272_audio_1788412834216.mp3
[2026-09-17T11:43:43] [INFO] [140/372] rec_default_426633368_audio_1788988531170.mp3
[2026-09-17T11:43:46] [INFO] [152/381] rec_audio_call_420511856_audio_1788424457087.mp3
[2026-09-17T11:43:50] [INFO] [141/372] rec_audio_call_426416419_audio_1788974369340.mp3
[2026-09-17T11:43:50] [INFO] [151/380] rec_audio_call_420511856_audio_1788424457087.mp3
[2026-09-17T11:43:51] [INFO] [142/372] rec_audio_call_420358272_audio_1788412834216.mp3
[2026-09-17T11:43:56] [INFO] [153/381] rec_audio_call_420632008_audio_1788432977108.mp3
[2026-09-17T11:44:00] [INFO] [152/380] rec_audio_call_420632008_audio_1788432977108.mp3
[2026-09-17T11:44:00] [INFO] [143/372] rec_audio_call_420511856_audio_1788424457087.mp3
[2026-09-17T11:44:04] [INFO] [154/381] rec_audio_call_425129217_audio_1788857364836.mp3
[2026-09-17T11:44:08] [INFO] [153/380] rec_audio_call_425129217_audio_1788857364836.mp3
[2026-09-17T11:44:11] [INFO] [144/372] rec_audio_call_420632008_audio_1788432977108.mp3
[2026-09-17T11:44:18] [INFO] [145/372] rec_audio_call_425129217_audio_1788857364836.mp3
[2026-09-17T11:44:23] [INFO] [155/381] rec_audio_call_426104039_audio_1788947773748.mp3
[2026-09-17T11:44:24] [INFO] [156/381] rec_default_421372353_audio_1788505796052.mp3
[2026-09-17T11:44:27] [INFO] [154/380] rec_audio_call_426104039_audio_1788947773748.mp3
[2026-09-17T11:44:29] [INFO] [155/380] rec_default_421372353_audio_1788505796052.mp3
[2026-09-17T11:44:37] [INFO] [146/372] rec_audio_call_426104039_audio_1788947773748.mp3
[2026-09-17T11:44:39] [INFO] [147/372] rec_default_421372353_audio_1788505796052.mp3
[2026-09-17T11:44:41] [INFO] [157/381] rec_default_421961206_audio_1788551169146.mp3
[2026-09-17T11:44:42] [INFO] [158/381] rec_default_424950341_audio_1788843964859.mp3
[2026-09-17T11:44:44] [INFO] [156/380] rec_default_421961206_audio_1788551169146.mp3
[2026-09-17T11:44:46] [INFO] [157/380] rec_default_424950341_audio_1788843964859.mp3
[2026-09-17T11:44:52] [INFO] [159/381] rec_default_425392837_audio_1788878842788.mp3
[2026-09-17T11:44:54] [INFO] [148/372] rec_default_421961206_audio_1788551169146.mp3
[2026-09-17T11:44:55] [INFO] [149/372] rec_default_424950341_audio_1788843964859.mp3
[2026-09-17T11:44:56] [INFO] [158/380] rec_default_425392837_audio_1788878842788.mp3
[2026-09-17T11:44:59] [INFO] [160/381] rec_default_426076857_audio_1788945867967.mp3
[2026-09-17T11:45:01] [INFO] [161/381] rec_audio_call_427301394_audio_1789057897529.mp3
[2026-09-17T11:45:02] [INFO] [162/381] rec_audio_call_427304995_audio_1789058153813.mp3
[2026-09-17T11:45:03] [INFO] [159/380] rec_default_426076857_audio_1788945867967.mp3
[2026-09-17T11:45:03] [INFO] [163/381] rec_audio_call_427305229_audio_1789058170052.mp3
[2026-09-17T11:45:05] [INFO] [164/381] rec_audio_call_427305426_audio_1789058184851.mp3
[2026-09-17T11:45:05] [INFO] [160/380] rec_audio_call_427301394_audio_1789057897529.mp3
[2026-09-17T11:45:05] [INFO] [150/372] rec_default_425392837_audio_1788878842788.mp3
[2026-09-17T11:45:06] [INFO] [165/381] rec_audio_call_427305578_audio_1789058200155.mp3
[2026-09-17T11:45:06] [INFO] [161/380] rec_audio_call_427304995_audio_1789058153813.mp3
[2026-09-17T11:45:07] [INFO] [166/381] rec_audio_call_427305579_audio_1789058197575.mp3
[2026-09-17T11:45:08] [INFO] [162/380] rec_audio_call_427305229_audio_1789058170052.mp3
[2026-09-17T11:45:09] [INFO] [167/381] rec_audio_call_427309343_audio_1789058465241.mp3
[2026-09-17T11:45:09] [INFO] [163/380] rec_audio_call_427305426_audio_1789058184851.mp3
[2026-09-17T11:45:10] [INFO] [168/381] rec_audio_call_427310164_audio_1789058518972.mp3
[2026-09-17T11:45:11] [INFO] [164/380] rec_audio_call_427305578_audio_1789058200155.mp3
[2026-09-17T11:45:12] [INFO] [169/381] rec_audio_call_427312372_audio_1789058676733.mp3
[2026-09-17T11:45:12] [INFO] [165/380] rec_audio_call_427305579_audio_1789058197575.mp3
[2026-09-17T11:45:13] [INFO] [151/372] rec_default_426076857_audio_1788945867967.mp3
[2026-09-17T11:45:14] [INFO] [166/380] rec_audio_call_427309343_audio_1789058465241.mp3
[2026-09-17T11:45:15] [INFO] [167/380] rec_audio_call_427310164_audio_1789058518972.mp3
[2026-09-17T11:45:15] [INFO] [152/372] rec_audio_call_427301394_audio_1789057897529.mp3
[2026-09-17T11:45:16] [INFO] [153/372] rec_audio_call_427304995_audio_1789058153813.mp3
[2026-09-17T11:45:17] [INFO] [168/380] rec_audio_call_427312372_audio_1789058676733.mp3
[2026-09-17T11:45:18] [INFO] [154/372] rec_audio_call_427305229_audio_1789058170052.mp3
[2026-09-17T11:45:19] [INFO] [155/372] rec_audio_call_427305426_audio_1789058184851.mp3
[2026-09-17T11:45:20] [INFO] [170/381] rec_audio_call_427313310_audio_1789058737356.mp3
[2026-09-17T11:45:21] [INFO] [156/372] rec_audio_call_427305578_audio_1789058200155.mp3
[2026-09-17T11:45:22] [INFO] [157/372] rec_audio_call_427305579_audio_1789058197575.mp3
[2026-09-17T11:45:24] [INFO] [158/372] rec_audio_call_427309343_audio_1789058465241.mp3
[2026-09-17T11:45:25] [INFO] [159/372] rec_audio_call_427310164_audio_1789058518972.mp3
[2026-09-17T11:45:26] [INFO] [169/380] rec_audio_call_427313310_audio_1789058737356.mp3
[2026-09-17T11:45:26] [INFO] [160/372] rec_audio_call_427312372_audio_1789058676733.mp3
[2026-09-17T11:45:31] [INFO] [171/381] rec_audio_call_427313337_audio_1789058738019.mp3
[2026-09-17T11:45:32] [INFO] [172/381] rec_audio_call_427315026_audio_1789058843014.mp3
[2026-09-17T11:45:34] [INFO] [173/381] rec_audio_call_427316125_audio_1789058922687.mp3
[2026-09-17T11:45:35] [INFO] [174/381] rec_audio_call_427316431_audio_1789058946312.mp3
[2026-09-17T11:45:35] [INFO] [161/372] rec_audio_call_427313310_audio_1789058737356.mp3
[2026-09-17T11:45:36] [INFO] [175/381] rec_default_427302623_audio_1789057989394.mp3
[2026-09-17T11:45:37] [INFO] [170/380] rec_audio_call_427313337_audio_1789058738019.mp3
[2026-09-17T11:45:38] [INFO] [176/381] rec_default_427303915_audio_1789058082453.mp3
[2026-09-17T11:45:38] [INFO] [171/380] rec_audio_call_427315026_audio_1789058843014.mp3
[2026-09-17T11:45:39] [INFO] [177/381] rec_default_427307746_audio_1789058356862.mp3
[2026-09-17T11:45:40] [INFO] [172/380] rec_audio_call_427316125_audio_1789058922687.mp3
[2026-09-17T11:45:41] [INFO] [178/381] rec_default_427308167_audio_1789058388570.mp3
[2026-09-17T11:45:42] [INFO] [173/380] rec_audio_call_427316431_audio_1789058946312.mp3
[2026-09-17T11:45:43] [INFO] [174/380] rec_default_427302623_audio_1789057989394.mp3
[2026-09-17T11:45:45] [INFO] [175/380] rec_default_427303915_audio_1789058082453.mp3
[2026-09-17T11:45:45] [INFO] [162/372] rec_audio_call_427313337_audio_1789058738019.mp3
[2026-09-17T11:45:46] [INFO] [176/380] rec_default_427307746_audio_1789058356862.mp3
[2026-09-17T11:45:47] [INFO] [163/372] rec_audio_call_427315026_audio_1789058843014.mp3
[2026-09-17T11:45:48] [INFO] [177/380] rec_default_427308167_audio_1789058388570.mp3
[2026-09-17T11:45:48] [INFO] [164/372] rec_audio_call_427316125_audio_1789058922687.mp3
[2026-09-17T11:45:49] [INFO] [179/381] rec_default_427310161_audio_1789058524351.mp3
[2026-09-17T11:45:50] [INFO] [165/372] rec_audio_call_427316431_audio_1789058946312.mp3
[2026-09-17T11:45:51] [INFO] [166/372] rec_default_427302623_audio_1789057989394.mp3
[2026-09-17T11:45:53] [INFO] [167/372] rec_default_427303915_audio_1789058082453.mp3
[2026-09-17T11:45:54] [INFO] [168/372] rec_default_427307746_audio_1789058356862.mp3
[2026-09-17T11:45:55] [INFO] [178/380] rec_default_427310161_audio_1789058524351.mp3
[2026-09-17T11:45:56] [INFO] [169/372] rec_default_427308167_audio_1789058388570.mp3
[2026-09-17T11:45:58] [ERROR] rec_default_427310161_audio_1789058524351.mp3: FAILED — 'list' object has no attribute 'get'
Traceback (most recent call last):
  File "/workspace/os_moderation/gemma_local_text.py", line 178, in main
    result, raw_response = process_file(model, processor, record, args.model, args.transcript_chunk_seconds, logger)
                           ^^^^^^^^^^^^^^^^^^^^^^^^^^^^^^^^^^^^^^^^^^^^^^^^^^^^^^^^^^^^^^^^^^^^^^^^^^^^^^^^^^^^^^^^^
  File "/workspace/os_moderation/gemma_local_text.py", line 100, in process_file
    flags = parse_and_score_flags(answer_text, token_infos, chunk_offset_sec=0.0, logger=logger)
            ^^^^^^^^^^^^^^^^^^^^^^^^^^^^^^^^^^^^^^^^^^^^^^^^^^^^^^^^^^^^^^^^^^^^^^^^^^^^^^^^^^^^
  File "/workspace/os_moderation/gemma_local.py", line 305, in parse_and_score_flags
    raw_flags = parsed.get("d", [])
                ^^^^^^^^^^
AttributeError: 'list' object has no attribute 'get'

[2026-09-17T11:45:58] [INFO] [180/381] rec_default_427312501_audio_1789058683465.mp3
[2026-09-17T11:45:59] [INFO] [181/381] rec_default_427313073_audio_1789058722144.mp3
[2026-09-17T11:46:01] [INFO] [182/381] rec_default_427314573_audio_1789058813038.mp3
[2026-09-17T11:46:02] [INFO] [183/381] rec_audio_call_426641897_audio_1788989870691.mp3
[2026-09-17T11:46:03] [INFO] [170/372] rec_default_427310161_audio_1789058524351.mp3
[2026-09-17T11:46:03] [INFO] [184/381] rec_audio_call_426641906_audio_1788989875034.mp3
[2026-09-17T11:46:04] [ERROR] rec_default_427310161_audio_1789058524351.mp3: FAILED — 'list' object has no attribute 'get'
Traceback (most recent call last):
  File "/workspace/os_moderation/gemma_local_text.py", line 178, in main
    result, raw_response = process_file(model, processor, record, args.model, args.transcript_chunk_seconds, logger)
                           ^^^^^^^^^^^^^^^^^^^^^^^^^^^^^^^^^^^^^^^^^^^^^^^^^^^^^^^^^^^^^^^^^^^^^^^^^^^^^^^^^^^^^^^^^
  File "/workspace/os_moderation/gemma_local_text.py", line 100, in process_file
    flags = parse_and_score_flags(answer_text, token_infos, chunk_offset_sec=0.0, logger=logger)
            ^^^^^^^^^^^^^^^^^^^^^^^^^^^^^^^^^^^^^^^^^^^^^^^^^^^^^^^^^^^^^^^^^^^^^^^^^^^^^^^^^^^^
  File "/workspace/os_moderation/gemma_local.py", line 305, in parse_and_score_flags
    raw_flags = parsed.get("d", [])
                ^^^^^^^^^^
AttributeError: 'list' object has no attribute 'get'

[2026-09-17T11:46:04] [INFO] [179/380] rec_default_427312501_audio_1789058683465.mp3
[2026-09-17T11:46:05] [INFO] [180/380] rec_default_427313073_audio_1789058722144.mp3
[2026-09-17T11:46:07] [INFO] [181/380] rec_default_427314573_audio_1789058813038.mp3
[2026-09-17T11:46:09] [INFO] [182/380] rec_audio_call_426641897_audio_1788989870691.mp3
[2026-09-17T11:46:10] [INFO] [183/380] rec_audio_call_426641906_audio_1788989875034.mp3
[2026-09-17T11:46:12] [ERROR] rec_default_427310161_audio_1789058524351.mp3: FAILED — 'list' object has no attribute 'get'
Traceback (most recent call last):
  File "/workspace/os_moderation/gemma_local_text.py", line 178, in main
    result, raw_response = process_file(model, processor, record, args.model, args.transcript_chunk_seconds, logger)
                           ^^^^^^^^^^^^^^^^^^^^^^^^^^^^^^^^^^^^^^^^^^^^^^^^^^^^^^^^^^^^^^^^^^^^^^^^^^^^^^^^^^^^^^^^^
  File "/workspace/os_moderation/gemma_local_text.py", line 100, in process_file
    flags = parse_and_score_flags(answer_text, token_infos, chunk_offset_sec=0.0, logger=logger)
            ^^^^^^^^^^^^^^^^^^^^^^^^^^^^^^^^^^^^^^^^^^^^^^^^^^^^^^^^^^^^^^^^^^^^^^^^^^^^^^^^^^^^
  File "/workspace/os_moderation/gemma_local.py", line 305, in parse_and_score_flags
    raw_flags = parsed.get("d", [])
                ^^^^^^^^^^
AttributeError: 'list' object has no attribute 'get'

[2026-09-17T11:46:12] [INFO] [171/372] rec_default_427312501_audio_1789058683465.mp3
[2026-09-17T11:46:13] [INFO] [172/372] rec_default_427313073_audio_1789058722144.mp3
[2026-09-17T11:46:15] [INFO] [173/372] rec_default_427314573_audio_1789058813038.mp3
[2026-09-17T11:46:16] [INFO] [174/372] rec_audio_call_426641897_audio_1788989870691.mp3
[2026-09-17T11:46:16] [INFO] [185/381] rec_audio_call_426647851_audio_1788991002681.mp3
[2026-09-17T11:46:18] [INFO] [175/372] rec_audio_call_426641906_audio_1788989875034.mp3
[2026-09-17T11:46:23] [INFO] [184/380] rec_audio_call_426647851_audio_1788991002681.mp3
[2026-09-17T11:46:31] [INFO] [176/372] rec_audio_call_426647851_audio_1788991002681.mp3
[2026-09-17T11:46:40] [INFO] [186/381] rec_audio_call_426655391_audio_1788992749491.mp3
[2026-09-17T11:46:42] [INFO] [187/381] rec_audio_call_426669176_audio_1788996452632.mp3
[2026-09-17T11:46:46] [INFO] [185/380] rec_audio_call_426655391_audio_1788992749491.mp3
[2026-09-17T11:46:48] [INFO] [186/380] rec_audio_call_426669176_audio_1788996452632.mp3
[2026-09-17T11:46:49] [INFO] [188/381] rec_default_426642159_audio_1788989918579.mp3
[2026-09-17T11:46:54] [INFO] [177/372] rec_audio_call_426655391_audio_1788992749491.mp3
[2026-09-17T11:46:55] [INFO] [187/380] rec_default_426642159_audio_1788989918579.mp3
[2026-09-17T11:46:55] [INFO] [178/372] rec_audio_call_426669176_audio_1788996452632.mp3
[2026-09-17T11:47:02] [INFO] [179/372] rec_default_426642159_audio_1788989918579.mp3
[2026-09-17T11:47:04] [INFO] [189/381] rec_audio_call_426646095_audio_1788990649220.mp3
[2026-09-17T11:47:10] [INFO] [188/380] rec_audio_call_426646095_audio_1788990649220.mp3
[2026-09-17T11:47:17] [INFO] [180/372] rec_audio_call_426646095_audio_1788990649220.mp3
[2026-09-17T11:47:20] [INFO] [190/381] rec_audio_call_426665213_audio_1788995377531.mp3
[2026-09-17T11:47:22] [INFO] [191/381] rec_default_426639345_audio_1788989459421.mp3
[2026-09-17T11:47:23] [INFO] [192/381] rec_default_426645015_audio_1788990433927.mp3
[2026-09-17T11:47:26] [INFO] [189/380] rec_audio_call_426665213_audio_1788995377531.mp3
[2026-09-17T11:47:28] [INFO] [190/380] rec_default_426639345_audio_1788989459421.mp3
[2026-09-17T11:47:29] [INFO] [191/380] rec_default_426645015_audio_1788990433927.mp3
[2026-09-17T11:47:34] [INFO] [181/372] rec_audio_call_426665213_audio_1788995377531.mp3
[2026-09-17T11:47:35] [INFO] [182/372] rec_default_426639345_audio_1788989459421.mp3
[2026-09-17T11:47:37] [INFO] [183/372] rec_default_426645015_audio_1788990433927.mp3
[2026-09-17T11:47:49] [INFO] [193/381] rec_audio_call_426149164_audio_1788951056501.mp3
[2026-09-17T11:47:50] [INFO] [194/381] rec_audio_call_426151853_audio_1788951260489.mp3
[2026-09-17T11:47:53] [INFO] [195/381] rec_audio_call_426180101_audio_1788953436912.mp3
[2026-09-17T11:47:55] [INFO] [192/380] rec_audio_call_426149164_audio_1788951056501.mp3
[2026-09-17T11:47:56] [INFO] [193/380] rec_audio_call_426151853_audio_1788951260489.mp3
[2026-09-17T11:47:59] [INFO] [194/380] rec_audio_call_426180101_audio_1788953436912.mp3
[2026-09-17T11:48:02] [INFO] [184/372] rec_audio_call_426149164_audio_1788951056501.mp3
[2026-09-17T11:48:03] [INFO] [185/372] rec_audio_call_426151853_audio_1788951260489.mp3
[2026-09-17T11:48:06] [INFO] [186/372] rec_audio_call_426180101_audio_1788953436912.mp3
[2026-09-17T11:48:09] [INFO] [196/381] rec_audio_call_426279116_audio_1788962727515.mp3
[2026-09-17T11:48:13] [INFO] [195/380] rec_audio_call_426279116_audio_1788962727515.mp3
[2026-09-17T11:48:16] [INFO] [197/381] rec_audio_call_426299827_audio_1788964873398.mp3
[2026-09-17T11:48:20] [INFO] [196/380] rec_audio_call_426299827_audio_1788964873398.mp3
[2026-09-17T11:48:29] [INFO] [198/381] rec_audio_call_426313681_audio_1788966303052.mp3
[2026-09-17T11:48:34] [INFO] [197/380] rec_audio_call_426313681_audio_1788966303052.mp3
[2026-09-17T11:48:34] [INFO] [199/381] rec_audio_call_426339758_audio_1788968901990.mp3
[2026-09-17T11:48:39] [INFO] [198/380] rec_audio_call_426339758_audio_1788968901990.mp3
[2026-09-17T11:48:54] [WARN] chunk classification JSON parse failed: Expecting ',' delimiter: line 1 column 1221 (char 1220)
[2026-09-17T11:48:54] [INFO] [200/381] rec_default_426226216_audio_1788957468242.mp3
[2026-09-17T11:48:58] [INFO] [201/381] rec_default_426252346_audio_1788960080824.mp3
[2026-09-17T11:49:00] [WARN] chunk classification JSON parse failed: Expecting ',' delimiter: line 1 column 1221 (char 1220)
[2026-09-17T11:49:00] [INFO] [199/380] rec_default_426226216_audio_1788957468242.mp3
[2026-09-17T11:49:04] [INFO] [200/380] rec_default_426252346_audio_1788960080824.mp3
[2026-09-17T11:49:09] [INFO] [202/381] rec_default_426303789_audio_1788965281521.mp3
[2026-09-17T11:49:15] [INFO] [201/380] rec_default_426303789_audio_1788965281521.mp3
[2026-09-17T11:49:27] [INFO] [203/381] rec_audio_call_423101838_audio_1788669053059.mp3
[2026-09-17T11:49:32] [INFO] [202/380] rec_audio_call_423101838_audio_1788669053059.mp3
[2026-09-17T11:49:34] [INFO] [204/381] rec_audio_call_426127729_audio_1788949472560.mp3
[2026-09-17T11:49:39] [INFO] [205/381] rec_audio_call_426621209_audio_1788987102942.mp3
[2026-09-17T11:49:39] [INFO] [203/380] rec_audio_call_426127729_audio_1788949472560.mp3
[2026-09-17T11:49:44] [INFO] [206/381] rec_audio_call_425861520_audio_1788928521393.mp3
[2026-09-17T11:49:45] [INFO] [204/380] rec_audio_call_426621209_audio_1788987102942.mp3
[2026-09-17T11:49:51] [INFO] [205/380] rec_audio_call_425861520_audio_1788928521393.mp3
[2026-09-17T11:49:58] [INFO] [207/381] rec_audio_call_425877181_audio_1788930106387.mp3
[2026-09-17T11:49:59] [INFO] [208/381] rec_audio_call_426020111_audio_1788941616667.mp3
[2026-09-17T11:50:05] [INFO] [206/380] rec_audio_call_425877181_audio_1788930106387.mp3
[2026-09-17T11:50:05] [INFO] [209/381] rec_audio_call_426030765_audio_1788942418731.mp3
[2026-09-17T11:50:06] [INFO] [207/380] rec_audio_call_426020111_audio_1788941616667.mp3
[2026-09-17T11:50:12] [INFO] [208/380] rec_audio_call_426030765_audio_1788942418731.mp3
[2026-09-17T11:50:32] [INFO] [210/381] rec_audio_call_426035272_audio_1788942782972.mp3
[2026-09-17T11:50:39] [INFO] [209/380] rec_audio_call_426035272_audio_1788942782972.mp3
[2026-09-17T11:50:51] [INFO] [211/381] rec_audio_call_426185479_audio_1788953866828.mp3
[2026-09-17T11:50:58] [INFO] [210/380] rec_audio_call_426185479_audio_1788953866828.mp3
[2026-09-17T11:51:04] [INFO] [212/381] rec_audio_call_426259277_audio_1788960796344.mp3
[2026-09-17T11:51:05] [INFO] [213/381] rec_audio_call_426355800_audio_1788970288176.mp3
[2026-09-17T11:51:10] [INFO] [211/380] rec_audio_call_426259277_audio_1788960796344.mp3
[2026-09-17T11:51:11] [INFO] [212/380] rec_audio_call_426355800_audio_1788970288176.mp3
[2026-09-17T11:51:26] [INFO] [214/381] rec_audio_call_426594019_audio_1788984570393.mp3
[2026-09-17T11:51:32] [INFO] [213/380] rec_audio_call_426594019_audio_1788984570393.mp3
[2026-09-17T11:51:36] [INFO] [215/381] rec_audio_call_426664156_audio_1788995059123.mp3
[2026-09-17T11:51:42] [INFO] Loading google/gemma-4-E2B-it (text-only, non-thinking)...
[2026-09-17T11:51:42] [INFO] [214/380] rec_audio_call_426664156_audio_1788995059123.mp3
[2026-09-17T11:51:48] [INFO] [216/381] rec_default_426582734_audio_1788983647126.mp3
[2026-09-17T11:51:54] [INFO] [217/381] rec_default_426649193_audio_1788991280922.mp3
[2026-09-17T11:51:56] [INFO] [215/380] rec_default_426582734_audio_1788983647126.mp3
[2026-09-17T11:51:58] [INFO] Model loaded.
[2026-09-17T11:51:58] [INFO] Skipping 214 already-done file(s)
[2026-09-17T11:51:58] [INFO] [1/167] rec_audio_call_424735559_audio_1788811052808.mp3
[2026-09-17T11:52:02] [INFO] [218/381] rec_default_426652242_audio_1788991956749.mp3
[2026-09-17T11:52:04] [INFO] [216/380] rec_default_426649193_audio_1788991280922.mp3
[2026-09-17T11:52:09] [WARN] model returned a bare JSON array instead of {"d": [...]}; treating it as the flags list
[2026-09-17T11:52:09] [INFO] [2/167] rec_default_427310161_audio_1789058524351.mp3
[2026-09-17T11:52:13] [INFO] [217/380] rec_default_426652242_audio_1788991956749.mp3
[2026-09-17T11:52:20] [WARN] model returned a bare JSON array instead of {"d": [...]}; treating it as the flags list
[2026-09-17T11:52:20] [INFO] [3/167] rec_default_426649193_audio_1788991280922.mp3
[2026-09-17T11:52:28] [INFO] [4/167] rec_default_426652242_audio_1788991956749.mp3
[2026-09-17T11:52:29] [INFO] [219/381] rec_default_426363836_audio_1788970922202.mp3
[2026-09-17T11:52:31] [INFO] [220/381] rec_default_426408577_audio_1788973914993.mp3
[2026-09-17T11:52:41] [INFO] [218/380] rec_default_426363836_audio_1788970922202.mp3
[2026-09-17T11:52:43] [INFO] [219/380] rec_default_426408577_audio_1788973914993.mp3
[2026-09-17T11:52:55] [INFO] [5/167] rec_default_426363836_audio_1788970922202.mp3
[2026-09-17T11:52:57] [INFO] [6/167] rec_default_426408577_audio_1788973914993.mp3
[2026-09-17T11:52:59] [ERROR] rec_default_426408577_audio_1788973914993.mp3: FAILED — 'list' object has no attribute 'get'
Traceback (most recent call last):
  File "/workspace/os_moderation/gemma_local_text.py", line 178, in main
    result, raw_response = process_file(model, processor, record, args.model, args.transcript_chunk_seconds, logger)
                           ^^^^^^^^^^^^^^^^^^^^^^^^^^^^^^^^^^^^^^^^^^^^^^^^^^^^^^^^^^^^^^^^^^^^^^^^^^^^^^^^^^^^^^^^^
  File "/workspace/os_moderation/gemma_local_text.py", line 100, in process_file
    flags = parse_and_score_flags(answer_text, token_infos, chunk_offset_sec=0.0, logger=logger)
            ^^^^^^^^^^^^^^^^^^^^^^^^^^^^^^^^^^^^^^^^^^^^^^^^^^^^^^^^^^^^^^^^^^^^^^^^^^^^^^^^^^^^
  File "/workspace/os_moderation/gemma_local.py", line 305, in parse_and_score_flags
    # The model occasionally returns a bare JSON array (the "d" list itself)
                ^^^^^^^^^^
AttributeError: 'list' object has no attribute 'get'

[2026-09-17T11:52:59] [INFO] [221/381] rec_default_426439325_audio_1788975665682.mp3
[2026-09-17T11:53:01] [INFO] [222/381] rec_default_426534420_audio_1788980458455.mp3
[2026-09-17T11:53:10] [ERROR] rec_default_426408577_audio_1788973914993.mp3: FAILED — 'list' object has no attribute 'get'
Traceback (most recent call last):
  File "/workspace/os_moderation/gemma_local_text.py", line 178, in main
    result, raw_response = process_file(model, processor, record, args.model, args.transcript_chunk_seconds, logger)
                           ^^^^^^^^^^^^^^^^^^^^^^^^^^^^^^^^^^^^^^^^^^^^^^^^^^^^^^^^^^^^^^^^^^^^^^^^^^^^^^^^^^^^^^^^^
  File "/workspace/os_moderation/gemma_local_text.py", line 100, in process_file
    flags = parse_and_score_flags(answer_text, token_infos, chunk_offset_sec=0.0, logger=logger)
            ^^^^^^^^^^^^^^^^^^^^^^^^^^^^^^^^^^^^^^^^^^^^^^^^^^^^^^^^^^^^^^^^^^^^^^^^^^^^^^^^^^^^
  File "/workspace/os_moderation/gemma_local.py", line 305, in parse_and_score_flags
    # The model occasionally returns a bare JSON array (the "d" list itself)
                ^^^^^^^^^^
AttributeError: 'list' object has no attribute 'get'

[2026-09-17T11:53:10] [INFO] [220/380] rec_default_426439325_audio_1788975665682.mp3
[2026-09-17T11:53:10] [INFO] [223/381] rec_audio_call_424886004_audio_1788837418505.mp3
[2026-09-17T11:53:12] [INFO] [221/380] rec_default_426534420_audio_1788980458455.mp3
[2026-09-17T11:53:22] [INFO] [222/380] rec_audio_call_424886004_audio_1788837418505.mp3
[2026-09-17T11:53:24] [WARN] model returned a bare JSON array instead of {"d": [...]}; treating it as the flags list
[2026-09-17T11:53:24] [INFO] [7/167] rec_default_426439325_audio_1788975665682.mp3
[2026-09-17T11:53:26] [INFO] [8/167] rec_default_426534420_audio_1788980458455.mp3
[2026-09-17T11:53:36] [INFO] [9/167] rec_audio_call_424886004_audio_1788837418505.mp3
[2026-09-17T11:53:43] [WARN] chunk classification JSON parse failed: Expecting ',' delimiter: line 2 column 1 (char 1172)
[2026-09-17T11:53:43] [INFO] [224/381] rec_audio_call_425905210_audio_1788932612192.mp3
[2026-09-17T11:53:55] [WARN] chunk classification JSON parse failed: Expecting ',' delimiter: line 2 column 1 (char 1172)
[2026-09-17T11:53:55] [INFO] [223/380] rec_audio_call_425905210_audio_1788932612192.mp3
[2026-09-17T11:54:03] [INFO] [225/381] rec_audio_call_425905294_audio_1788932619839.mp3
[2026-09-17T11:54:05] [INFO] [226/381] rec_audio_call_425936126_audio_1788935044155.mp3
[2026-09-17T11:54:09] [WARN] chunk classification JSON parse failed: Expecting ',' delimiter: line 2 column 1 (char 1172)
[2026-09-17T11:54:09] [INFO] [10/167] rec_audio_call_425905210_audio_1788932612192.mp3
[2026-09-17T11:54:14] [INFO] [224/380] rec_audio_call_425905294_audio_1788932619839.mp3
[2026-09-17T11:54:16] [INFO] [225/380] rec_audio_call_425936126_audio_1788935044155.mp3
[2026-09-17T11:54:23] [INFO] [227/381] rec_audio_call_426014372_audio_1788941177871.mp3
[2026-09-17T11:54:28] [INFO] [11/167] rec_audio_call_425905294_audio_1788932619839.mp3
[2026-09-17T11:54:30] [INFO] [12/167] rec_audio_call_425936126_audio_1788935044155.mp3
[2026-09-17T11:54:33] [INFO] [228/381] rec_default_403690174_audio_1786828494349.mp3
[2026-09-17T11:54:34] [INFO] [226/380] rec_audio_call_426014372_audio_1788941177871.mp3
[2026-09-17T11:54:34] [INFO] [229/381] rec_default_425908372_audio_1788932864052.mp3
[2026-09-17T11:54:46] [INFO] [227/380] rec_default_403690174_audio_1786828494349.mp3
[2026-09-17T11:54:47] [INFO] [228/380] rec_default_425908372_audio_1788932864052.mp3
[2026-09-17T11:54:49] [INFO] [13/167] rec_audio_call_426014372_audio_1788941177871.mp3
[2026-09-17T11:54:59] [INFO] [14/167] rec_default_403690174_audio_1786828494349.mp3
[2026-09-17T11:55:00] [INFO] [230/381] rec_default_425912424_audio_1788933213081.mp3
[2026-09-17T11:55:00] [INFO] [15/167] rec_default_425908372_audio_1788932864052.mp3
[2026-09-17T11:55:11] [ERROR] rec_default_425912424_audio_1788933213081.mp3: FAILED — 'list' object has no attribute 'get'
Traceback (most recent call last):
  File "/workspace/os_moderation/gemma_local_text.py", line 178, in main
    result, raw_response = process_file(model, processor, record, args.model, args.transcript_chunk_seconds, logger)
                           ^^^^^^^^^^^^^^^^^^^^^^^^^^^^^^^^^^^^^^^^^^^^^^^^^^^^^^^^^^^^^^^^^^^^^^^^^^^^^^^^^^^^^^^^^
  File "/workspace/os_moderation/gemma_local_text.py", line 100, in process_file
    flags = parse_and_score_flags(answer_text, token_infos, chunk_offset_sec=0.0, logger=logger)
            ^^^^^^^^^^^^^^^^^^^^^^^^^^^^^^^^^^^^^^^^^^^^^^^^^^^^^^^^^^^^^^^^^^^^^^^^^^^^^^^^^^^^
  File "/workspace/os_moderation/gemma_local.py", line 305, in parse_and_score_flags
    # The model occasionally returns a bare JSON array (the "d" list itself)
                ^^^^^^^^^^
AttributeError: 'list' object has no attribute 'get'

[2026-09-17T11:55:11] [INFO] [231/381] rec_default_426578327_audio_1788983295448.mp3
[2026-09-17T11:55:12] [INFO] [232/381] rec_audio_call_426195960_audio_1788954780321.mp3
[2026-09-17T11:55:13] [INFO] [229/380] rec_default_425912424_audio_1788933213081.mp3
[2026-09-17T11:55:14] [INFO] [233/381] rec_audio_call_427305933_audio_1789058224440.mp3
[2026-09-17T11:55:24] [ERROR] rec_default_425912424_audio_1788933213081.mp3: FAILED — 'list' object has no attribute 'get'
Traceback (most recent call last):
  File "/workspace/os_moderation/gemma_local_text.py", line 178, in main
    result, raw_response = process_file(model, processor, record, args.model, args.transcript_chunk_seconds, logger)
                           ^^^^^^^^^^^^^^^^^^^^^^^^^^^^^^^^^^^^^^^^^^^^^^^^^^^^^^^^^^^^^^^^^^^^^^^^^^^^^^^^^^^^^^^^^
  File "/workspace/os_moderation/gemma_local_text.py", line 100, in process_file
    flags = parse_and_score_flags(answer_text, token_infos, chunk_offset_sec=0.0, logger=logger)
            ^^^^^^^^^^^^^^^^^^^^^^^^^^^^^^^^^^^^^^^^^^^^^^^^^^^^^^^^^^^^^^^^^^^^^^^^^^^^^^^^^^^^
  File "/workspace/os_moderation/gemma_local.py", line 305, in parse_and_score_flags
    # The model occasionally returns a bare JSON array (the "d" list itself)
                ^^^^^^^^^^
AttributeError: 'list' object has no attribute 'get'

[2026-09-17T11:55:24] [INFO] [230/380] rec_default_426578327_audio_1788983295448.mp3
[2026-09-17T11:55:26] [INFO] [231/380] rec_audio_call_426195960_audio_1788954780321.mp3
[2026-09-17T11:55:27] [INFO] [232/380] rec_audio_call_427305933_audio_1789058224440.mp3
[2026-09-17T11:55:29] [INFO] [234/381] rec_audio_call_427305950_audio_1789058224627.mp3
[2026-09-17T11:55:30] [INFO] [235/381] rec_audio_call_427306161_audio_1789058236274.mp3
[2026-09-17T11:55:31] [INFO] [236/381] rec_audio_call_427306380_audio_1789058253191.mp3
[2026-09-17T11:55:32] [INFO] [237/381] rec_audio_call_427306773_audio_1789058284652.mp3
[2026-09-17T11:55:33] [INFO] Loading google/gemma-4-E2B-it (text-only, non-thinking)...
[2026-09-17T11:55:48] [INFO] Model loaded.
[2026-09-17T11:55:48] [INFO] Skipping 235 already-done file(s)
[2026-09-17T11:55:48] [INFO] [1/146] rec_default_425912424_audio_1788933213081.mp3
[2026-09-17T11:55:50] [INFO] Loading google/gemma-4-E2B-it (text-only, non-thinking)...
[2026-09-17T11:56:07] [INFO] Model loaded.
[2026-09-17T11:56:07] [INFO] Skipping 235 already-done file(s)
[2026-09-17T11:56:07] [INFO] [1/146] rec_default_425912424_audio_1788933213081.mp3
[2026-09-17T11:56:13] [WARN] model returned a bare JSON array instead of {"d": [...]}; treating it as the flags list
[2026-09-17T11:56:13] [INFO] [2/146] rec_audio_call_427306773_audio_1789058284652.mp3
[2026-09-17T11:56:14] [INFO] [3/146] rec_audio_call_427306864_audio_1789058288911.mp3
[2026-09-17T11:56:15] [INFO] [4/146] rec_audio_call_427307036_audio_1789058302393.mp3
[2026-09-17T11:56:16] [INFO] [5/146] rec_audio_call_427307087_audio_1789058314132.mp3
[2026-09-17T11:56:26] [INFO] [6/146] rec_audio_call_427307162_audio_1789058316356.mp3
[2026-09-17T11:56:30] [INFO] [7/146] rec_default_426848544_audio_1789020636084.mp3
[2026-09-17T11:56:38] [INFO] [8/146] rec_default_426857244_audio_1789021306090.mp3
[2026-09-17T11:56:39] [INFO] [9/146] rec_default_427305871_audio_1789058217561.mp3
[2026-09-17T11:56:39] [INFO] [10/146] rec_default_427305885_audio_1789058218067.mp3
[2026-09-17T11:56:46] [INFO] [11/146] rec_default_427305984_audio_1789058228017.mp3
[2026-09-17T11:56:47] [INFO] [12/146] rec_default_427306227_audio_1789058240999.mp3
[2026-09-17T11:56:53] [INFO] [13/146] rec_default_427306761_audio_1789058282525.mp3
[2026-09-17T11:56:54] [INFO] [14/146] rec_default_427306879_audio_1789058296671.mp3
[2026-09-17T11:56:55] [INFO] [15/146] rec_default_427306937_audio_1789058296620.mp3
[2026-09-17T11:56:56] [INFO] [16/146] rec_default_427307000_audio_1789058300924.mp3
[2026-09-17T11:56:57] [INFO] [17/146] rec_default_427307149_audio_1789058314884.mp3
[2026-09-17T11:56:58] [INFO] [18/146] rec_default_427307153_audio_1789058314255.mp3
[2026-09-17T11:57:04] [INFO] [19/146] rec_default_427307170_audio_1789058316339.mp3
[2026-09-17T11:57:05] [INFO] [20/146] rec_default_427307263_audio_1789058328048.mp3
[2026-09-17T11:57:06] [INFO] [21/146] rec_audio_call_426576117_audio_1788983135753.mp3
[2026-09-17T11:57:11] [INFO] [22/146] rec_default_426583408_audio_1788983706194.mp3
[2026-09-17T11:57:24] [WARN] chunk classification JSON parse failed: Expecting ',' delimiter: line 1 column 388 (char 387)
[2026-09-17T11:57:24] [INFO] [23/146] rec_default_426603278_audio_1788985350942.mp3
[2026-09-17T11:57:25] [INFO] [24/146] rec_default_426609609_audio_1788985926405.mp3
[2026-09-17T11:57:29] [INFO] [25/146] rec_default_426649926_audio_1788991429022.mp3
[2026-09-17T11:57:30] [INFO] [26/146] rec_audio_call_426659403_audio_1788993755666.mp3
[2026-09-17T11:57:35] [INFO] [27/146] rec_default_426594432_audio_1788984607250.mp3
[2026-09-17T11:57:35] [INFO] [28/146] rec_default_426631751_audio_1788988322014.mp3
[2026-09-17T11:57:41] [INFO] [29/146] rec_audio_call_424435289_audio_1788789932957.mp3
[2026-09-17T11:57:53] [INFO] [30/146] rec_audio_call_425117061_audio_1788856492050.mp3
[2026-09-17T11:58:01] [INFO] [31/146] rec_default_424610958_audio_1788803526314.mp3
[2026-09-17T11:58:07] [INFO] [32/146] rec_default_426636576_audio_1788989005279.mp3
[2026-09-17T11:58:19] [INFO] [33/146] rec_default_424154820_audio_1788768178955.mp3
[2026-09-17T11:58:24] [INFO] [34/146] rec_audio_call_424355050_audio_1788782425826.mp3
[2026-09-17T11:58:37] [INFO] [35/146] rec_audio_call_425887818_audio_1788931097237.mp3
[2026-09-17T11:58:42] [INFO] [36/146] rec_audio_call_425981754_audio_1788938608293.mp3
[2026-09-17T11:59:05] [INFO] [37/146] rec_audio_call_426306233_audio_1788965543370.mp3
[2026-09-17T11:59:06] [INFO] [38/146] rec_default_422311857_audio_1788593947270.mp3
[2026-09-17T11:59:12] [INFO] [39/146] rec_default_423336284_audio_1788688591351.mp3
[2026-09-17T11:59:23] [INFO] [40/146] rec_default_424687669_audio_1788807599801.mp3
[2026-09-17T11:59:37] [INFO] [41/146] rec_default_425476935_audio_1788886067609.mp3
[2026-09-17T11:59:38] [INFO] [42/146] rec_default_426377718_audio_1788971973414.mp3
[2026-09-17T11:59:39] [INFO] [43/146] rec_audio_call_426540516_audio_1788980804355.mp3
[2026-09-17T11:59:40] [INFO] [44/146] rec_audio_call_426628134_audio_1788987862205.mp3
[2026-09-17T12:00:03] [WARN] chunk classification JSON parse failed: Expecting ',' delimiter: line 1 column 1352 (char 1351)
[2026-09-17T12:00:03] [INFO] [45/146] rec_default_426432272_audio_1788975283995.mp3
[2026-09-17T12:00:09] [INFO] [46/146] rec_default_426636424_audio_1788988982930.mp3
[2026-09-17T12:00:16] [INFO] [47/146] rec_default_426648998_audio_1788991242054.mp3
[2026-09-17T12:00:16] [INFO] [48/146] rec_default_425942168_audio_1788935504071.mp3
[2026-09-17T12:00:22] [INFO] [49/146] rec_default_426538743_audio_1788980705149.mp3
[2026-09-17T12:00:41] [INFO] [50/146] rec_default_426548691_audio_1788981313336.mp3
[2026-09-17T12:00:42] [INFO] [51/146] rec_audio_call_403536354_audio_1786818099540.mp3
[2026-09-17T12:00:43] [INFO] [52/146] rec_audio_call_403544174_audio_1786818489013.mp3
[2026-09-17T12:00:49] [INFO] [53/146] rec_audio_call_403785250_audio_1786846993871.mp3
[2026-09-17T12:00:50] [INFO] [54/146] rec_audio_call_421629115_audio_1788525839912.mp3
[2026-09-17T12:00:51] [INFO] [55/146] rec_audio_call_424397178_audio_1788786285103.mp3
[2026-09-17T12:00:52] [INFO] [56/146] rec_audio_call_425591249_audio_1788892319841.mp3
[2026-09-17T12:01:03] [INFO] [57/146] rec_default_403927389_audio_1786861712369.mp3
[2026-09-17T12:01:11] [INFO] [58/146] rec_default_420511327_audio_1788424417781.mp3
[2026-09-17T12:01:21] [INFO] [59/146] rec_default_423324272_audio_1788687697269.mp3
[2026-09-17T12:01:28] [INFO] [60/146] rec_audio_call_426100503_audio_1788947524083.mp3
[2026-09-17T12:01:29] [INFO] [61/146] rec_audio_call_426855757_audio_1789021187400.mp3
[2026-09-17T12:01:30] [INFO] [62/146] rec_audio_call_426855856_audio_1789021196066.mp3
[2026-09-17T12:01:31] [INFO] [63/146] rec_audio_call_426856109_audio_1789021226515.mp3
[2026-09-17T12:01:31] [INFO] [64/146] rec_audio_call_426857289_audio_1789021309748.mp3
[2026-09-17T12:01:32] [INFO] [65/146] rec_audio_call_426857427_audio_1789021321811.mp3
[2026-09-17T12:01:41] [INFO] [66/146] rec_audio_call_426864047_audio_1789021815416.mp3
[2026-09-17T12:01:47] [WARN] chunk classification JSON parse failed: Expecting ',' delimiter: line 1 column 342 (char 341)
[2026-09-17T12:01:47] [INFO] [67/146] rec_audio_call_426864085_audio_1789021818783.mp3
[2026-09-17T12:01:48] [INFO] [68/146] rec_audio_call_426864490_audio_1789021845136.mp3
[2026-09-17T12:01:49] [INFO] [69/146] rec_audio_call_426864592_audio_1789021851330.mp3
[2026-09-17T12:01:50] [INFO] [70/146] rec_audio_call_426864613_audio_1789021855826.mp3
[2026-09-17T12:01:51] [INFO] [71/146] rec_audio_call_426864718_audio_1789021861946.mp3
[2026-09-17T12:01:52] [INFO] [72/146] rec_audio_call_426864879_audio_1789021871603.mp3
[2026-09-17T12:01:53] [INFO] [73/146] rec_audio_call_426865756_audio_1789021933370.mp3
[2026-09-17T12:01:54] [INFO] [74/146] rec_audio_call_426866100_audio_1789021962100.mp3
[2026-09-17T12:01:55] [INFO] [75/146] rec_audio_call_426871106_audio_1789022339887.mp3
[2026-09-17T12:01:56] [INFO] [76/146] rec_audio_call_426881695_audio_1789023110536.mp3
[2026-09-17T12:01:57] [WARN] model returned a bare JSON array instead of {"d": [...]}; treating it as the flags list
[2026-09-17T12:01:57] [WARN] chunk@0.0s: model returned non-MM:SS timestamp None for category None — using it as-is, NOT offset-corrected to file-relative time.
[2026-09-17T12:01:57] [INFO] [77/146] rec_audio_call_426882947_audio_1789023209263.mp3
[2026-09-17T12:01:57] [INFO] [78/146] rec_default_426101552_audio_1788947595142.mp3
[2026-09-17T12:01:58] [INFO] [79/146] rec_default_426855984_audio_1789021209994.mp3
[2026-09-17T12:02:05] [INFO] [80/146] rec_default_426863933_audio_1789021808134.mp3
[2026-09-17T12:02:06] [INFO] [81/146] rec_default_426864020_audio_1789021816720.mp3
[2026-09-17T12:02:07] [INFO] [82/146] rec_default_426864282_audio_1789021827994.mp3
[2026-09-17T12:02:08] [INFO] [83/146] rec_default_426864654_audio_1789021854639.mp3
[2026-09-17T12:02:09] [INFO] [84/146] rec_default_426864666_audio_1789021861790.mp3
[2026-09-17T12:02:10] [INFO] [85/146] rec_default_426865205_audio_1789021894193.mp3
[2026-09-17T12:02:11] [INFO] [86/146] rec_default_426865726_audio_1789021930759.mp3
[2026-09-17T12:02:12] [INFO] [87/146] rec_default_426865848_audio_1789021942575.mp3
[2026-09-17T12:02:19] [INFO] [88/146] rec_default_426883317_audio_1789023235707.mp3
[2026-09-17T12:02:20] [INFO] [89/146] rec_audio_call_426655931_audio_1788992894349.mp3
[2026-09-17T12:02:21] [INFO] [90/146] rec_audio_call_426656676_audio_1788993082694.mp3
[2026-09-17T12:02:25] [INFO] [91/146] rec_default_426656120_audio_1788992939200.mp3
[2026-09-17T12:02:37] [INFO] [92/146] rec_default_426667318_audio_1788995960432.mp3
[2026-09-17T12:02:37] [INFO] [93/146] rec_default_426669005_audio_1788996409641.mp3
[2026-09-17T12:02:42] [INFO] [94/146] rec_audio_call_426652927_audio_1788992127130.mp3
[2026-09-17T12:02:58] [INFO] [95/146] rec_audio_call_426658746_audio_1788993588302.mp3
[2026-09-17T12:02:59] [INFO] [96/146] rec_audio_call_426664916_audio_1788995286548.mp3
[2026-09-17T12:03:05] [INFO] [97/146] rec_default_426657127_audio_1788993186310.mp3
[2026-09-17T12:03:06] [INFO] [98/146] rec_audio_call_422128803_audio_1788577048478.mp3
[2026-09-17T12:03:11] [INFO] [99/146] rec_audio_call_425915592_audio_1788933460694.mp3
[2026-09-17T12:03:12] [INFO] [100/146] rec_audio_call_426303042_audio_1788965197636.mp3
[2026-09-17T12:03:23] [INFO] [101/146] rec_audio_call_426322019_audio_1788967195267.mp3
[2026-09-17T12:03:24] [INFO] [102/146] rec_default_423505352_audio_1788703352920.mp3
[2026-09-17T12:03:25] [INFO] [103/146] rec_default_423562532_audio_1788709014492.mp3
[2026-09-17T12:03:37] [INFO] [104/146] rec_default_425939252_audio_1788935280682.mp3
[2026-09-17T12:03:42] [INFO] [105/146] rec_default_425971422_audio_1788937802743.mp3
[2026-09-17T12:03:48] [INFO] [106/146] rec_default_426438311_audio_1788975608857.mp3
[2026-09-17T12:03:54] [INFO] [107/146] rec_audio_call_425205242_audio_1788862499869.mp3
[2026-09-17T12:04:01] [INFO] [108/146] rec_audio_call_426339629_audio_1788968889098.mp3
[2026-09-17T12:04:07] [INFO] [109/146] rec_default_426480223_audio_1788977664177.mp3
[2026-09-17T12:04:07] [INFO] [110/146] rec_default_426608730_audio_1788985842618.mp3
[2026-09-17T12:04:12] [INFO] [111/146] rec_audio_call_426565068_audio_1788982358963.mp3
[2026-09-17T12:04:18] [INFO] [112/146] rec_default_426460304_audio_1788976707317.mp3
[2026-09-17T12:04:19] [INFO] [113/146] rec_default_426537197_audio_1788980611266.mp3
[2026-09-17T12:04:20] [INFO] [114/146] rec_default_426565486_audio_1788982385911.mp3
[2026-09-17T12:04:24] [INFO] [115/146] rec_default_426573512_audio_1788982942725.mp3
[2026-09-17T12:04:25] [INFO] [116/146] rec_default_426591403_audio_1788984361913.mp3
[2026-09-17T12:04:26] [INFO] [117/146] rec_default_426604065_audio_1788985417369.mp3
[2026-09-17T12:04:27] [INFO] [118/146] rec_default_426606195_audio_1788985611722.mp3
[2026-09-17T12:04:40] [INFO] [119/146] rec_default_426610860_audio_1788986032726.mp3
[2026-09-17T12:04:45] [INFO] [120/146] rec_audio_call_425348262_audio_1788874390379.mp3
[2026-09-17T12:04:56] [INFO] [121/146] rec_audio_call_425360795_audio_1788875574199.mp3
[2026-09-17T12:05:02] [INFO] [122/146] rec_audio_call_425384170_audio_1788877922101.mp3
[2026-09-17T12:05:11] [INFO] [123/146] rec_audio_call_426189476_audio_1788954198708.mp3
[2026-09-17T12:05:23] [INFO] [124/146] rec_default_423219318_audio_1788679354453.mp3
[2026-09-17T12:05:29] [INFO] [125/146] rec_default_423662590_audio_1788716156245.mp3
[2026-09-17T12:05:41] [INFO] [126/146] rec_default_426600174_audio_1788985087863.mp3
[2026-09-17T12:05:42] [INFO] [127/146] rec_audio_call_427000661_audio_1789031852494.mp3
[2026-09-17T12:05:43] [INFO] [128/146] rec_audio_call_427012298_audio_1789032612558.mp3
[2026-09-17T12:05:44] [INFO] [129/146] rec_audio_call_427013211_audio_1789032669332.mp3
[2026-09-17T12:05:45] [INFO] [130/146] rec_audio_call_427027152_audio_1789033559289.mp3
[2026-09-17T12:06:01] [INFO] [131/146] rec_audio_call_427027250_audio_1789033566943.mp3
[2026-09-17T12:06:06] [INFO] [132/146] rec_audio_call_427038731_audio_1789034322684.mp3
[2026-09-17T12:06:07] [INFO] [133/146] rec_default_426107989_audio_1788948054504.mp3
[2026-09-17T12:06:07] [INFO] [134/146] rec_default_426108348_audio_1788948073644.mp3
[2026-09-17T12:06:08] [INFO] [135/146] rec_default_426108689_audio_1788948098669.mp3
[2026-09-17T12:06:09] [INFO] [136/146] rec_default_426850375_audio_1789020775029.mp3
[2026-09-17T12:06:10] [INFO] [137/146] rec_default_427000374_audio_1789031836869.mp3
[2026-09-17T12:06:11] [INFO] [138/146] rec_default_427012375_audio_1789032614721.mp3
[2026-09-17T12:06:12] [INFO] [139/146] rec_default_427012537_audio_1789032626712.mp3
[2026-09-17T12:06:12] [INFO] [140/146] rec_default_427012589_audio_1789032630677.mp3
[2026-09-17T12:06:13] [INFO] [141/146] rec_default_427012755_audio_1789032638070.mp3
[2026-09-17T12:06:14] [INFO] [142/146] rec_default_427018157_audio_1789032985293.mp3
[2026-09-17T12:06:15] [INFO] [143/146] rec_default_427030481_audio_1789033781981.mp3
[2026-09-17T12:06:16] [INFO] [144/146] rec_default_427035680_audio_1789034118532.mp3
[2026-09-17T12:06:24] [INFO] [145/146] rec_default_427037139_audio_1789034210020.mp3
[2026-09-17T12:06:25] [INFO] [146/146] rec_default_427038996_audio_1789034340803.mp3
[2026-09-17T12:06:25] [INFO] Done in 618.6s — success=146 error=0 skipped=0
