[2026-09-17T11:14:14] [INFO] Loading google/gemma-4-E4B-it (text-only, non-thinking)...
[2026-09-17T11:26:05] [INFO] Loading google/gemma-4-E4B-it (text-only, non-thinking)...
[2026-09-17T11:26:18] [INFO] Loading google/gemma-4-E4B-it (text-only, non-thinking)...
[2026-09-17T11:26:54] [INFO] Loading google/gemma-4-E4B-it (text-only, non-thinking)...
[2026-09-17T13:04:11] [INFO] Loading google/gemma-4-E4B-it (text-only, non-thinking)...
[2026-09-17T13:04:39] [INFO] Model loaded.
[2026-09-17T13:04:39] [INFO] Skipping 0 already-done file(s)
[2026-09-17T13:04:39] [INFO] [1/381] rec_audio_call_392603926_audio_1785858184285.mp3
[2026-09-17T13:04:41] [INFO] [2/381] rec_audio_call_392607690_audio_1785858500937.mp3
[2026-09-17T13:04:42] [INFO] [3/381] rec_audio_call_392643395_audio_1785861202288.mp3
[2026-09-17T13:04:44] [INFO] [4/381] rec_audio_call_425736604_audio_1788905083156.mp3
[2026-09-17T13:04:45] [INFO] [5/381] rec_audio_call_425748748_audio_1788908276475.mp3
[2026-09-17T13:04:46] [INFO] [6/381] rec_audio_call_425749256_audio_1788908432017.mp3
[2026-09-17T13:04:47] [INFO] [7/381] rec_default_426610557_audio_1788986010552.mp3
[2026-09-17T13:04:48] [INFO] [8/381] rec_audio_call_425655492_audio_1788895962923.mp3
[2026-09-17T13:04:49] [INFO] [9/381] rec_audio_call_425656293_audio_1788896013602.mp3
[2026-09-17T13:04:50] [INFO] [10/381] rec_audio_call_425679391_audio_1788897730000.mp3
[2026-09-17T13:04:55] [INFO] [11/381] rec_audio_call_425691838_audio_1788898819143.mp3
[2026-09-17T13:05:05] [INFO] [12/381] rec_default_426593829_audio_1788984553610.mp3
[2026-09-17T13:05:06] [INFO] [13/381] rec_audio_call_419965552_audio_1788369990564.mp3
[2026-09-17T13:05:07] [INFO] [14/381] rec_audio_call_421071310_audio_1788465787061.mp3
[2026-09-17T13:05:29] [INFO] [15/381] rec_audio_call_421768524_audio_1788539479106.mp3
[2026-09-17T13:05:29] [INFO] [16/381] rec_audio_call_421835569_audio_1788543699379.mp3
[2026-09-17T13:05:30] [INFO] [17/381] rec_audio_call_421997101_audio_1788553909604.mp3
[2026-09-17T13:05:32] [INFO] [18/381] rec_audio_call_423610988_audio_1788712982461.mp3
[2026-09-17T13:05:33] [INFO] [19/381] rec_audio_call_425656431_audio_1788896027178.mp3
[2026-09-17T13:05:34] [INFO] [20/381] rec_default_420147298_audio_1788380486702.mp3
[2026-09-17T13:05:35] [INFO] [21/381] rec_default_420599099_audio_1788430532077.mp3
[2026-09-17T13:05:36] [INFO] [22/381] rec_default_421888258_audio_1788546625741.mp3
[2026-09-17T13:05:37] [INFO] [23/381] rec_default_423958539_audio_1788751477018.mp3
[2026-09-17T13:05:38] [INFO] [24/381] rec_audio_call_421981200_audio_1788552638354.mp3
[2026-09-17T13:05:39] [INFO] [25/381] rec_audio_call_422812035_audio_1788633064712.mp3
[2026-09-17T13:06:02] [INFO] [26/381] rec_audio_call_423872491_audio_1788731676125.mp3
[2026-09-17T13:06:07] [INFO] [27/381] rec_audio_call_424735559_audio_1788811052808.mp3
[2026-09-17T13:06:14] [INFO] [28/381] rec_audio_call_425051281_audio_1788851621695.mp3
[2026-09-17T13:06:15] [INFO] [29/381] rec_default_422797054_audio_1788632206019.mp3
[2026-09-17T13:06:16] [INFO] [30/381] rec_audio_call_421865395_audio_1788545383247.mp3
[2026-09-17T13:06:21] [INFO] [31/381] rec_audio_call_425933838_audio_1788934868635.mp3
[2026-09-17T13:06:47] [INFO] [32/381] rec_audio_call_426596251_audio_1788984756063.mp3
[2026-09-17T13:06:57] [INFO] [33/381] rec_audio_call_426599617_audio_1788985040466.mp3
[2026-09-17T13:07:12] [INFO] [34/381] rec_default_423978016_audio_1788753648923.mp3
[2026-09-17T13:07:12] [INFO] [35/381] rec_default_425396309_audio_1788879180076.mp3
[2026-09-17T13:07:27] [INFO] [36/381] rec_default_425778316_audio_1788916552817.mp3
[2026-09-17T13:07:31] [INFO] [37/381] rec_audio_call_424867062_audio_1788834834877.mp3
[2026-09-17T13:07:32] [INFO] [38/381] rec_audio_call_425730841_audio_1788903925979.mp3
[2026-09-17T13:07:37] [INFO] [39/381] rec_audio_call_425744236_audio_1788906883727.mp3
[2026-09-17T13:08:15] [INFO] [40/381] rec_audio_call_426409268_audio_1788973959169.mp3
[2026-09-17T13:08:16] [INFO] [41/381] rec_default_424880310_audio_1788836667926.mp3
[2026-09-17T13:08:17] [INFO] [42/381] rec_default_425134890_audio_1788857770816.mp3
[2026-09-17T13:08:18] [INFO] [43/381] rec_default_425141339_audio_1788858189163.mp3
[2026-09-17T13:08:38] [INFO] [44/381] rec_audio_call_424610503_audio_1788803501320.mp3
[2026-09-17T13:08:53] [INFO] [45/381] rec_audio_call_424798751_audio_1788818609448.mp3
[2026-09-17T13:08:58] [INFO] [46/381] rec_audio_call_425147890_audio_1788858642964.mp3
[2026-09-17T13:08:59] [INFO] [47/381] rec_audio_call_425713085_audio_1788901236624.mp3
[2026-09-17T13:09:11] [INFO] [48/381] rec_audio_call_419508797_audio_1788334367395.mp3
[2026-09-17T13:09:12] [INFO] [49/381] rec_audio_call_421677953_audio_1788530753328.mp3
[2026-09-17T13:09:13] [INFO] [50/381] rec_audio_call_423351802_audio_1788689747483.mp3
[2026-09-17T13:09:14] [INFO] [51/381] rec_audio_call_423591955_audio_1788711572217.mp3
[2026-09-17T13:09:15] [INFO] [52/381] rec_audio_call_423629370_audio_1788714233340.mp3
[2026-09-17T13:09:17] [INFO] [53/381] rec_audio_call_426565546_audio_1788982388939.mp3
[2026-09-17T13:09:18] [INFO] [54/381] rec_default_419887388_audio_1788364981482.mp3
[2026-09-17T13:09:19] [INFO] [55/381] rec_default_421661435_audio_1788529081993.mp3
[2026-09-17T13:09:20] [INFO] [56/381] rec_default_421956667_audio_1788550846403.mp3
[2026-09-17T13:09:21] [INFO] [57/381] rec_default_423887482_audio_1788735128862.mp3
[2026-09-17T13:09:22] [INFO] [58/381] rec_default_424793843_audio_1788817690775.mp3
[2026-09-17T13:09:23] [INFO] [59/381] rec_default_425627452_audio_1788894258639.mp3
[2026-09-17T13:09:24] [INFO] [60/381] rec_audio_call_426099993_audio_1788947488901.mp3
[2026-09-17T13:09:26] [INFO] [61/381] rec_audio_call_426101059_audio_1788947560284.mp3
[2026-09-17T13:09:27] [INFO] [62/381] rec_audio_call_426107984_audio_1788948053829.mp3
[2026-09-17T13:09:28] [INFO] [63/381] rec_audio_call_426107995_audio_1788948050780.mp3
[2026-09-17T13:09:28] [INFO] [64/381] rec_audio_call_426108129_audio_1788948057694.mp3
[2026-09-17T13:09:29] [INFO] [65/381] rec_audio_call_426119888_audio_1788948897495.mp3
[2026-09-17T13:09:30] [INFO] [66/381] rec_audio_call_426127774_audio_1788949477698.mp3
[2026-09-17T13:09:31] [INFO] [67/381] rec_audio_call_426194933_audio_1788954682604.mp3
[2026-09-17T13:09:32] [INFO] [68/381] rec_audio_call_426195125_audio_1788954700286.mp3
[2026-09-17T13:09:32] [INFO] [69/381] rec_audio_call_426201717_audio_1788955277234.mp3
[2026-09-17T13:09:33] [INFO] [70/381] rec_audio_call_426201848_audio_1788955284435.mp3
[2026-09-17T13:09:34] [INFO] [71/381] rec_audio_call_426202468_audio_1788955343920.mp3
[2026-09-17T13:09:35] [INFO] [72/381] rec_audio_call_426202822_audio_1788955375114.mp3
[2026-09-17T13:09:36] [INFO] [73/381] rec_audio_call_426202958_audio_1788955393853.mp3
[2026-09-17T13:09:36] [INFO] [74/381] rec_audio_call_426203219_audio_1788955405537.mp3
[2026-09-17T13:09:37] [INFO] [75/381] rec_audio_call_426203802_audio_1788955464104.mp3
[2026-09-17T13:09:38] [INFO] [76/381] rec_audio_call_426204124_audio_1788955491095.mp3
[2026-09-17T13:09:39] [INFO] [77/381] rec_audio_call_426204404_audio_1788955515816.mp3
[2026-09-17T13:09:40] [INFO] [78/381] rec_audio_call_426204463_audio_1788955521517.mp3
[2026-09-17T13:09:40] [INFO] [79/381] rec_audio_call_426847860_audio_1789020585952.mp3
[2026-09-17T13:09:41] [INFO] [80/381] rec_audio_call_426848290_audio_1789020619592.mp3
[2026-09-17T13:09:42] [INFO] [81/381] rec_audio_call_426848321_audio_1789020622237.mp3
[2026-09-17T13:09:43] [INFO] [82/381] rec_audio_call_426848355_audio_1789020625114.mp3
[2026-09-17T13:09:44] [INFO] [83/381] rec_audio_call_426848440_audio_1789020630279.mp3
[2026-09-17T13:09:44] [INFO] [84/381] rec_audio_call_426848640_audio_1789020645122.mp3
[2026-09-17T13:09:45] [INFO] [85/381] rec_audio_call_426848943_audio_1789020668404.mp3
[2026-09-17T13:09:46] [INFO] [86/381] rec_audio_call_426849624_audio_1789020718433.mp3
[2026-09-17T13:09:47] [INFO] [87/381] rec_audio_call_426849843_audio_1789020732404.mp3
[2026-09-17T13:09:49] [INFO] [88/381] rec_audio_call_426850383_audio_1789020772255.mp3
[2026-09-17T13:09:50] [INFO] [89/381] rec_audio_call_426851323_audio_1789020846081.mp3
[2026-09-17T13:09:51] [INFO] [90/381] rec_audio_call_426851772_audio_1789020879921.mp3
[2026-09-17T13:09:52] [INFO] [91/381] rec_audio_call_426851856_audio_1789020892000.mp3
[2026-09-17T13:09:53] [INFO] [92/381] rec_audio_call_426854007_audio_1789021052086.mp3
[2026-09-17T13:09:54] [INFO] [93/381] rec_audio_call_426854157_audio_1789021067058.mp3
[2026-09-17T13:09:55] [INFO] [94/381] rec_audio_call_426883755_audio_1789023272654.mp3
[2026-09-17T13:09:56] [INFO] [95/381] rec_audio_call_427029817_audio_1789033741551.mp3
[2026-09-17T13:09:57] [INFO] [96/381] rec_audio_call_427302258_audio_1789057958698.mp3
[2026-09-17T13:09:58] [INFO] [97/381] rec_audio_call_427307060_audio_1789058304926.mp3
[2026-09-17T13:09:59] [INFO] [98/381] rec_audio_call_427311569_audio_1789058616356.mp3
[2026-09-17T13:10:00] [INFO] [99/381] rec_audio_call_427314953_audio_1789058839016.mp3
[2026-09-17T13:10:01] [INFO] [100/381] rec_default_426100823_audio_1788947551748.mp3
[2026-09-17T13:10:02] [INFO] [101/381] rec_default_426107316_audio_1788948009635.mp3
[2026-09-17T13:10:03] [INFO] [102/381] rec_default_426107744_audio_1788948040810.mp3
[2026-09-17T13:10:04] [INFO] [103/381] rec_default_426108828_audio_1788948111282.mp3
[2026-09-17T13:10:05] [INFO] [104/381] rec_default_426126463_audio_1788949378147.mp3
[2026-09-17T13:10:05] [INFO] [105/381] rec_default_426126833_audio_1788949400904.mp3
[2026-09-17T13:10:06] [INFO] [106/381] rec_default_426127716_audio_1788949472727.mp3
[2026-09-17T13:10:07] [INFO] [107/381] rec_default_426194323_audio_1788954640272.mp3
[2026-09-17T13:10:08] [INFO] [108/381] rec_default_426195344_audio_1788954727902.mp3
[2026-09-17T13:10:09] [INFO] [109/381] rec_default_426202313_audio_1788955333217.mp3
[2026-09-17T13:10:10] [INFO] [110/381] rec_default_426204264_audio_1788955509025.mp3
[2026-09-17T13:10:11] [INFO] [111/381] rec_default_426204318_audio_1788955517179.mp3
[2026-09-17T13:10:12] [INFO] [112/381] rec_default_426848660_audio_1789020643588.mp3
[2026-09-17T13:10:13] [INFO] [113/381] rec_default_426851955_audio_1789020893146.mp3
[2026-09-17T13:10:14] [INFO] [114/381] rec_default_426853539_audio_1789021025445.mp3
[2026-09-17T13:10:15] [INFO] [115/381] rec_default_427012373_audio_1789032615035.mp3
[2026-09-17T13:10:16] [INFO] [116/381] rec_default_427038720_audio_1789034321734.mp3
[2026-09-17T13:10:17] [INFO] [117/381] rec_default_427305556_audio_1789058198302.mp3
[2026-09-17T13:10:18] [INFO] [118/381] rec_audio_call_426576577_audio_1788983168675.mp3
[2026-09-17T13:10:20] [INFO] [119/381] rec_audio_call_426580380_audio_1788983454564.mp3
[2026-09-17T13:10:21] [INFO] [120/381] rec_audio_call_426601291_audio_1788985175536.mp3
[2026-09-17T13:10:22] [INFO] [121/381] rec_default_426573210_audio_1788982914417.mp3
[2026-09-17T13:10:24] [INFO] [122/381] rec_default_426597928_audio_1788984899162.mp3
[2026-09-17T13:10:25] [INFO] [123/381] rec_default_426662883_audio_1788994670065.mp3
[2026-09-17T13:10:26] [INFO] [124/381] rec_audio_call_426604675_audio_1788985474412.mp3
[2026-09-17T13:10:27] [INFO] [125/381] rec_audio_call_426613454_audio_1788986291945.mp3
[2026-09-17T13:10:31] [INFO] Loading google/gemma-4-E4B-it (text-only, non-thinking)...
[2026-09-17T13:10:49] [INFO] Model loaded.
[2026-09-17T13:10:49] [INFO] Skipping 124 already-done file(s)
[2026-09-17T13:10:49] [INFO] [1/257] rec_audio_call_426613454_audio_1788986291945.mp3
[2026-09-17T13:10:56] [INFO] [126/381] rec_default_426634262_audio_1788988662985.mp3
[2026-09-17T13:10:58] [INFO] [127/381] rec_default_426647598_audio_1788990955665.mp3
[2026-09-17T13:10:59] [INFO] [128/381] rec_audio_call_421223616_audio_1788491953131.mp3
[2026-09-17T13:11:01] [INFO] [129/381] rec_audio_call_421566156_audio_1788520297969.mp3
[2026-09-17T13:11:02] [INFO] [130/381] rec_audio_call_423645324_audio_1788715186440.mp3
[2026-09-17T13:11:03] [INFO] [131/381] rec_audio_call_424378148_audio_1788784557326.mp3
[2026-09-17T13:11:05] [INFO] [132/381] rec_audio_call_424416192_audio_1788788125311.mp3
[2026-09-17T13:11:14] [INFO] [133/381] rec_audio_call_425918552_audio_1788933686610.mp3
[2026-09-17T13:11:15] [INFO] [134/381] rec_default_425656790_audio_1788896051031.mp3
[2026-09-17T13:11:16] [INFO] [135/381] rec_audio_call_420847903_audio_1788453013104.mp3
[2026-09-17T13:11:23] [INFO] [2/257] rec_default_426634262_audio_1788988662985.mp3
[2026-09-17T13:11:25] [INFO] [3/257] rec_default_426647598_audio_1788990955665.mp3
[2026-09-17T13:11:26] [INFO] [4/257] rec_audio_call_421223616_audio_1788491953131.mp3
[2026-09-17T13:11:28] [INFO] [5/257] rec_audio_call_421566156_audio_1788520297969.mp3
[2026-09-17T13:11:29] [INFO] [6/257] rec_audio_call_423645324_audio_1788715186440.mp3
