[2026-09-17T11:14:13] [INFO] Loading bodhan-ai/indic-transcribe-core...
[2026-09-17T11:26:05] [INFO] Loading bodhan-ai/indic-transcribe-core...
[2026-09-17T11:26:18] [INFO] Loading bodhan-ai/indic-transcribe-core...
[2026-09-17T11:26:53] [INFO] Loading bodhan-ai/indic-transcribe-core...
[2026-09-17T11:51:42] [INFO] Loading bodhan-ai/indic-transcribe-core...
[2026-09-17T11:51:52] [INFO] Model loaded.
[2026-09-17T11:51:52] [INFO] chunk_seconds=2.0: skipping 0 already-done file(s)
[2026-09-17T11:51:52] [INFO] [chunk=2.0s 1/381] rec_audio_call_392603926_audio_1785858184285.mp3
[2026-09-17T11:51:59] [INFO] [chunk=2.0s 2/381] rec_audio_call_392607690_audio_1785858500937.mp3
[2026-09-17T11:52:07] [INFO] [chunk=2.0s 3/381] rec_audio_call_392643395_audio_1785861202288.mp3
[2026-09-17T11:52:52] [INFO] [chunk=2.0s 4/381] rec_audio_call_425736604_audio_1788905083156.mp3
[2026-09-17T11:52:54] [INFO] [chunk=2.0s 5/381] rec_audio_call_425748748_audio_1788908276475.mp3
[2026-09-17T11:53:01] [INFO] [chunk=2.0s 6/381] rec_audio_call_425749256_audio_1788908432017.mp3
[2026-09-17T11:53:04] [INFO] [chunk=2.0s 7/381] rec_default_426610557_audio_1788986010552.mp3
[2026-09-17T11:53:07] [INFO] [chunk=2.0s 8/381] rec_audio_call_425655492_audio_1788895962923.mp3
[2026-09-17T11:53:20] [INFO] [chunk=2.0s 9/381] rec_audio_call_425656293_audio_1788896013602.mp3
[2026-09-17T11:53:25] [INFO] [chunk=2.0s 10/381] rec_audio_call_425679391_audio_1788897730000.mp3
[2026-09-17T11:53:39] [INFO] [chunk=2.0s 11/381] rec_audio_call_425691838_audio_1788898819143.mp3
[2026-09-17T11:53:43] [INFO] [chunk=2.0s 12/381] rec_default_426593829_audio_1788984553610.mp3
[2026-09-17T11:54:03] [INFO] [chunk=2.0s 13/381] rec_audio_call_419965552_audio_1788369990564.mp3
[2026-09-17T11:54:08] [INFO] [chunk=2.0s 14/381] rec_audio_call_421071310_audio_1788465787061.mp3
[2026-09-17T11:54:48] [INFO] [chunk=2.0s 15/381] rec_audio_call_421768524_audio_1788539479106.mp3
[2026-09-17T11:54:51] [INFO] [chunk=2.0s 16/381] rec_audio_call_421835569_audio_1788543699379.mp3
[2026-09-17T11:54:57] [INFO] [chunk=2.0s 17/381] rec_audio_call_421997101_audio_1788553909604.mp3
[2026-09-17T11:55:33] [INFO] Loading bodhan-ai/indic-transcribe-core...
[2026-09-17T11:55:41] [INFO] Model loaded.
[2026-09-17T11:55:41] [INFO] chunk_seconds=2.0: skipping 16 already-done file(s)
[2026-09-17T11:55:41] [INFO] [chunk=2.0s 1/365] rec_audio_call_421997101_audio_1788553909604.mp3
[2026-09-17T11:55:50] [INFO] Loading bodhan-ai/indic-transcribe-core...
[2026-09-17T11:55:59] [INFO] Model loaded.
[2026-09-17T11:55:59] [INFO] chunk_seconds=2.0: skipping 16 already-done file(s)
[2026-09-17T11:55:59] [INFO] [chunk=2.0s 1/365] rec_audio_call_421997101_audio_1788553909604.mp3
[2026-09-17T11:56:25] [INFO] [chunk=2.0s 2/365] rec_audio_call_423610988_audio_1788712982461.mp3
[2026-09-17T11:56:27] [INFO] [chunk=2.0s 3/365] rec_audio_call_425656431_audio_1788896027178.mp3
[2026-09-17T11:56:31] [INFO] [chunk=2.0s 4/365] rec_default_420147298_audio_1788380486702.mp3
[2026-09-17T11:57:01] [INFO] [chunk=2.0s 5/365] rec_default_420599099_audio_1788430532077.mp3
[2026-09-17T11:57:17] [INFO] [chunk=2.0s 6/365] rec_default_421888258_audio_1788546625741.mp3
[2026-09-17T11:57:18] [INFO] [chunk=2.0s 7/365] rec_default_423958539_audio_1788751477018.mp3
[2026-09-17T11:57:29] [INFO] [chunk=2.0s 8/365] rec_audio_call_421981200_audio_1788552638354.mp3
[2026-09-17T11:57:34] [INFO] [chunk=2.0s 9/365] rec_audio_call_422812035_audio_1788633064712.mp3
[2026-09-17T11:57:39] [INFO] [chunk=2.0s 10/365] rec_audio_call_423872491_audio_1788731676125.mp3
[2026-09-17T11:57:43] [INFO] [chunk=2.0s 11/365] rec_audio_call_424735559_audio_1788811052808.mp3
[2026-09-17T11:57:45] [INFO] [chunk=2.0s 12/365] rec_audio_call_425051281_audio_1788851621695.mp3
[2026-09-17T11:58:12] [INFO] [chunk=2.0s 13/365] rec_default_422797054_audio_1788632206019.mp3
[2026-09-17T11:58:26] [INFO] [chunk=2.0s 14/365] rec_audio_call_421865395_audio_1788545383247.mp3
[2026-09-17T11:58:28] [INFO] [chunk=2.0s 15/365] rec_audio_call_425933838_audio_1788934868635.mp3
[2026-09-17T11:58:40] [INFO] [chunk=2.0s 16/365] rec_audio_call_426596251_audio_1788984756063.mp3
[2026-09-17T11:58:43] [INFO] [chunk=2.0s 17/365] rec_audio_call_426599617_audio_1788985040466.mp3
[2026-09-17T11:58:51] [INFO] [chunk=2.0s 18/365] rec_default_423978016_audio_1788753648923.mp3
[2026-09-17T11:58:58] [INFO] [chunk=2.0s 19/365] rec_default_425396309_audio_1788879180076.mp3
[2026-09-17T11:59:04] [INFO] [chunk=2.0s 20/365] rec_default_425778316_audio_1788916552817.mp3
[2026-09-17T11:59:07] [INFO] [chunk=2.0s 21/365] rec_audio_call_424867062_audio_1788834834877.mp3
[2026-09-17T11:59:16] [INFO] [chunk=2.0s 22/365] rec_audio_call_425730841_audio_1788903925979.mp3
[2026-09-17T11:59:17] [INFO] [chunk=2.0s 23/365] rec_audio_call_425744236_audio_1788906883727.mp3
[2026-09-17T11:59:44] [INFO] [chunk=2.0s 24/365] rec_audio_call_426409268_audio_1788973959169.mp3
[2026-09-17T11:59:49] [INFO] [chunk=2.0s 25/365] rec_default_424880310_audio_1788836667926.mp3
[2026-09-17T12:00:16] [INFO] [chunk=2.0s 26/365] rec_default_425134890_audio_1788857770816.mp3
[2026-09-17T12:00:32] [INFO] [chunk=2.0s 27/365] rec_default_425141339_audio_1788858189163.mp3
[2026-09-17T12:00:55] [INFO] [chunk=2.0s 28/365] rec_audio_call_424610503_audio_1788803501320.mp3
[2026-09-17T12:00:58] [INFO] [chunk=2.0s 29/365] rec_audio_call_424798751_audio_1788818609448.mp3
[2026-09-17T12:01:03] [INFO] [chunk=2.0s 30/365] rec_audio_call_425147890_audio_1788858642964.mp3
[2026-09-17T12:01:07] [INFO] [chunk=2.0s 31/365] rec_audio_call_425713085_audio_1788901236624.mp3
[2026-09-17T12:01:09] [INFO] [chunk=2.0s 32/365] rec_audio_call_419508797_audio_1788334367395.mp3
[2026-09-17T12:01:11] [INFO] [chunk=2.0s 33/365] rec_audio_call_421677953_audio_1788530753328.mp3
[2026-09-17T12:01:13] [INFO] [chunk=2.0s 34/365] rec_audio_call_423351802_audio_1788689747483.mp3
[2026-09-17T12:01:17] [INFO] [chunk=2.0s 35/365] rec_audio_call_423591955_audio_1788711572217.mp3
[2026-09-17T12:01:22] [INFO] [chunk=2.0s 36/365] rec_audio_call_423629370_audio_1788714233340.mp3
[2026-09-17T12:02:31] [INFO] [chunk=2.0s 37/365] rec_audio_call_426565546_audio_1788982388939.mp3
[2026-09-17T12:02:32] [INFO] [chunk=2.0s 38/365] rec_default_419887388_audio_1788364981482.mp3
[2026-09-17T12:02:46] [INFO] [chunk=2.0s 39/365] rec_default_421661435_audio_1788529081993.mp3
[2026-09-17T12:02:50] [INFO] [chunk=2.0s 40/365] rec_default_421956667_audio_1788550846403.mp3
[2026-09-17T12:02:53] [INFO] [chunk=2.0s 41/365] rec_default_423887482_audio_1788735128862.mp3
[2026-09-17T12:03:08] [INFO] [chunk=2.0s 42/365] rec_default_424793843_audio_1788817690775.mp3
[2026-09-17T12:03:15] [INFO] [chunk=2.0s 43/365] rec_default_425627452_audio_1788894258639.mp3
[2026-09-17T12:03:17] [INFO] [chunk=2.0s 44/365] rec_audio_call_426099993_audio_1788947488901.mp3
[2026-09-17T12:03:35] [INFO] [chunk=2.0s 45/365] rec_audio_call_426101059_audio_1788947560284.mp3
[2026-09-17T12:04:10] [INFO] [chunk=2.0s 46/365] rec_audio_call_426107984_audio_1788948053829.mp3
[2026-09-17T12:04:12] [INFO] [chunk=2.0s 47/365] rec_audio_call_426107995_audio_1788948050780.mp3
[2026-09-17T12:04:16] [INFO] [chunk=2.0s 48/365] rec_audio_call_426108129_audio_1788948057694.mp3
[2026-09-17T12:04:20] [INFO] [chunk=2.0s 49/365] rec_audio_call_426119888_audio_1788948897495.mp3
[2026-09-17T12:04:20] [INFO] [chunk=2.0s 50/365] rec_audio_call_426127774_audio_1788949477698.mp3
[2026-09-17T12:04:33] [INFO] [chunk=2.0s 51/365] rec_audio_call_426194933_audio_1788954682604.mp3
[2026-09-17T12:04:53] [INFO] [chunk=2.0s 52/365] rec_audio_call_426195125_audio_1788954700286.mp3
[2026-09-17T12:05:06] [INFO] [chunk=2.0s 53/365] rec_audio_call_426201717_audio_1788955277234.mp3
[2026-09-17T12:05:09] [INFO] [chunk=2.0s 54/365] rec_audio_call_426201848_audio_1788955284435.mp3
[2026-09-17T12:05:16] [INFO] [chunk=2.0s 55/365] rec_audio_call_426202468_audio_1788955343920.mp3
[2026-09-17T12:05:23] [INFO] [chunk=2.0s 56/365] rec_audio_call_426202822_audio_1788955375114.mp3
[2026-09-17T12:05:32] [INFO] [chunk=2.0s 57/365] rec_audio_call_426202958_audio_1788955393853.mp3
[2026-09-17T12:05:38] [INFO] [chunk=2.0s 58/365] rec_audio_call_426203219_audio_1788955405537.mp3
[2026-09-17T12:05:40] [INFO] [chunk=2.0s 59/365] rec_audio_call_426203802_audio_1788955464104.mp3
[2026-09-17T12:06:01] [INFO] [chunk=2.0s 60/365] rec_audio_call_426204124_audio_1788955491095.mp3
[2026-09-17T12:06:08] [INFO] [chunk=2.0s 61/365] rec_audio_call_426204404_audio_1788955515816.mp3
[2026-09-17T12:06:14] [INFO] [chunk=2.0s 62/365] rec_audio_call_426204463_audio_1788955521517.mp3
[2026-09-17T12:06:30] [INFO] [chunk=2.0s 63/365] rec_audio_call_426847860_audio_1789020585952.mp3
[2026-09-17T12:06:34] [INFO] [chunk=2.0s 64/365] rec_audio_call_426848290_audio_1789020619592.mp3
[2026-09-17T12:06:37] [INFO] [chunk=2.0s 65/365] rec_audio_call_426848321_audio_1789020622237.mp3
[2026-09-17T12:06:45] [INFO] [chunk=2.0s 66/365] rec_audio_call_426848355_audio_1789020625114.mp3
[2026-09-17T12:06:49] [INFO] [chunk=2.0s 67/365] rec_audio_call_426848440_audio_1789020630279.mp3
[2026-09-17T12:06:51] [INFO] [chunk=2.0s 68/365] rec_audio_call_426848640_audio_1789020645122.mp3
[2026-09-17T12:06:56] [INFO] [chunk=2.0s 69/365] rec_audio_call_426848943_audio_1789020668404.mp3
[2026-09-17T12:07:03] [INFO] [chunk=2.0s 70/365] rec_audio_call_426849624_audio_1789020718433.mp3
[2026-09-17T12:07:11] [INFO] [chunk=2.0s 71/365] rec_audio_call_426849843_audio_1789020732404.mp3
[2026-09-17T12:08:19] [INFO] [chunk=2.0s 72/365] rec_audio_call_426850383_audio_1789020772255.mp3
[2026-09-17T12:08:20] [INFO] [chunk=2.0s 73/365] rec_audio_call_426851323_audio_1789020846081.mp3
[2026-09-17T12:08:26] [INFO] [chunk=2.0s 74/365] rec_audio_call_426851772_audio_1789020879921.mp3
[2026-09-17T12:08:36] [INFO] [chunk=2.0s 75/365] rec_audio_call_426851856_audio_1789020892000.mp3
[2026-09-17T12:08:47] [INFO] [chunk=2.0s 76/365] rec_audio_call_426854007_audio_1789021052086.mp3
[2026-09-17T12:08:52] [INFO] [chunk=2.0s 77/365] rec_audio_call_426854157_audio_1789021067058.mp3
[2026-09-17T12:08:55] [INFO] [chunk=2.0s 78/365] rec_audio_call_426883755_audio_1789023272654.mp3
[2026-09-17T12:08:56] [INFO] [chunk=2.0s 79/365] rec_audio_call_427029817_audio_1789033741551.mp3
[2026-09-17T12:08:57] [INFO] [chunk=2.0s 80/365] rec_audio_call_427302258_audio_1789057958698.mp3
[2026-09-17T12:08:59] [INFO] [chunk=2.0s 81/365] rec_audio_call_427307060_audio_1789058304926.mp3
[2026-09-17T12:09:00] [INFO] [chunk=2.0s 82/365] rec_audio_call_427311569_audio_1789058616356.mp3
[2026-09-17T12:09:02] [INFO] [chunk=2.0s 83/365] rec_audio_call_427314953_audio_1789058839016.mp3
[2026-09-17T12:09:04] [INFO] [chunk=2.0s 84/365] rec_default_426100823_audio_1788947551748.mp3
[2026-09-17T12:09:06] [INFO] [chunk=2.0s 85/365] rec_default_426107316_audio_1788948009635.mp3
[2026-09-17T12:09:07] [INFO] [chunk=2.0s 86/365] rec_default_426107744_audio_1788948040810.mp3
[2026-09-17T12:09:21] [INFO] [chunk=2.0s 87/365] rec_default_426108828_audio_1788948111282.mp3
[2026-09-17T12:09:26] [INFO] [chunk=2.0s 88/365] rec_default_426126463_audio_1788949378147.mp3
[2026-09-17T12:09:27] [INFO] [chunk=2.0s 89/365] rec_default_426126833_audio_1788949400904.mp3
[2026-09-17T12:09:29] [INFO] [chunk=2.0s 90/365] rec_default_426127716_audio_1788949472727.mp3
[2026-09-17T12:09:37] [INFO] [chunk=2.0s 91/365] rec_default_426194323_audio_1788954640272.mp3
[2026-09-17T12:09:38] [INFO] [chunk=2.0s 92/365] rec_default_426195344_audio_1788954727902.mp3
[2026-09-17T12:09:41] [INFO] [chunk=2.0s 93/365] rec_default_426202313_audio_1788955333217.mp3
[2026-09-17T12:09:42] [INFO] [chunk=2.0s 94/365] rec_default_426204264_audio_1788955509025.mp3
[2026-09-17T12:09:44] [INFO] [chunk=2.0s 95/365] rec_default_426204318_audio_1788955517179.mp3
[2026-09-17T12:09:49] [INFO] [chunk=2.0s 96/365] rec_default_426848660_audio_1789020643588.mp3
[2026-09-17T12:10:08] [INFO] [chunk=2.0s 97/365] rec_default_426851955_audio_1789020893146.mp3
[2026-09-17T12:10:10] [INFO] [chunk=2.0s 98/365] rec_default_426853539_audio_1789021025445.mp3
[2026-09-17T12:10:12] [INFO] [chunk=2.0s 99/365] rec_default_427012373_audio_1789032615035.mp3
[2026-09-17T12:10:14] [INFO] [chunk=2.0s 100/365] rec_default_427038720_audio_1789034321734.mp3
[2026-09-17T12:10:15] [INFO] [chunk=2.0s 101/365] rec_default_427305556_audio_1789058198302.mp3
[2026-09-17T12:10:18] [INFO] [chunk=2.0s 102/365] rec_audio_call_426576577_audio_1788983168675.mp3
[2026-09-17T12:12:26] [INFO] [chunk=2.0s 103/365] rec_audio_call_426580380_audio_1788983454564.mp3
[2026-09-17T12:12:32] [INFO] [chunk=2.0s 104/365] rec_audio_call_426601291_audio_1788985175536.mp3
[2026-09-17T12:12:34] [INFO] [chunk=2.0s 105/365] rec_default_426573210_audio_1788982914417.mp3
[2026-09-17T12:12:57] [INFO] [chunk=2.0s 106/365] rec_default_426597928_audio_1788984899162.mp3
[2026-09-17T12:13:40] [INFO] [chunk=2.0s 107/365] rec_default_426662883_audio_1788994670065.mp3
[2026-09-17T12:13:58] [INFO] [chunk=2.0s 108/365] rec_audio_call_426604675_audio_1788985474412.mp3
[2026-09-17T12:14:05] [INFO] [chunk=2.0s 109/365] rec_audio_call_426613454_audio_1788986291945.mp3
[2026-09-17T12:14:14] [INFO] [chunk=2.0s 110/365] rec_default_426634262_audio_1788988662985.mp3
[2026-09-17T12:14:17] [INFO] [chunk=2.0s 111/365] rec_default_426647598_audio_1788990955665.mp3
[2026-09-17T12:14:57] [INFO] [chunk=2.0s 112/365] rec_audio_call_421223616_audio_1788491953131.mp3
[2026-09-17T12:15:01] [INFO] [chunk=2.0s 113/365] rec_audio_call_421566156_audio_1788520297969.mp3
[2026-09-17T12:15:04] [INFO] [chunk=2.0s 114/365] rec_audio_call_423645324_audio_1788715186440.mp3
[2026-09-17T12:15:14] [INFO] [chunk=2.0s 115/365] rec_audio_call_424378148_audio_1788784557326.mp3
[2026-09-17T12:15:25] [INFO] [chunk=2.0s 116/365] rec_audio_call_424416192_audio_1788788125311.mp3
[2026-09-17T12:15:42] [INFO] [chunk=2.0s 117/365] rec_audio_call_425918552_audio_1788933686610.mp3
[2026-09-17T12:15:56] [INFO] [chunk=2.0s 118/365] rec_default_425656790_audio_1788896051031.mp3
[2026-09-17T12:16:03] [INFO] [chunk=2.0s 119/365] rec_audio_call_420847903_audio_1788453013104.mp3
[2026-09-17T12:17:15] [INFO] [chunk=2.0s 120/365] rec_audio_call_424557037_audio_1788800497337.mp3
[2026-09-17T12:17:23] [INFO] [chunk=2.0s 121/365] rec_audio_call_424970880_audio_1788845652480.mp3
[2026-09-17T12:17:26] [INFO] [chunk=2.0s 122/365] rec_audio_call_425207957_audio_1788862678382.mp3
[2026-09-17T12:17:50] [INFO] [chunk=2.0s 123/365] rec_audio_call_426372327_audio_1788971567973.mp3
[2026-09-17T12:17:55] [INFO] [chunk=2.0s 124/365] rec_default_423104500_audio_1788669374178.mp3
[2026-09-17T12:18:15] [INFO] [chunk=2.0s 125/365] rec_default_423163427_audio_1788674918154.mp3
[2026-09-17T12:18:18] [INFO] [chunk=2.0s 126/365] rec_default_426023290_audio_1788941856621.mp3
[2026-09-17T12:18:21] [INFO] [chunk=2.0s 127/365] rec_audio_call_426570103_audio_1788982695863.mp3
[2026-09-17T12:20:11] [INFO] [chunk=2.0s 128/365] rec_audio_call_426580224_audio_1788983439239.mp3
[2026-09-17T12:20:16] [INFO] [chunk=2.0s 129/365] rec_audio_call_426626261_audio_1788987652206.mp3
[2026-09-17T12:20:35] [INFO] [chunk=2.0s 130/365] rec_audio_call_426634717_audio_1788988729707.mp3
[2026-09-17T12:20:42] [INFO] [chunk=2.0s 131/365] rec_default_426593601_audio_1788984536403.mp3
[2026-09-17T12:20:52] [INFO] [chunk=2.0s 132/365] rec_default_426620137_audio_1788986984372.mp3
[2026-09-17T12:21:04] [INFO] [chunk=2.0s 133/365] rec_default_426633368_audio_1788988531170.mp3
[2026-09-17T12:21:12] [INFO] [chunk=2.0s 134/365] rec_audio_call_426416419_audio_1788974369340.mp3
[2026-09-17T12:21:18] [INFO] [chunk=2.0s 135/365] rec_audio_call_420358272_audio_1788412834216.mp3
[2026-09-17T12:21:32] [INFO] [chunk=2.0s 136/365] rec_audio_call_420511856_audio_1788424457087.mp3
[2026-09-17T12:21:47] [INFO] [chunk=2.0s 137/365] rec_audio_call_420632008_audio_1788432977108.mp3
[2026-09-17T12:22:37] [INFO] [chunk=2.0s 138/365] rec_audio_call_425129217_audio_1788857364836.mp3
[2026-09-17T12:23:22] [INFO] [chunk=2.0s 139/365] rec_audio_call_426104039_audio_1788947773748.mp3
[2026-09-17T12:23:39] [INFO] [chunk=2.0s 140/365] rec_default_421372353_audio_1788505796052.mp3
[2026-09-17T12:24:52] [INFO] [chunk=2.0s 141/365] rec_default_421961206_audio_1788551169146.mp3
[2026-09-17T12:25:04] [INFO] [chunk=2.0s 142/365] rec_default_424950341_audio_1788843964859.mp3
[2026-09-17T12:25:14] [INFO] [chunk=2.0s 143/365] rec_default_425392837_audio_1788878842788.mp3
[2026-09-17T12:25:18] [INFO] [chunk=2.0s 144/365] rec_default_426076857_audio_1788945867967.mp3
[2026-09-17T12:25:58] [INFO] [chunk=2.0s 145/365] rec_audio_call_427301394_audio_1789057897529.mp3
[2026-09-17T12:26:01] [INFO] [chunk=2.0s 146/365] rec_audio_call_427304995_audio_1789058153813.mp3
[2026-09-17T12:26:05] [INFO] [chunk=2.0s 147/365] rec_audio_call_427305229_audio_1789058170052.mp3
[2026-09-17T12:26:13] [INFO] [chunk=2.0s 148/365] rec_audio_call_427305426_audio_1789058184851.mp3
[2026-09-17T12:26:14] [INFO] [chunk=2.0s 149/365] rec_audio_call_427305578_audio_1789058200155.mp3
[2026-09-17T12:26:15] [INFO] [chunk=2.0s 150/365] rec_audio_call_427305579_audio_1789058197575.mp3
[2026-09-17T12:26:16] [INFO] [chunk=2.0s 151/365] rec_audio_call_427309343_audio_1789058465241.mp3
[2026-09-17T12:26:17] [INFO] [chunk=2.0s 152/365] rec_audio_call_427310164_audio_1789058518972.mp3
[2026-09-17T12:26:18] [INFO] [chunk=2.0s 153/365] rec_audio_call_427312372_audio_1789058676733.mp3
[2026-09-17T12:26:37] [INFO] [chunk=2.0s 154/365] rec_audio_call_427313310_audio_1789058737356.mp3
[2026-09-17T12:27:46] [INFO] [chunk=2.0s 155/365] rec_audio_call_427313337_audio_1789058738019.mp3
[2026-09-17T12:27:49] [INFO] [chunk=2.0s 156/365] rec_audio_call_427315026_audio_1789058843014.mp3
[2026-09-17T12:27:53] [INFO] [chunk=2.0s 157/365] rec_audio_call_427316125_audio_1789058922687.mp3
[2026-09-17T12:27:58] [INFO] [chunk=2.0s 158/365] rec_audio_call_427316431_audio_1789058946312.mp3
[2026-09-17T12:28:05] [INFO] [chunk=2.0s 159/365] rec_default_427302623_audio_1789057989394.mp3
[2026-09-17T12:28:08] [INFO] [chunk=2.0s 160/365] rec_default_427303915_audio_1789058082453.mp3
[2026-09-17T12:28:12] [INFO] [chunk=2.0s 161/365] rec_default_427307746_audio_1789058356862.mp3
[2026-09-17T12:28:19] [INFO] [chunk=2.0s 162/365] rec_default_427308167_audio_1789058388570.mp3
[2026-09-17T12:28:51] [INFO] [chunk=2.0s 163/365] rec_default_427310161_audio_1789058524351.mp3
[2026-09-17T12:28:52] [INFO] [chunk=2.0s 164/365] rec_default_427312501_audio_1789058683465.mp3
[2026-09-17T12:28:53] [INFO] [chunk=2.0s 165/365] rec_default_427313073_audio_1789058722144.mp3
[2026-09-17T12:29:01] [INFO] [chunk=2.0s 166/365] rec_default_427314573_audio_1789058813038.mp3
[2026-09-17T12:29:08] [INFO] [chunk=2.0s 167/365] rec_audio_call_426641897_audio_1788989870691.mp3
[2026-09-17T12:29:16] [INFO] [chunk=2.0s 168/365] rec_audio_call_426641906_audio_1788989875034.mp3
[2026-09-17T12:29:32] [INFO] [chunk=2.0s 169/365] rec_audio_call_426647851_audio_1788991002681.mp3
[2026-09-17T12:30:45] [INFO] [chunk=2.0s 170/365] rec_audio_call_426655391_audio_1788992749491.mp3
[2026-09-17T12:30:54] [INFO] [chunk=2.0s 171/365] rec_audio_call_426669176_audio_1788996452632.mp3
[2026-09-17T12:30:56] [INFO] [chunk=2.0s 172/365] rec_default_426642159_audio_1788989918579.mp3
[2026-09-17T12:31:06] [INFO] [chunk=2.0s 173/365] rec_audio_call_426646095_audio_1788990649220.mp3
[2026-09-17T12:31:15] [INFO] [chunk=2.0s 174/365] rec_audio_call_426665213_audio_1788995377531.mp3
[2026-09-17T12:31:22] [INFO] [chunk=2.0s 175/365] rec_default_426639345_audio_1788989459421.mp3
[2026-09-17T12:31:30] [INFO] [chunk=2.0s 176/365] rec_default_426645015_audio_1788990433927.mp3
[2026-09-17T12:31:46] [INFO] [chunk=2.0s 177/365] rec_audio_call_426149164_audio_1788951056501.mp3
[2026-09-17T12:31:53] [INFO] [chunk=2.0s 178/365] rec_audio_call_426151853_audio_1788951260489.mp3
[2026-09-17T12:33:04] [INFO] [chunk=2.0s 179/365] rec_audio_call_426180101_audio_1788953436912.mp3
[2026-09-17T12:33:06] [INFO] [chunk=2.0s 180/365] rec_audio_call_426279116_audio_1788962727515.mp3
[2026-09-17T12:33:15] [INFO] [chunk=2.0s 181/365] rec_audio_call_426299827_audio_1788964873398.mp3
[2026-09-17T12:33:30] [INFO] [chunk=2.0s 182/365] rec_audio_call_426313681_audio_1788966303052.mp3
[2026-09-17T12:33:38] [INFO] [chunk=2.0s 183/365] rec_audio_call_426339758_audio_1788968901990.mp3
[2026-09-17T12:33:59] [INFO] [chunk=2.0s 184/365] rec_default_426226216_audio_1788957468242.mp3
[2026-09-17T12:34:01] [INFO] [chunk=2.0s 185/365] rec_default_426252346_audio_1788960080824.mp3
[2026-09-17T12:34:37] [INFO] [chunk=2.0s 186/365] rec_default_426303789_audio_1788965281521.mp3
[2026-09-17T12:35:11] [INFO] [chunk=2.0s 187/365] rec_audio_call_423101838_audio_1788669053059.mp3
[2026-09-17T12:35:14] [INFO] [chunk=2.0s 188/365] rec_audio_call_426127729_audio_1788949472560.mp3
[2026-09-17T12:35:16] [INFO] [chunk=2.0s 189/365] rec_audio_call_426621209_audio_1788987102942.mp3
[2026-09-17T12:35:19] [INFO] [chunk=2.0s 190/365] rec_audio_call_425861520_audio_1788928521393.mp3
[2026-09-17T12:35:23] [INFO] [chunk=2.0s 191/365] rec_audio_call_425877181_audio_1788930106387.mp3
[2026-09-17T12:35:27] [INFO] [chunk=2.0s 192/365] rec_audio_call_426020111_audio_1788941616667.mp3
[2026-09-17T12:35:31] [INFO] [chunk=2.0s 193/365] rec_audio_call_426030765_audio_1788942418731.mp3
[2026-09-17T12:35:38] [INFO] [chunk=2.0s 194/365] rec_audio_call_426035272_audio_1788942782972.mp3
[2026-09-17T12:35:41] [INFO] [chunk=2.0s 195/365] rec_audio_call_426185479_audio_1788953866828.mp3
[2026-09-17T12:35:52] [INFO] [chunk=2.0s 196/365] rec_audio_call_426259277_audio_1788960796344.mp3
[2026-09-17T12:35:55] [INFO] [chunk=2.0s 197/365] rec_audio_call_426355800_audio_1788970288176.mp3
[2026-09-17T12:36:04] [INFO] [chunk=2.0s 198/365] rec_audio_call_426594019_audio_1788984570393.mp3
[2026-09-17T12:36:28] [INFO] [chunk=2.0s 199/365] rec_audio_call_426664156_audio_1788995059123.mp3
[2026-09-17T12:37:12] [INFO] [chunk=2.0s 200/365] rec_default_426582734_audio_1788983647126.mp3
[2026-09-17T12:37:56] [INFO] [chunk=2.0s 201/365] rec_default_426649193_audio_1788991280922.mp3
[2026-09-17T12:37:59] [INFO] [chunk=2.0s 202/365] rec_default_426652242_audio_1788991956749.mp3
[2026-09-17T12:38:11] [INFO] [chunk=2.0s 203/365] rec_default_426363836_audio_1788970922202.mp3
[2026-09-17T12:38:18] [INFO] [chunk=2.0s 204/365] rec_default_426408577_audio_1788973914993.mp3
[2026-09-17T12:39:17] [INFO] [chunk=2.0s 205/365] rec_default_426439325_audio_1788975665682.mp3
[2026-09-17T12:39:20] [INFO] [chunk=2.0s 206/365] rec_default_426534420_audio_1788980458455.mp3
[2026-09-17T12:39:22] [INFO] [chunk=2.0s 207/365] rec_audio_call_424886004_audio_1788837418505.mp3
[2026-09-17T12:39:48] [INFO] [chunk=2.0s 208/365] rec_audio_call_425905210_audio_1788932612192.mp3
[2026-09-17T12:40:37] [INFO] [chunk=2.0s 209/365] rec_audio_call_425905294_audio_1788932619839.mp3
[2026-09-17T12:40:43] [INFO] [chunk=2.0s 210/365] rec_audio_call_425936126_audio_1788935044155.mp3
[2026-09-17T12:41:17] [INFO] [chunk=2.0s 211/365] rec_audio_call_426014372_audio_1788941177871.mp3
[2026-09-17T12:41:46] [INFO] [chunk=2.0s 212/365] rec_default_403690174_audio_1786828494349.mp3
[2026-09-17T12:41:48] [INFO] [chunk=2.0s 213/365] rec_default_425908372_audio_1788932864052.mp3
[2026-09-17T12:42:59] [INFO] [chunk=2.0s 214/365] rec_default_425912424_audio_1788933213081.mp3
[2026-09-17T12:43:11] [INFO] [chunk=2.0s 215/365] rec_default_426578327_audio_1788983295448.mp3
[2026-09-17T12:43:17] [INFO] [chunk=2.0s 216/365] rec_audio_call_426195960_audio_1788954780321.mp3
[2026-09-17T12:43:19] [INFO] [chunk=2.0s 217/365] rec_audio_call_427305933_audio_1789058224440.mp3
[2026-09-17T12:44:22] [INFO] [chunk=2.0s 218/365] rec_audio_call_427305950_audio_1789058224627.mp3
[2026-09-17T12:44:29] [INFO] [chunk=2.0s 219/365] rec_audio_call_427306161_audio_1789058236274.mp3
[2026-09-17T12:44:39] [INFO] [chunk=2.0s 220/365] rec_audio_call_427306380_audio_1789058253191.mp3
[2026-09-17T12:44:41] [INFO] [chunk=2.0s 221/365] rec_audio_call_427306773_audio_1789058284652.mp3
[2026-09-17T12:44:45] [INFO] [chunk=2.0s 222/365] rec_audio_call_427306864_audio_1789058288911.mp3
[2026-09-17T12:44:52] [INFO] [chunk=2.0s 223/365] rec_audio_call_427307036_audio_1789058302393.mp3
[2026-09-17T12:44:53] [INFO] [chunk=2.0s 224/365] rec_audio_call_427307087_audio_1789058314132.mp3
[2026-09-17T12:45:44] [INFO] [chunk=2.0s 225/365] rec_audio_call_427307162_audio_1789058316356.mp3
[2026-09-17T12:46:13] [INFO] [chunk=2.0s 226/365] rec_default_426848544_audio_1789020636084.mp3
[2026-09-17T12:46:29] [INFO] [chunk=2.0s 227/365] rec_default_426857244_audio_1789021306090.mp3
[2026-09-17T12:46:34] [INFO] [chunk=2.0s 228/365] rec_default_427305871_audio_1789058217561.mp3
[2026-09-17T12:46:41] [INFO] [chunk=2.0s 229/365] rec_default_427305885_audio_1789058218067.mp3
[2026-09-17T12:46:53] [INFO] [chunk=2.0s 230/365] rec_default_427305984_audio_1789058228017.mp3
[2026-09-17T12:46:58] [INFO] [chunk=2.0s 231/365] rec_default_427306227_audio_1789058240999.mp3
[2026-09-17T12:47:07] [INFO] [chunk=2.0s 232/365] rec_default_427306761_audio_1789058282525.mp3
[2026-09-17T12:47:15] [INFO] [chunk=2.0s 233/365] rec_default_427306879_audio_1789058296671.mp3
[2026-09-17T12:47:20] [INFO] [chunk=2.0s 234/365] rec_default_427306937_audio_1789058296620.mp3
[2026-09-17T12:47:26] [INFO] [chunk=2.0s 235/365] rec_default_427307000_audio_1789058300924.mp3
[2026-09-17T12:47:27] [INFO] [chunk=2.0s 236/365] rec_default_427307149_audio_1789058314884.mp3
[2026-09-17T12:47:40] [INFO] [chunk=2.0s 237/365] rec_default_427307153_audio_1789058314255.mp3
[2026-09-17T12:47:52] [INFO] [chunk=2.0s 238/365] rec_default_427307170_audio_1789058316339.mp3
[2026-09-17T12:47:54] [INFO] [chunk=2.0s 239/365] rec_default_427307263_audio_1789058328048.mp3
[2026-09-17T12:47:55] [INFO] [chunk=2.0s 240/365] rec_audio_call_426576117_audio_1788983135753.mp3
[2026-09-17T12:47:57] [INFO] [chunk=2.0s 241/365] rec_default_426583408_audio_1788983706194.mp3
[2026-09-17T12:50:10] [INFO] [chunk=2.0s 242/365] rec_default_426603278_audio_1788985350942.mp3
[2026-09-17T12:50:37] [INFO] [chunk=2.0s 243/365] rec_default_426609609_audio_1788985926405.mp3
[2026-09-17T12:51:12] [INFO] [chunk=2.0s 244/365] rec_default_426649926_audio_1788991429022.mp3
[2026-09-17T12:51:15] [INFO] [chunk=2.0s 245/365] rec_audio_call_426659403_audio_1788993755666.mp3
[2026-09-17T12:51:18] [INFO] [chunk=2.0s 246/365] rec_default_426594432_audio_1788984607250.mp3
[2026-09-17T12:51:26] [INFO] [chunk=2.0s 247/365] rec_default_426631751_audio_1788988322014.mp3
[2026-09-17T12:51:40] [INFO] [chunk=2.0s 248/365] rec_audio_call_424435289_audio_1788789932957.mp3
[2026-09-17T12:56:44] [INFO] [chunk=2.0s 249/365] rec_audio_call_425117061_audio_1788856492050.mp3
[2026-09-17T12:56:56] [INFO] [chunk=2.0s 250/365] rec_default_424610958_audio_1788803526314.mp3
[2026-09-17T12:57:18] [INFO] [chunk=2.0s 251/365] rec_default_426636576_audio_1788989005279.mp3
[2026-09-17T12:58:34] [INFO] [chunk=2.0s 252/365] rec_default_424154820_audio_1788768178955.mp3
[2026-09-17T12:58:36] [INFO] [chunk=2.0s 253/365] rec_audio_call_424355050_audio_1788782425826.mp3
[2026-09-17T12:59:06] [INFO] [chunk=2.0s 254/365] rec_audio_call_425887818_audio_1788931097237.mp3
[2026-09-17T12:59:10] [INFO] [chunk=2.0s 255/365] rec_audio_call_425981754_audio_1788938608293.mp3
[2026-09-17T12:59:22] [INFO] [chunk=2.0s 256/365] rec_audio_call_426306233_audio_1788965543370.mp3
[2026-09-17T12:59:29] [INFO] [chunk=2.0s 257/365] rec_default_422311857_audio_1788593947270.mp3
[2026-09-17T13:00:03] [INFO] [chunk=2.0s 258/365] rec_default_423336284_audio_1788688591351.mp3
[2026-09-17T13:00:11] [INFO] [chunk=2.0s 259/365] rec_default_424687669_audio_1788807599801.mp3
[2026-09-17T13:00:27] [INFO] [chunk=2.0s 260/365] rec_default_425476935_audio_1788886067609.mp3
[2026-09-17T13:00:31] [INFO] [chunk=2.0s 261/365] rec_default_426377718_audio_1788971973414.mp3
[2026-09-17T13:00:41] [INFO] [chunk=2.0s 262/365] rec_audio_call_426540516_audio_1788980804355.mp3
[2026-09-17T13:00:44] [INFO] [chunk=2.0s 263/365] rec_audio_call_426628134_audio_1788987862205.mp3
[2026-09-17T13:01:49] [INFO] [chunk=2.0s 264/365] rec_default_426432272_audio_1788975283995.mp3
[2026-09-17T13:01:58] [INFO] [chunk=2.0s 265/365] rec_default_426636424_audio_1788988982930.mp3
[2026-09-17T13:02:19] [INFO] [chunk=2.0s 266/365] rec_default_426648998_audio_1788991242054.mp3
[2026-09-17T13:02:34] [INFO] [chunk=2.0s 267/365] rec_default_425942168_audio_1788935504071.mp3
[2026-09-17T13:03:47] [INFO] [chunk=2.0s 268/365] rec_default_426538743_audio_1788980705149.mp3
[2026-09-17T13:07:43] [INFO] [chunk=2.0s 269/365] rec_default_426548691_audio_1788981313336.mp3
[2026-09-17T13:07:46] [INFO] [chunk=2.0s 270/365] rec_audio_call_403536354_audio_1786818099540.mp3
[2026-09-17T13:07:48] [INFO] [chunk=2.0s 271/365] rec_audio_call_403544174_audio_1786818489013.mp3
[2026-09-17T13:08:08] [INFO] [chunk=2.0s 272/365] rec_audio_call_403785250_audio_1786846993871.mp3
[2026-09-17T13:08:10] [INFO] [chunk=2.0s 273/365] rec_audio_call_421629115_audio_1788525839912.mp3
[2026-09-17T13:09:45] [INFO] [chunk=2.0s 274/365] rec_audio_call_424397178_audio_1788786285103.mp3
[2026-09-17T13:09:49] [INFO] [chunk=2.0s 275/365] rec_audio_call_425591249_audio_1788892319841.mp3
[2026-09-17T13:10:05] [INFO] [chunk=2.0s 276/365] rec_default_403927389_audio_1786861712369.mp3
[2026-09-17T13:12:41] [INFO] Loading bodhan-ai/indic-transcribe-core...
[2026-09-17T13:13:07] [INFO] Model loaded.
[2026-09-17T13:13:07] [INFO] chunk_seconds=2.0: skipping 291 already-done file(s)
[2026-09-17T13:13:07] [INFO] [chunk=2.0s 1/90] rec_default_403927389_audio_1786861712369.mp3
[2026-09-17T13:13:07] [INFO] [chunk=2.0s 2/90] rec_default_420511327_audio_1788424417781.mp3
[2026-09-17T13:13:07] [INFO] [chunk=2.0s 3/90] rec_default_423324272_audio_1788687697269.mp3
[2026-09-17T13:13:07] [INFO] [chunk=2.0s 4/90] rec_audio_call_426100503_audio_1788947524083.mp3
[2026-09-17T13:13:20] [INFO] [chunk=2.0s 5/90] rec_audio_call_426855757_audio_1789021187400.mp3
[2026-09-17T13:14:23] [INFO] [chunk=2.0s 6/90] rec_audio_call_426855856_audio_1789021196066.mp3
[2026-09-17T13:15:27] [INFO] [chunk=2.0s 7/90] rec_audio_call_426856109_audio_1789021226515.mp3
[2026-09-17T13:15:34] [INFO] [chunk=2.0s 8/90] rec_audio_call_426857289_audio_1789021309748.mp3
[2026-09-17T13:15:39] [INFO] [chunk=2.0s 9/90] rec_audio_call_426857427_audio_1789021321811.mp3
[2026-09-17T13:15:48] [INFO] [chunk=2.0s 10/90] rec_audio_call_426864047_audio_1789021815416.mp3
[2026-09-17T13:18:48] [INFO] [chunk=2.0s 11/90] rec_audio_call_426864085_audio_1789021818783.mp3
[2026-09-17T13:19:32] [INFO] [chunk=2.0s 12/90] rec_audio_call_426864490_audio_1789021845136.mp3
[2026-09-17T13:20:14] [INFO] [chunk=2.0s 13/90] rec_audio_call_426864592_audio_1789021851330.mp3
[2026-09-17T13:21:33] [INFO] [chunk=2.0s 14/90] rec_audio_call_426864613_audio_1789021855826.mp3
[2026-09-17T13:22:07] [INFO] [chunk=2.0s 15/90] rec_audio_call_426864718_audio_1789021861946.mp3
[2026-09-17T13:22:33] [INFO] [chunk=2.0s 16/90] rec_audio_call_426864879_audio_1789021871603.mp3
[2026-09-17T13:22:48] [INFO] [chunk=2.0s 17/90] rec_audio_call_426865756_audio_1789021933370.mp3
[2026-09-17T13:23:03] [INFO] [chunk=2.0s 18/90] rec_audio_call_426866100_audio_1789021962100.mp3
[2026-09-17T13:23:26] [INFO] [chunk=2.0s 19/90] rec_audio_call_426871106_audio_1789022339887.mp3
[2026-09-17T13:23:40] [INFO] [chunk=2.0s 20/90] rec_audio_call_426881695_audio_1789023110536.mp3
[2026-09-17T13:23:47] [INFO] [chunk=2.0s 21/90] rec_audio_call_426882947_audio_1789023209263.mp3
[2026-09-17T13:23:54] [INFO] [chunk=2.0s 22/90] rec_default_426101552_audio_1788947595142.mp3
[2026-09-17T13:24:08] [INFO] [chunk=2.0s 23/90] rec_default_426855984_audio_1789021209994.mp3
[2026-09-17T13:25:13] [INFO] [chunk=2.0s 24/90] rec_default_426863933_audio_1789021808134.mp3
[2026-09-17T13:25:23] [INFO] [chunk=2.0s 25/90] rec_default_426864020_audio_1789021816720.mp3
[2026-09-17T13:25:51] [INFO] [chunk=2.0s 26/90] rec_default_426864282_audio_1789021827994.mp3
[2026-09-17T13:26:14] [INFO] [chunk=2.0s 27/90] rec_default_426864654_audio_1789021854639.mp3
[2026-09-17T13:26:26] [INFO] [chunk=2.0s 28/90] rec_default_426864666_audio_1789021861790.mp3
[2026-09-17T13:26:46] [INFO] [chunk=2.0s 29/90] rec_default_426865205_audio_1789021894193.mp3
[2026-09-17T13:26:58] [INFO] [chunk=2.0s 30/90] rec_default_426865726_audio_1789021930759.mp3
[2026-09-17T13:27:08] [INFO] [chunk=2.0s 31/90] rec_default_426865848_audio_1789021942575.mp3
[2026-09-17T13:27:14] [INFO] [chunk=2.0s 32/90] rec_default_426883317_audio_1789023235707.mp3
[2026-09-17T13:27:21] [INFO] [chunk=2.0s 33/90] rec_audio_call_426655931_audio_1788992894349.mp3
[2026-09-17T13:27:34] [INFO] [chunk=2.0s 34/90] rec_audio_call_426656676_audio_1788993082694.mp3
[2026-09-17T13:28:07] [INFO] [chunk=2.0s 35/90] rec_default_426656120_audio_1788992939200.mp3
[2026-09-17T13:28:10] [INFO] [chunk=2.0s 36/90] rec_default_426667318_audio_1788995960432.mp3
[2026-09-17T13:28:45] [INFO] [chunk=2.0s 37/90] rec_default_426669005_audio_1788996409641.mp3
[2026-09-17T13:29:01] [INFO] [chunk=2.0s 38/90] rec_audio_call_426652927_audio_1788992127130.mp3
[2026-09-17T13:29:14] [INFO] [chunk=2.0s 39/90] rec_audio_call_426658746_audio_1788993588302.mp3
[2026-09-17T13:29:27] [INFO] [chunk=2.0s 40/90] rec_audio_call_426664916_audio_1788995286548.mp3
[2026-09-17T13:30:10] [INFO] [chunk=2.0s 41/90] rec_default_426657127_audio_1788993186310.mp3
[2026-09-17T13:30:37] [INFO] [chunk=2.0s 42/90] rec_audio_call_422128803_audio_1788577048478.mp3
[2026-09-17T13:30:42] [INFO] [chunk=2.0s 43/90] rec_audio_call_425915592_audio_1788933460694.mp3
[2026-09-17T13:31:38] [INFO] [chunk=2.0s 44/90] rec_audio_call_426303042_audio_1788965197636.mp3
[2026-09-17T13:32:53] [INFO] [chunk=2.0s 45/90] rec_audio_call_426322019_audio_1788967195267.mp3
[2026-09-17T13:33:06] [INFO] [chunk=2.0s 46/90] rec_default_423505352_audio_1788703352920.mp3
[2026-09-17T13:33:22] [INFO] [chunk=2.0s 47/90] rec_default_423562532_audio_1788709014492.mp3
[2026-09-17T13:33:27] [INFO] [chunk=2.0s 48/90] rec_default_425939252_audio_1788935280682.mp3
[2026-09-17T13:34:06] [INFO] [chunk=2.0s 49/90] rec_default_425971422_audio_1788937802743.mp3
[2026-09-17T13:34:08] [INFO] [chunk=2.0s 50/90] rec_default_426438311_audio_1788975608857.mp3
[2026-09-17T13:35:32] [INFO] [chunk=2.0s 51/90] rec_audio_call_425205242_audio_1788862499869.mp3
[2026-09-17T13:36:28] [INFO] [chunk=2.0s 52/90] rec_audio_call_426339629_audio_1788968889098.mp3
