[2026-09-17T11:26:54] [INFO] Loading google/gemma-4-E4B-it (text-only, non-thinking)...
/usr/local/lib/python3.12/dist-packages/huggingface_hub/file_download.py:762: UserWarning: Not enough free disk space to download the file. The expected file size is: 15992.60 MB. The target location /workspace/.cache/huggingface/hub/models--google--gemma-4-E4B-it/blobs only has 9754.62 MB free disk space.
  warnings.warn(
Traceback (most recent call last):
  File "/usr/local/lib/python3.12/dist-packages/transformers/modeling_utils.py", line 677, in _get_resolved_checkpoint_files
    resolved_archive_file = cached_file(pretrained_model_name_or_path, filename, **cached_file_kwargs)
                            ^^^^^^^^^^^^^^^^^^^^^^^^^^^^^^^^^^^^^^^^^^^^^^^^^^^^^^^^^^^^^^^^^^^^^^^^^^
  File "/usr/local/lib/python3.12/dist-packages/transformers/utils/hub.py", line 294, in cached_file
    file = cached_files(path_or_repo_id=path_or_repo_id, filenames=[filename], **kwargs)
           ^^^^^^^^^^^^^^^^^^^^^^^^^^^^^^^^^^^^^^^^^^^^^^^^^^^^^^^^^^^^^^^^^^^^^^^^^^^^^
  File "/usr/local/lib/python3.12/dist-packages/transformers/utils/hub.py", line 535, in cached_files
    raise e
  File "/usr/local/lib/python3.12/dist-packages/transformers/utils/hub.py", line 438, in cached_files
    hf_hub_download(
  File "/usr/local/lib/python3.12/dist-packages/huggingface_hub/utils/_validators.py", line 88, in _inner_fn
    return fn(*args, **kwargs)
           ^^^^^^^^^^^^^^^^^^^
  File "/usr/local/lib/python3.12/dist-packages/huggingface_hub/file_download.py", line 1035, in hf_hub_download
    return _hf_hub_download_to_cache_dir(
           ^^^^^^^^^^^^^^^^^^^^^^^^^^^^^^
  File "/usr/local/lib/python3.12/dist-packages/huggingface_hub/file_download.py", line 1257, in _hf_hub_download_to_cache_dir
    _download_to_tmp_and_move(
  File "/usr/local/lib/python3.12/dist-packages/huggingface_hub/file_download.py", line 1980, in _download_to_tmp_and_move
    xet_get(
  File "/usr/local/lib/python3.12/dist-packages/huggingface_hub/file_download.py", line 578, in xet_get
    with session.new_file_download_group(
RuntimeError: Task error: File reconstruction error: IO Error: No space left on device (os error 28)

The above exception was the direct cause of the following exception:

Traceback (most recent call last):
  File "/workspace/os_moderation/gemma_local_text.py", line 198, in <module>
    main()
  File "/workspace/os_moderation/gemma_local_text.py", line 157, in main
    model, processor = load_model(args.model)
                       ^^^^^^^^^^^^^^^^^^^^^^
  File "/workspace/os_moderation/gemma_local.py", line 80, in load_model
    model = AutoModelForMultimodalLM.from_pretrained(model_id, dtype="auto", device_map=device_map)
            ^^^^^^^^^^^^^^^^^^^^^^^^^^^^^^^^^^^^^^^^^^^^^^^^^^^^^^^^^^^^^^^^^^^^^^^^^^^^^^^^^^^^^^^
  File "/usr/local/lib/python3.12/dist-packages/transformers/models/auto/auto_factory.py", line 402, in from_pretrained
    return model_class.from_pretrained(
           ^^^^^^^^^^^^^^^^^^^^^^^^^^^^
  File "/usr/local/lib/python3.12/dist-packages/transformers/modeling_utils.py", line 4218, in from_pretrained
    checkpoint_files, sharded_metadata = _get_resolved_checkpoint_files(
                                         ^^^^^^^^^^^^^^^^^^^^^^^^^^^^^^^
  File "/usr/local/lib/python3.12/dist-packages/transformers/modeling_utils.py", line 757, in _get_resolved_checkpoint_files
    raise OSError(
OSError: Can't load the model for 'google/gemma-4-E4B-it'. If you were trying to load it from 'https://huggingface.co/models', make sure you don't have a local directory with the same name. Otherwise, make sure 'google/gemma-4-E4B-it' is the correct path to a directory containing a file named pytorch_model.bin.
