/Users/hemapunyamoorty/Desktop/os_moderation/.venv/lib/python3.9/site-packages/google/auth/__init__.py:54: FutureWarning: You are using a Python version 3.9 past its end of life. Google will update google-auth with critical bug fixes on a best-effort basis, but not with any other fixes or features. Please upgrade your Python version, and then update google-auth.
  warnings.warn(eol_message.format("3.9"), FutureWarning)
/Users/hemapunyamoorty/Desktop/os_moderation/.venv/lib/python3.9/site-packages/urllib3/__init__.py:35: NotOpenSSLWarning: urllib3 v2 only supports OpenSSL 1.1.1+, currently the 'ssl' module is compiled with 'LibreSSL 2.8.3'. See: https://github.com/urllib3/urllib3/issues/3020
  warnings.warn(
/Users/hemapunyamoorty/Desktop/os_moderation/.venv/lib/python3.9/site-packages/google/oauth2/__init__.py:40: FutureWarning: You are using a Python version 3.9 past its end of life. Google will update google-auth with critical bug fixes on a best-effort basis, but not with any other fixes or features. Please upgrade your Python version, and then update google-auth.
  warnings.warn(eol_message.format("3.9"), FutureWarning)
[2026-10-08T02:16:46] [INFO] [model_confidence/e2b_nothinking] 50 cached file(s) scored
[2026-10-08T02:16:46] [INFO] [model_confidence/e2b_thinking] 50 cached file(s) scored
[2026-10-08T02:16:46] [INFO] [model_confidence/e4b_nothinking] 50 cached file(s) scored
[2026-10-08T02:16:46] [INFO] [model_confidence/e4b_thinking] 29 cached file(s) scored
[2026-10-08T02:16:46] [INFO] [logprob_derived_confidence/e2b_nothinking] 50 cached file(s) scored
[2026-10-08T02:16:46] [INFO] [logprob_derived_confidence/e2b_thinking] 50 cached file(s) scored
[2026-10-08T02:16:46] [INFO] [logprob_derived_confidence/e4b_nothinking] 50 cached file(s) scored
[2026-10-08T02:16:46] [INFO] [logprob_derived_confidence/e4b_thinking] 29 cached file(s) scored
[2026-10-08T02:16:46] [INFO] [neg_entropy/e2b_nothinking] 50 cached file(s) scored
[2026-10-08T02:16:46] [INFO] [neg_entropy/e2b_thinking] 50 cached file(s) scored
[2026-10-08T02:16:46] [INFO] [neg_entropy/e4b_nothinking] 50 cached file(s) scored
[2026-10-08T02:16:46] [INFO] [neg_entropy/e4b_thinking] 29 cached file(s) scored
threshold_metrics_by_category.csv written to /Users/hemapunyamoorty/Desktop/os_moderation/analysis_results_dev_promptv4/ for 4 model(s), 3 signal(s) — no other file in that directory was touched.
[2026-10-08T02:16:46] [WARN] threshold_metrics_table 'none'/ALL row disagrees with confusion_file_level/confusion_flag_level: file-level fp: threshold-table=24 vs confusion=25; file-level tn: threshold-table=1 vs confusion=0; flag_tp: threshold-table=54 vs confusion=55; flag_fp: threshold-table=577 vs confusion=1359; flag_fn: threshold-table=19 vs confusion=18
[2026-10-08T02:16:46] [WARN] threshold_metrics_table 'none'/ALL row disagrees with confusion_file_level/confusion_flag_level: file-level fp: threshold-table=4 vs confusion=5; file-level tn: threshold-table=1 vs confusion=0; flag_fp: threshold-table=126 vs confusion=246
[2026-10-08T02:16:46] [WARN] threshold_metrics_table 'none'/ALL row disagrees with confusion_file_level/confusion_flag_level: flag_fp: threshold-table=140 vs confusion=374
[2026-10-08T02:16:46] [WARN] threshold_metrics_table 'none'/ALL row disagrees with confusion_file_level/confusion_flag_level: flag_tp: threshold-table=14 vs confusion=15; flag_fp: threshold-table=89 vs confusion=249; flag_fn: threshold-table=3 vs confusion=2
[2026-10-08T02:16:46] [WARN] threshold_metrics_table 'none'/ALL row disagrees with confusion_file_level/confusion_flag_level: flag_fp: threshold-table=127 vs confusion=250
[2026-10-08T02:16:46] [WARN] threshold_metrics_table 'none'/ALL row disagrees with confusion_file_level/confusion_flag_level: flag_fp: threshold-table=95 vs confusion=240
[2026-10-08T02:16:46] [WARN] threshold_metrics_table 'none'/ALL row disagrees with confusion_file_level/confusion_flag_level: file-level fp: threshold-table=19 vs confusion=20; file-level tn: threshold-table=6 vs confusion=5; flag_fp: threshold-table=101 vs confusion=120
[2026-10-08T02:16:46] [WARN] threshold_metrics_table 'none'/ALL row disagrees with confusion_file_level/confusion_flag_level: flag_fp: threshold-table=21 vs confusion=27
[2026-10-08T02:16:46] [WARN] threshold_metrics_table 'none'/ALL row disagrees with confusion_file_level/confusion_flag_level: flag_fp: threshold-table=25 vs confusion=35
[2026-10-08T02:16:46] [WARN] threshold_metrics_table 'none'/ALL row disagrees with confusion_file_level/confusion_flag_level: flag_fp: threshold-table=13 vs confusion=14
[2026-10-08T02:16:46] [WARN] threshold_metrics_table 'none'/ALL row disagrees with confusion_file_level/confusion_flag_level: flag_fp: threshold-table=24 vs confusion=25
[2026-10-08T02:16:46] [WARN] threshold_metrics_table 'none'/ALL row disagrees with confusion_file_level/confusion_flag_level: file-level fp: threshold-table=3 vs confusion=4; file-level tn: threshold-table=2 vs confusion=1; flag_fp: threshold-table=18 vs confusion=19
threshold_metrics_by_category_pp.csv written to /Users/hemapunyamoorty/Desktop/os_moderation/analysis_results_dev_promptv4/ for 4 model(s) (post_processing=pp_v1).
