/Users/hemapunyamoorty/Desktop/os_moderation/.venv/lib/python3.9/site-packages/google/auth/__init__.py:54: FutureWarning: You are using a Python version 3.9 past its end of life. Google will update google-auth with critical bug fixes on a best-effort basis, but not with any other fixes or features. Please upgrade your Python version, and then update google-auth.
  warnings.warn(eol_message.format("3.9"), FutureWarning)
/Users/hemapunyamoorty/Desktop/os_moderation/.venv/lib/python3.9/site-packages/urllib3/__init__.py:35: NotOpenSSLWarning: urllib3 v2 only supports OpenSSL 1.1.1+, currently the 'ssl' module is compiled with 'LibreSSL 2.8.3'. See: https://github.com/urllib3/urllib3/issues/3020
  warnings.warn(
/Users/hemapunyamoorty/Desktop/os_moderation/.venv/lib/python3.9/site-packages/google/oauth2/__init__.py:40: FutureWarning: You are using a Python version 3.9 past its end of life. Google will update google-auth with critical bug fixes on a best-effort basis, but not with any other fixes or features. Please upgrade your Python version, and then update google-auth.
  warnings.warn(eol_message.format("3.9"), FutureWarning)
[2026-10-08T02:16:47] [INFO] [model_confidence/e2b_nothinking] 50 cached file(s) scored
[2026-10-08T02:16:47] [INFO] [model_confidence/e4b_nothinking] 50 cached file(s) scored
[2026-10-08T02:16:47] [INFO] [logprob_derived_confidence/e2b_nothinking] 50 cached file(s) scored
[2026-10-08T02:16:47] [INFO] [logprob_derived_confidence/e4b_nothinking] 50 cached file(s) scored
[2026-10-08T02:16:47] [INFO] [neg_entropy/e2b_nothinking] 50 cached file(s) scored
[2026-10-08T02:16:47] [INFO] [neg_entropy/e4b_nothinking] 50 cached file(s) scored
threshold_metrics_by_category.csv written to /Users/hemapunyamoorty/Desktop/os_moderation/analysis_results_dev_promptv6/ for 2 model(s), 3 signal(s) — no other file in that directory was touched.
[2026-10-08T02:16:47] [WARN] threshold_metrics_table 'none'/ALL row disagrees with confusion_file_level/confusion_flag_level: file-level fp: threshold-table=22 vs confusion=24; file-level tn: threshold-table=3 vs confusion=1; flag_fp: threshold-table=737 vs confusion=979
[2026-10-08T02:16:47] [WARN] threshold_metrics_table 'none'/ALL row disagrees with confusion_file_level/confusion_flag_level: file-level fp: threshold-table=4 vs confusion=5; file-level tn: threshold-table=1 vs confusion=0; flag_fp: threshold-table=127 vs confusion=178
[2026-10-08T02:16:47] [WARN] threshold_metrics_table 'none'/ALL row disagrees with confusion_file_level/confusion_flag_level: flag_fp: threshold-table=249 vs confusion=305
[2026-10-08T02:16:47] [WARN] threshold_metrics_table 'none'/ALL row disagrees with confusion_file_level/confusion_flag_level: file-level fp: threshold-table=4 vs confusion=5; file-level tn: threshold-table=1 vs confusion=0; flag_fp: threshold-table=104 vs confusion=154
[2026-10-08T02:16:47] [WARN] threshold_metrics_table 'none'/ALL row disagrees with confusion_file_level/confusion_flag_level: flag_fp: threshold-table=137 vs confusion=186
[2026-10-08T02:16:47] [WARN] threshold_metrics_table 'none'/ALL row disagrees with confusion_file_level/confusion_flag_level: flag_fp: threshold-table=120 vs confusion=156
threshold_metrics_by_category_pp.csv written to /Users/hemapunyamoorty/Desktop/os_moderation/analysis_results_dev_promptv6/ for 2 model(s) (post_processing=pp_v1).
